<?xml version="1.0"?>
<link_info>
   <banner>TMS320C2000 Linker PC v15.12.7.LTS</banner>
   <copyright>Copyright (c) 1996-2017 Texas Instruments Incorporated</copyright>
   <link_time>0x5dfd095e</link_time>
   <link_errors>0x0</link_errors>
   <output_file>loadcell.out</output_file>
   <entry_point>
      <name>_c_int00</name>
      <address>0x3f2444</address>
   </entry_point>
   <input_file_list>
      <input_file id="fl-4">
         <path>.\ASM\</path>
         <kind>object</kind>
         <file>SetDBGIER.obj</file>
         <name>SetDBGIER.obj</name>
      </input_file>
      <input_file id="fl-5">
         <path>.\ASM\</path>
         <kind>object</kind>
         <file>delay_us.obj</file>
         <name>delay_us.obj</name>
      </input_file>
      <input_file id="fl-6">
         <path>.\ASM\</path>
         <kind>object</kind>
         <file>passwords.obj</file>
         <name>passwords.obj</name>
      </input_file>
      <input_file id="fl-7">
         <path>.\ASM\</path>
         <kind>object</kind>
         <file>reboot.obj</file>
         <name>reboot.obj</name>
      </input_file>
      <input_file id="fl-8">
         <path>.\DSP281x_common\source\</path>
         <kind>object</kind>
         <file>DSP281x_CodeStartBranch.obj</file>
         <name>DSP281x_CodeStartBranch.obj</name>
      </input_file>
      <input_file id="fl-9">
         <path>.\DSP281x_common\source\</path>
         <kind>object</kind>
         <file>DSP281x_DefaultIsr.obj</file>
         <name>DSP281x_DefaultIsr.obj</name>
      </input_file>
      <input_file id="fl-a">
         <path>.\DSP281x_common\source\</path>
         <kind>object</kind>
         <file>DSP281x_PieCtrl.obj</file>
         <name>DSP281x_PieCtrl.obj</name>
      </input_file>
      <input_file id="fl-b">
         <path>.\DSP281x_common\source\</path>
         <kind>object</kind>
         <file>DSP281x_PieVect.obj</file>
         <name>DSP281x_PieVect.obj</name>
      </input_file>
      <input_file id="fl-c">
         <path>.\DSP281x_headers\source\</path>
         <kind>object</kind>
         <file>DSP281x_GlobalVariableDefs.obj</file>
         <name>DSP281x_GlobalVariableDefs.obj</name>
      </input_file>
      <input_file id="fl-d">
         <path>.\Source\</path>
         <kind>object</kind>
         <file>CAN_PCKA.obj</file>
         <name>CAN_PCKA.obj</name>
      </input_file>
      <input_file id="fl-e">
         <path>.\Source\</path>
         <kind>object</kind>
         <file>DSP281x_ECan.obj</file>
         <name>DSP281x_ECan.obj</name>
      </input_file>
      <input_file id="fl-f">
         <path>.\Source\</path>
         <kind>object</kind>
         <file>SPICAN.obj</file>
         <name>SPICAN.obj</name>
      </input_file>
      <input_file id="fl-10">
         <path>.\Source\</path>
         <kind>object</kind>
         <file>System_Object.obj</file>
         <name>System_Object.obj</name>
      </input_file>
      <input_file id="fl-11">
         <path>.\Source\</path>
         <kind>object</kind>
         <file>ad7738.obj</file>
         <name>ad7738.obj</name>
      </input_file>
      <input_file id="fl-12">
         <path>.\Source\</path>
         <kind>object</kind>
         <file>data.obj</file>
         <name>data.obj</name>
      </input_file>
      <input_file id="fl-13">
         <path>.\Source\</path>
         <kind>object</kind>
         <file>diskio.obj</file>
         <name>diskio.obj</name>
      </input_file>
      <input_file id="fl-14">
         <path>.\Source\</path>
         <kind>object</kind>
         <file>ds1wire.obj</file>
         <name>ds1wire.obj</name>
      </input_file>
      <input_file id="fl-15">
         <path>.\Source\</path>
         <kind>object</kind>
         <file>extio.obj</file>
         <name>extio.obj</name>
      </input_file>
      <input_file id="fl-16">
         <path>.\Source\</path>
         <kind>object</kind>
         <file>ff.obj</file>
         <name>ff.obj</name>
      </input_file>
      <input_file id="fl-17">
         <path>.\Source\</path>
         <kind>object</kind>
         <file>flash.obj</file>
         <name>flash.obj</name>
      </input_file>
      <input_file id="fl-18">
         <path>.\Source\</path>
         <kind>object</kind>
         <file>gpio.obj</file>
         <name>gpio.obj</name>
      </input_file>
      <input_file id="fl-19">
         <path>.\Source\</path>
         <kind>object</kind>
         <file>lcd.obj</file>
         <name>lcd.obj</name>
      </input_file>
      <input_file id="fl-1a">
         <path>.\Source\</path>
         <kind>object</kind>
         <file>led.obj</file>
         <name>led.obj</name>
      </input_file>
      <input_file id="fl-1b">
         <path>.\Source\</path>
         <kind>object</kind>
         <file>mcbsp.obj</file>
         <name>mcbsp.obj</name>
      </input_file>
      <input_file id="fl-1c">
         <path>.\Source\</path>
         <kind>object</kind>
         <file>motor.obj</file>
         <name>motor.obj</name>
      </input_file>
      <input_file id="fl-1d">
         <path>.\Source\</path>
         <kind>object</kind>
         <file>prod.obj</file>
         <name>prod.obj</name>
      </input_file>
      <input_file id="fl-1e">
         <path>.\Source\</path>
         <kind>object</kind>
         <file>qep.obj</file>
         <name>qep.obj</name>
      </input_file>
      <input_file id="fl-1f">
         <path>.\Source\</path>
         <kind>object</kind>
         <file>sci.obj</file>
         <name>sci.obj</name>
      </input_file>
      <input_file id="fl-20">
         <path>.\Source\</path>
         <kind>object</kind>
         <file>spi.obj</file>
         <name>spi.obj</name>
      </input_file>
      <input_file id="fl-21">
         <path>.\Source\</path>
         <kind>object</kind>
         <file>system.obj</file>
         <name>system.obj</name>
      </input_file>
      <input_file id="fl-27">
         <kind>object</kind>
         <file>&lt;internal&gt;</file>
         <name>&lt;internal&gt;</name>
      </input_file>
      <input_file id="fl-28">
         <path>C:\Users\ebenton\Documents\CERDEC TS\Firmware\CANbus\Flash2812_API_V210\lib\</path>
         <kind>archive</kind>
         <file>Flash2812_API_V210.lib</file>
         <name>Flash28_Erase.obj</name>
      </input_file>
      <input_file id="fl-29">
         <path>C:\Users\ebenton\Documents\CERDEC TS\Firmware\CANbus\Flash2812_API_V210\lib\</path>
         <kind>archive</kind>
         <file>Flash2812_API_V210.lib</file>
         <name>Flash28_EraseSector.obj</name>
      </input_file>
      <input_file id="fl-2a">
         <path>C:\Users\ebenton\Documents\CERDEC TS\Firmware\CANbus\Flash2812_API_V210\lib\</path>
         <kind>archive</kind>
         <file>Flash2812_API_V210.lib</file>
         <name>Flash28_Globals.obj</name>
      </input_file>
      <input_file id="fl-2b">
         <path>C:\Users\ebenton\Documents\CERDEC TS\Firmware\CANbus\Flash2812_API_V210\lib\</path>
         <kind>archive</kind>
         <file>Flash2812_API_V210.lib</file>
         <name>Flash28_Init.obj</name>
      </input_file>
      <input_file id="fl-2c">
         <path>C:\Users\ebenton\Documents\CERDEC TS\Firmware\CANbus\Flash2812_API_V210\lib\</path>
         <kind>archive</kind>
         <file>Flash2812_API_V210.lib</file>
         <name>Flash28_Internals.obj</name>
      </input_file>
      <input_file id="fl-2d">
         <path>C:\Users\ebenton\Documents\CERDEC TS\Firmware\CANbus\Flash2812_API_V210\lib\</path>
         <kind>archive</kind>
         <file>Flash2812_API_V210.lib</file>
         <name>Flash28_Prog.obj</name>
      </input_file>
      <input_file id="fl-2e">
         <path>C:\Users\ebenton\Documents\CERDEC TS\Firmware\CANbus\Flash2812_API_V210\lib\</path>
         <kind>archive</kind>
         <file>Flash2812_API_V210.lib</file>
         <name>Flash28_Prog_Pulse.obj</name>
      </input_file>
      <input_file id="fl-2f">
         <path>C:\Users\ebenton\Documents\CERDEC TS\Firmware\CANbus\Flash2812_API_V210\lib\</path>
         <kind>archive</kind>
         <file>Flash2812_API_V210.lib</file>
         <name>Flash28_Verify.obj</name>
      </input_file>
      <input_file id="fl-30">
         <path>C:\Users\ebenton\Documents\CERDEC TS\Firmware\CANbus\Flash2812_API_V210\lib\</path>
         <kind>archive</kind>
         <file>Flash2812_API_V210.lib</file>
         <name>Flash28_ClearSector.obj</name>
      </input_file>
      <input_file id="fl-31">
         <path>C:\Users\ebenton\Documents\CERDEC TS\Firmware\CANbus\Flash2812_API_V210\lib\</path>
         <kind>archive</kind>
         <file>Flash2812_API_V210.lib</file>
         <name>Flash28_CompactSector.obj</name>
      </input_file>
      <input_file id="fl-32">
         <path>C:\Users\ebenton\Documents\CERDEC TS\Firmware\CANbus\Flash2812_API_V210\lib\</path>
         <kind>archive</kind>
         <file>Flash2812_API_V210.lib</file>
         <name>Flash28_Delay.obj</name>
      </input_file>
      <input_file id="fl-33">
         <path>C:\Users\ebenton\Documents\CERDEC TS\Firmware\CANbus\Flash2812_API_V210\lib\</path>
         <kind>archive</kind>
         <file>Flash2812_API_V210.lib</file>
         <name>Flash28_DisInt.obj</name>
      </input_file>
      <input_file id="fl-34">
         <path>C:\Users\ebenton\Documents\CERDEC TS\Firmware\CANbus\Flash2812_API_V210\lib\</path>
         <kind>archive</kind>
         <file>Flash2812_API_V210.lib</file>
         <name>Flash28_Erase_Pulse.obj</name>
      </input_file>
      <input_file id="fl-35">
         <path>C:\Users\ebenton\Documents\CERDEC TS\Firmware\CANbus\Flash2812_API_V210\lib\</path>
         <kind>archive</kind>
         <file>Flash2812_API_V210.lib</file>
         <name>Flash28_ClearLoop.obj</name>
      </input_file>
      <input_file id="fl-36">
         <path>C:\Users\ebenton\Documents\CERDEC TS\Firmware\CANbus\Flash2812_API_V210\lib\</path>
         <kind>archive</kind>
         <file>Flash2812_API_V210.lib</file>
         <name>Flash28_Compact_Pulse.obj</name>
      </input_file>
      <input_file id="fl-37">
         <path>C:\ti\ccsv6\tools\compiler\ti-cgt-c2000_15.12.7.LTS\lib\</path>
         <kind>archive</kind>
         <file>rts2800_ml.lib</file>
         <name>atoi.obj</name>
      </input_file>
      <input_file id="fl-38">
         <path>C:\ti\ccsv6\tools\compiler\ti-cgt-c2000_15.12.7.LTS\lib\</path>
         <kind>archive</kind>
         <file>rts2800_ml.lib</file>
         <name>atol.obj</name>
      </input_file>
      <input_file id="fl-39">
         <path>C:\ti\ccsv6\tools\compiler\ti-cgt-c2000_15.12.7.LTS\lib\</path>
         <kind>archive</kind>
         <file>rts2800_ml.lib</file>
         <name>boot.obj</name>
      </input_file>
      <input_file id="fl-3a">
         <path>C:\ti\ccsv6\tools\compiler\ti-cgt-c2000_15.12.7.LTS\lib\</path>
         <kind>archive</kind>
         <file>rts2800_ml.lib</file>
         <name>cpy_tbl.obj</name>
      </input_file>
      <input_file id="fl-3b">
         <path>C:\ti\ccsv6\tools\compiler\ti-cgt-c2000_15.12.7.LTS\lib\</path>
         <kind>archive</kind>
         <file>rts2800_ml.lib</file>
         <name>cpy_utils.obj</name>
      </input_file>
      <input_file id="fl-3c">
         <path>C:\ti\ccsv6\tools\compiler\ti-cgt-c2000_15.12.7.LTS\lib\</path>
         <kind>archive</kind>
         <file>rts2800_ml.lib</file>
         <name>ctype.obj</name>
      </input_file>
      <input_file id="fl-3d">
         <path>C:\ti\ccsv6\tools\compiler\ti-cgt-c2000_15.12.7.LTS\lib\</path>
         <kind>archive</kind>
         <file>rts2800_ml.lib</file>
         <name>exit.obj</name>
      </input_file>
      <input_file id="fl-3e">
         <path>C:\ti\ccsv6\tools\compiler\ti-cgt-c2000_15.12.7.LTS\lib\</path>
         <kind>archive</kind>
         <file>rts2800_ml.lib</file>
         <name>fs_add.obj</name>
      </input_file>
      <input_file id="fl-3f">
         <path>C:\ti\ccsv6\tools\compiler\ti-cgt-c2000_15.12.7.LTS\lib\</path>
         <kind>archive</kind>
         <file>rts2800_ml.lib</file>
         <name>fs_cmp.obj</name>
      </input_file>
      <input_file id="fl-40">
         <path>C:\ti\ccsv6\tools\compiler\ti-cgt-c2000_15.12.7.LTS\lib\</path>
         <kind>archive</kind>
         <file>rts2800_ml.lib</file>
         <name>fs_div.obj</name>
      </input_file>
      <input_file id="fl-41">
         <path>C:\ti\ccsv6\tools\compiler\ti-cgt-c2000_15.12.7.LTS\lib\</path>
         <kind>archive</kind>
         <file>rts2800_ml.lib</file>
         <name>fs_mpy.obj</name>
      </input_file>
      <input_file id="fl-42">
         <path>C:\ti\ccsv6\tools\compiler\ti-cgt-c2000_15.12.7.LTS\lib\</path>
         <kind>archive</kind>
         <file>rts2800_ml.lib</file>
         <name>fs_neg.obj</name>
      </input_file>
      <input_file id="fl-43">
         <path>C:\ti\ccsv6\tools\compiler\ti-cgt-c2000_15.12.7.LTS\lib\</path>
         <kind>archive</kind>
         <file>rts2800_ml.lib</file>
         <name>fs_toi.obj</name>
      </input_file>
      <input_file id="fl-44">
         <path>C:\ti\ccsv6\tools\compiler\ti-cgt-c2000_15.12.7.LTS\lib\</path>
         <kind>archive</kind>
         <file>rts2800_ml.lib</file>
         <name>fs_tol.obj</name>
      </input_file>
      <input_file id="fl-45">
         <path>C:\ti\ccsv6\tools\compiler\ti-cgt-c2000_15.12.7.LTS\lib\</path>
         <kind>archive</kind>
         <file>rts2800_ml.lib</file>
         <name>fs_toll.obj</name>
      </input_file>
      <input_file id="fl-46">
         <path>C:\ti\ccsv6\tools\compiler\ti-cgt-c2000_15.12.7.LTS\lib\</path>
         <kind>archive</kind>
         <file>rts2800_ml.lib</file>
         <name>fs_tou.obj</name>
      </input_file>
      <input_file id="fl-47">
         <path>C:\ti\ccsv6\tools\compiler\ti-cgt-c2000_15.12.7.LTS\lib\</path>
         <kind>archive</kind>
         <file>rts2800_ml.lib</file>
         <name>i_div.obj</name>
      </input_file>
      <input_file id="fl-48">
         <path>C:\ti\ccsv6\tools\compiler\ti-cgt-c2000_15.12.7.LTS\lib\</path>
         <kind>archive</kind>
         <file>rts2800_ml.lib</file>
         <name>i_tofs.obj</name>
      </input_file>
      <input_file id="fl-49">
         <path>C:\ti\ccsv6\tools\compiler\ti-cgt-c2000_15.12.7.LTS\lib\</path>
         <kind>archive</kind>
         <file>rts2800_ml.lib</file>
         <name>l_div.obj</name>
      </input_file>
      <input_file id="fl-4a">
         <path>C:\ti\ccsv6\tools\compiler\ti-cgt-c2000_15.12.7.LTS\lib\</path>
         <kind>archive</kind>
         <file>rts2800_ml.lib</file>
         <name>l_tofs.obj</name>
      </input_file>
      <input_file id="fl-4b">
         <path>C:\ti\ccsv6\tools\compiler\ti-cgt-c2000_15.12.7.LTS\lib\</path>
         <kind>archive</kind>
         <file>rts2800_ml.lib</file>
         <name>ll_aox.obj</name>
      </input_file>
      <input_file id="fl-4c">
         <path>C:\ti\ccsv6\tools\compiler\ti-cgt-c2000_15.12.7.LTS\lib\</path>
         <kind>archive</kind>
         <file>rts2800_ml.lib</file>
         <name>ll_cmp.obj</name>
      </input_file>
      <input_file id="fl-4d">
         <path>C:\ti\ccsv6\tools\compiler\ti-cgt-c2000_15.12.7.LTS\lib\</path>
         <kind>archive</kind>
         <file>rts2800_ml.lib</file>
         <name>ll_div.obj</name>
      </input_file>
      <input_file id="fl-4e">
         <path>C:\ti\ccsv6\tools\compiler\ti-cgt-c2000_15.12.7.LTS\lib\</path>
         <kind>archive</kind>
         <file>rts2800_ml.lib</file>
         <name>ll_tofs.obj</name>
      </input_file>
      <input_file id="fl-4f">
         <path>C:\ti\ccsv6\tools\compiler\ti-cgt-c2000_15.12.7.LTS\lib\</path>
         <kind>archive</kind>
         <file>rts2800_ml.lib</file>
         <name>memcmp.obj</name>
      </input_file>
      <input_file id="fl-50">
         <path>C:\ti\ccsv6\tools\compiler\ti-cgt-c2000_15.12.7.LTS\lib\</path>
         <kind>archive</kind>
         <file>rts2800_ml.lib</file>
         <name>memcpy.obj</name>
      </input_file>
      <input_file id="fl-51">
         <path>C:\ti\ccsv6\tools\compiler\ti-cgt-c2000_15.12.7.LTS\lib\</path>
         <kind>archive</kind>
         <file>rts2800_ml.lib</file>
         <name>pre_init.obj</name>
      </input_file>
      <input_file id="fl-52">
         <path>C:\ti\ccsv6\tools\compiler\ti-cgt-c2000_15.12.7.LTS\lib\</path>
         <kind>archive</kind>
         <file>rts2800_ml.lib</file>
         <name>sprintf.obj</name>
      </input_file>
      <input_file id="fl-53">
         <path>C:\ti\ccsv6\tools\compiler\ti-cgt-c2000_15.12.7.LTS\lib\</path>
         <kind>archive</kind>
         <file>rts2800_ml.lib</file>
         <name>startup.obj</name>
      </input_file>
      <input_file id="fl-54">
         <path>C:\ti\ccsv6\tools\compiler\ti-cgt-c2000_15.12.7.LTS\lib\</path>
         <kind>archive</kind>
         <file>rts2800_ml.lib</file>
         <name>strlen.obj</name>
      </input_file>
      <input_file id="fl-55">
         <path>C:\ti\ccsv6\tools\compiler\ti-cgt-c2000_15.12.7.LTS\lib\</path>
         <kind>archive</kind>
         <file>rts2800_ml.lib</file>
         <name>strtod.obj</name>
      </input_file>
      <input_file id="fl-56">
         <path>C:\ti\ccsv6\tools\compiler\ti-cgt-c2000_15.12.7.LTS\lib\</path>
         <kind>archive</kind>
         <file>rts2800_ml.lib</file>
         <name>u_tofs.obj</name>
      </input_file>
      <input_file id="fl-57">
         <path>C:\ti\ccsv6\tools\compiler\ti-cgt-c2000_15.12.7.LTS\lib\</path>
         <kind>archive</kind>
         <file>rts2800_ml.lib</file>
         <name>_lock.obj</name>
      </input_file>
      <input_file id="fl-58">
         <path>C:\ti\ccsv6\tools\compiler\ti-cgt-c2000_15.12.7.LTS\lib\</path>
         <kind>archive</kind>
         <file>rts2800_ml.lib</file>
         <name>_printfi.obj</name>
      </input_file>
      <input_file id="fl-59">
         <path>C:\ti\ccsv6\tools\compiler\ti-cgt-c2000_15.12.7.LTS\lib\</path>
         <kind>archive</kind>
         <file>rts2800_ml.lib</file>
         <name>args_main.obj</name>
      </input_file>
      <input_file id="fl-5a">
         <path>C:\ti\ccsv6\tools\compiler\ti-cgt-c2000_15.12.7.LTS\lib\</path>
         <kind>archive</kind>
         <file>rts2800_ml.lib</file>
         <name>errno.obj</name>
      </input_file>
      <input_file id="fl-5b">
         <path>C:\ti\ccsv6\tools\compiler\ti-cgt-c2000_15.12.7.LTS\lib\</path>
         <kind>archive</kind>
         <file>rts2800_ml.lib</file>
         <name>fd_cmp.obj</name>
      </input_file>
      <input_file id="fl-5c">
         <path>C:\ti\ccsv6\tools\compiler\ti-cgt-c2000_15.12.7.LTS\lib\</path>
         <kind>archive</kind>
         <file>rts2800_ml.lib</file>
         <name>fd_div.obj</name>
      </input_file>
      <input_file id="fl-5d">
         <path>C:\ti\ccsv6\tools\compiler\ti-cgt-c2000_15.12.7.LTS\lib\</path>
         <kind>archive</kind>
         <file>rts2800_ml.lib</file>
         <name>fd_mpy.obj</name>
      </input_file>
      <input_file id="fl-5e">
         <path>C:\ti\ccsv6\tools\compiler\ti-cgt-c2000_15.12.7.LTS\lib\</path>
         <kind>archive</kind>
         <file>rts2800_ml.lib</file>
         <name>fd_neg.obj</name>
      </input_file>
      <input_file id="fl-5f">
         <path>C:\ti\ccsv6\tools\compiler\ti-cgt-c2000_15.12.7.LTS\lib\</path>
         <kind>archive</kind>
         <file>rts2800_ml.lib</file>
         <name>fd_sub.obj</name>
      </input_file>
      <input_file id="fl-60">
         <path>C:\ti\ccsv6\tools\compiler\ti-cgt-c2000_15.12.7.LTS\lib\</path>
         <kind>archive</kind>
         <file>rts2800_ml.lib</file>
         <name>fd_toi.obj</name>
      </input_file>
      <input_file id="fl-61">
         <path>C:\ti\ccsv6\tools\compiler\ti-cgt-c2000_15.12.7.LTS\lib\</path>
         <kind>archive</kind>
         <file>rts2800_ml.lib</file>
         <name>fd_tol.obj</name>
      </input_file>
      <input_file id="fl-62">
         <path>C:\ti\ccsv6\tools\compiler\ti-cgt-c2000_15.12.7.LTS\lib\</path>
         <kind>archive</kind>
         <file>rts2800_ml.lib</file>
         <name>fs_tofd.obj</name>
      </input_file>
      <input_file id="fl-63">
         <path>C:\ti\ccsv6\tools\compiler\ti-cgt-c2000_15.12.7.LTS\lib\</path>
         <kind>archive</kind>
         <file>rts2800_ml.lib</file>
         <name>i_tofd.obj</name>
      </input_file>
      <input_file id="fl-64">
         <path>C:\ti\ccsv6\tools\compiler\ti-cgt-c2000_15.12.7.LTS\lib\</path>
         <kind>archive</kind>
         <file>rts2800_ml.lib</file>
         <name>l_tofd.obj</name>
      </input_file>
      <input_file id="fl-65">
         <path>C:\ti\ccsv6\tools\compiler\ti-cgt-c2000_15.12.7.LTS\lib\</path>
         <kind>archive</kind>
         <file>rts2800_ml.lib</file>
         <name>ltoa.obj</name>
      </input_file>
      <input_file id="fl-66">
         <path>C:\ti\ccsv6\tools\compiler\ti-cgt-c2000_15.12.7.LTS\lib\</path>
         <kind>archive</kind>
         <file>rts2800_ml.lib</file>
         <name>memccpy.obj</name>
      </input_file>
      <input_file id="fl-67">
         <path>C:\ti\ccsv6\tools\compiler\ti-cgt-c2000_15.12.7.LTS\lib\</path>
         <kind>archive</kind>
         <file>rts2800_ml.lib</file>
         <name>memset.obj</name>
      </input_file>
      <input_file id="fl-68">
         <path>C:\ti\ccsv6\tools\compiler\ti-cgt-c2000_15.12.7.LTS\lib\</path>
         <kind>archive</kind>
         <file>rts2800_ml.lib</file>
         <name>s_frexp.obj</name>
      </input_file>
      <input_file id="fl-69">
         <path>C:\ti\ccsv6\tools\compiler\ti-cgt-c2000_15.12.7.LTS\lib\</path>
         <kind>archive</kind>
         <file>rts2800_ml.lib</file>
         <name>s_scalbn.obj</name>
      </input_file>
      <input_file id="fl-6a">
         <path>C:\ti\ccsv6\tools\compiler\ti-cgt-c2000_15.12.7.LTS\lib\</path>
         <kind>archive</kind>
         <file>rts2800_ml.lib</file>
         <name>strchr.obj</name>
      </input_file>
      <input_file id="fl-6b">
         <path>C:\ti\ccsv6\tools\compiler\ti-cgt-c2000_15.12.7.LTS\lib\</path>
         <kind>archive</kind>
         <file>rts2800_ml.lib</file>
         <name>strcpy.obj</name>
      </input_file>
      <input_file id="fl-6c">
         <path>C:\ti\ccsv6\tools\compiler\ti-cgt-c2000_15.12.7.LTS\lib\</path>
         <kind>archive</kind>
         <file>rts2800_ml.lib</file>
         <name>fd_add.obj</name>
      </input_file>
      <input_file id="fl-6d">
         <path>C:\ti\ccsv6\tools\compiler\ti-cgt-c2000_15.12.7.LTS\lib\</path>
         <kind>archive</kind>
         <file>rts2800_ml.lib</file>
         <name>s_copysign.obj</name>
      </input_file>
   </input_file_list>
   <object_component_list>
      <object_component id="oc-22f">
         <name>.text</name>
         <load_address>0x3ec000</load_address>
         <run_address>0x3ec000</run_address>
         <size>0x35e4</size>
         <input_file_ref idref="fl-1d"/>
      </object_component>
      <object_component id="oc-24a">
         <name>.text</name>
         <load_address>0x3ef5e4</load_address>
         <run_address>0x3ef5e4</run_address>
         <size>0xb45</size>
         <input_file_ref idref="fl-58"/>
      </object_component>
      <object_component id="oc-241">
         <name>.text</name>
         <load_address>0x3f0129</load_address>
         <run_address>0x3f0129</run_address>
         <size>0x4dd</size>
         <input_file_ref idref="fl-f"/>
      </object_component>
      <object_component id="oc-229">
         <name>.text</name>
         <load_address>0x3f0606</load_address>
         <run_address>0x3f0606</run_address>
         <size>0x43e</size>
         <input_file_ref idref="fl-e"/>
      </object_component>
      <object_component id="oc-23f">
         <name>.text</name>
         <load_address>0x3f0a44</load_address>
         <run_address>0x3f0a44</run_address>
         <size>0x3ec</size>
         <input_file_ref idref="fl-11"/>
      </object_component>
      <object_component id="oc-234">
         <name>.text</name>
         <load_address>0x3f0e30</load_address>
         <run_address>0x3f0e30</run_address>
         <size>0x2f7</size>
         <input_file_ref idref="fl-1f"/>
      </object_component>
      <object_component id="oc-235">
         <name>.text</name>
         <load_address>0x3f1127</load_address>
         <run_address>0x3f1127</run_address>
         <size>0x2e6</size>
         <input_file_ref idref="fl-14"/>
      </object_component>
      <object_component id="oc-23e">
         <name>.text</name>
         <load_address>0x3f140d</load_address>
         <run_address>0x3f140d</run_address>
         <size>0x19e</size>
         <input_file_ref idref="fl-12"/>
      </object_component>
      <object_component id="oc-22b">
         <name>.text</name>
         <load_address>0x3f15ab</load_address>
         <run_address>0x3f15ab</run_address>
         <size>0x18b</size>
         <input_file_ref idref="fl-19"/>
      </object_component>
      <object_component id="oc-4e">
         <name>.text:retain</name>
         <load_address>0x3f1736</load_address>
         <run_address>0x3f1736</run_address>
         <size>0x14f</size>
         <input_file_ref idref="fl-9"/>
      </object_component>
      <object_component id="oc-22e">
         <name>.text</name>
         <load_address>0x3f1885</load_address>
         <run_address>0x3f1885</run_address>
         <size>0x14d</size>
         <input_file_ref idref="fl-10"/>
      </object_component>
      <object_component id="oc-246">
         <name>.text</name>
         <load_address>0x3f19d2</load_address>
         <run_address>0x3f19d2</run_address>
         <size>0x148</size>
         <input_file_ref idref="fl-55"/>
      </object_component>
      <object_component id="oc-239">
         <name>.text</name>
         <load_address>0x3f1b1a</load_address>
         <run_address>0x3f1b1a</run_address>
         <size>0x107</size>
         <input_file_ref idref="fl-18"/>
      </object_component>
      <object_component id="oc-17c">
         <name>.text</name>
         <load_address>0x3f1c21</load_address>
         <run_address>0x3f1c21</run_address>
         <size>0x107</size>
         <input_file_ref idref="fl-4d"/>
      </object_component>
      <object_component id="oc-236">
         <name>.text</name>
         <load_address>0x3f1d28</load_address>
         <run_address>0x3f1d28</run_address>
         <size>0xe4</size>
         <input_file_ref idref="fl-21"/>
      </object_component>
      <object_component id="oc-254">
         <name>.text</name>
         <load_address>0x3f1e0c</load_address>
         <run_address>0x3f1e0c</run_address>
         <size>0xbd</size>
         <input_file_ref idref="fl-69"/>
      </object_component>
      <object_component id="oc-23c">
         <name>.text</name>
         <load_address>0x3f1ec9</load_address>
         <run_address>0x3f1ec9</run_address>
         <size>0xa6</size>
         <input_file_ref idref="fl-1a"/>
      </object_component>
      <object_component id="oc-22a">
         <name>.text</name>
         <load_address>0x3f1f6f</load_address>
         <run_address>0x3f1f6f</run_address>
         <size>0xa4</size>
         <input_file_ref idref="fl-20"/>
      </object_component>
      <object_component id="oc-21a">
         <name>.text</name>
         <load_address>0x3f2013</load_address>
         <run_address>0x3f2013</run_address>
         <size>0x9c</size>
         <input_file_ref idref="fl-6c"/>
      </object_component>
      <object_component id="oc-1c8">
         <name>.text</name>
         <load_address>0x3f20af</load_address>
         <run_address>0x3f20af</run_address>
         <size>0x8b</size>
         <input_file_ref idref="fl-5c"/>
      </object_component>
      <object_component id="oc-1cd">
         <name>.text</name>
         <load_address>0x3f213a</load_address>
         <run_address>0x3f213a</run_address>
         <size>0x83</size>
         <input_file_ref idref="fl-5d"/>
      </object_component>
      <object_component id="oc-13b">
         <name>.text</name>
         <load_address>0x3f21bd</load_address>
         <run_address>0x3f21bd</run_address>
         <size>0x83</size>
         <input_file_ref idref="fl-40"/>
      </object_component>
      <object_component id="oc-232">
         <name>.text</name>
         <load_address>0x3f2240</load_address>
         <run_address>0x3f2240</run_address>
         <size>0x7a</size>
         <input_file_ref idref="fl-15"/>
      </object_component>
      <object_component id="oc-131">
         <name>.text</name>
         <load_address>0x3f22ba</load_address>
         <run_address>0x3f22ba</run_address>
         <size>0x78</size>
         <input_file_ref idref="fl-3e"/>
      </object_component>
      <object_component id="oc-243">
         <name>.text</name>
         <load_address>0x3f2332</load_address>
         <run_address>0x3f2332</run_address>
         <size>0x5c</size>
         <input_file_ref idref="fl-1b"/>
      </object_component>
      <object_component id="oc-253">
         <name>.text</name>
         <load_address>0x3f238e</load_address>
         <run_address>0x3f238e</run_address>
         <size>0x5c</size>
         <input_file_ref idref="fl-68"/>
      </object_component>
      <object_component id="oc-140">
         <name>.text</name>
         <load_address>0x3f23ea</load_address>
         <run_address>0x3f23ea</run_address>
         <size>0x5a</size>
         <input_file_ref idref="fl-41"/>
      </object_component>
      <object_component id="oc-35">
         <name>.text</name>
         <load_address>0x3f2444</load_address>
         <run_address>0x3f2444</run_address>
         <size>0x54</size>
         <input_file_ref idref="fl-39"/>
      </object_component>
      <object_component id="oc-225">
         <name>.text</name>
         <load_address>0x3f2498</load_address>
         <run_address>0x3f2498</run_address>
         <size>0x46</size>
         <input_file_ref idref="fl-3a"/>
      </object_component>
      <object_component id="oc-247">
         <name>.text</name>
         <load_address>0x3f24de</load_address>
         <run_address>0x3f24de</run_address>
         <size>0x35</size>
         <input_file_ref idref="fl-38"/>
      </object_component>
      <object_component id="oc-23d">
         <name>.text</name>
         <load_address>0x3f2513</load_address>
         <run_address>0x3f2513</run_address>
         <size>0x32</size>
         <input_file_ref idref="fl-17"/>
      </object_component>
      <object_component id="oc-233">
         <name>.text</name>
         <load_address>0x3f2545</load_address>
         <run_address>0x3f2545</run_address>
         <size>0x32</size>
         <input_file_ref idref="fl-52"/>
      </object_component>
      <object_component id="oc-245">
         <name>.text</name>
         <load_address>0x3f2577</load_address>
         <run_address>0x3f2577</run_address>
         <size>0x31</size>
         <input_file_ref idref="fl-37"/>
      </object_component>
      <object_component id="oc-252">
         <name>.text</name>
         <load_address>0x3f25a8</load_address>
         <run_address>0x3f25a8</run_address>
         <size>0x2e</size>
         <input_file_ref idref="fl-65"/>
      </object_component>
      <object_component id="oc-24e">
         <name>.text</name>
         <load_address>0x3f25d6</load_address>
         <run_address>0x3f25d6</run_address>
         <size>0x2b</size>
         <input_file_ref idref="fl-1e"/>
      </object_component>
      <object_component id="oc-1c3">
         <name>.text</name>
         <load_address>0x3f2601</load_address>
         <run_address>0x3f2601</run_address>
         <size>0x2a</size>
         <input_file_ref idref="fl-5b"/>
      </object_component>
      <object_component id="oc-168">
         <name>.text</name>
         <load_address>0x3f262b</load_address>
         <run_address>0x3f262b</run_address>
         <size>0x2a</size>
         <input_file_ref idref="fl-49"/>
      </object_component>
      <object_component id="oc-228">
         <name>.text</name>
         <load_address>0x3f2655</load_address>
         <run_address>0x3f2655</run_address>
         <size>0x29</size>
         <input_file_ref idref="fl-3d"/>
      </object_component>
      <object_component id="oc-14f">
         <name>.text</name>
         <load_address>0x3f267e</load_address>
         <run_address>0x3f267e</run_address>
         <size>0x29</size>
         <input_file_ref idref="fl-44"/>
      </object_component>
      <object_component id="oc-237">
         <name>.text</name>
         <load_address>0x3f26a7</load_address>
         <run_address>0x3f26a7</run_address>
         <size>0x28</size>
         <input_file_ref idref="fl-a"/>
      </object_component>
      <object_component id="oc-14a">
         <name>.text</name>
         <load_address>0x3f26cf</load_address>
         <run_address>0x3f26cf</run_address>
         <size>0x25</size>
         <input_file_ref idref="fl-43"/>
      </object_component>
      <object_component id="oc-154">
         <name>.text</name>
         <load_address>0x3f26f4</load_address>
         <run_address>0x3f26f4</run_address>
         <size>0x24</size>
         <input_file_ref idref="fl-45"/>
      </object_component>
      <object_component id="oc-259">
         <name>.text</name>
         <load_address>0x3f2718</load_address>
         <run_address>0x3f2718</run_address>
         <size>0x23</size>
         <input_file_ref idref="fl-6d"/>
      </object_component>
      <object_component id="oc-15e">
         <name>.text</name>
         <load_address>0x3f273b</load_address>
         <run_address>0x3f273b</run_address>
         <size>0x22</size>
         <input_file_ref idref="fl-47"/>
      </object_component>
      <object_component id="oc-181">
         <name>.text</name>
         <load_address>0x3f275d</load_address>
         <run_address>0x3f275d</run_address>
         <size>0x22</size>
         <input_file_ref idref="fl-4e"/>
      </object_component>
      <object_component id="oc-1dc">
         <name>.text</name>
         <load_address>0x3f277f</load_address>
         <run_address>0x3f277f</run_address>
         <size>0x21</size>
         <input_file_ref idref="fl-60"/>
      </object_component>
      <object_component id="oc-1e1">
         <name>.text</name>
         <load_address>0x3f27a0</load_address>
         <run_address>0x3f27a0</run_address>
         <size>0x1f</size>
         <input_file_ref idref="fl-61"/>
      </object_component>
      <object_component id="oc-177">
         <name>.text</name>
         <load_address>0x3f27bf</load_address>
         <run_address>0x3f27bf</run_address>
         <size>0x1e</size>
         <input_file_ref idref="fl-4c"/>
      </object_component>
      <object_component id="oc-159">
         <name>.text</name>
         <load_address>0x3f27dd</load_address>
         <run_address>0x3f27dd</run_address>
         <size>0x1d</size>
         <input_file_ref idref="fl-46"/>
      </object_component>
      <object_component id="oc-1eb">
         <name>.text</name>
         <load_address>0x3f27fa</load_address>
         <run_address>0x3f27fa</run_address>
         <size>0x1d</size>
         <input_file_ref idref="fl-63"/>
      </object_component>
      <object_component id="oc-23a">
         <name>.text</name>
         <load_address>0x3f2817</load_address>
         <run_address>0x3f2817</run_address>
         <size>0x1d</size>
         <input_file_ref idref="fl-50"/>
      </object_component>
      <object_component id="oc-1e6">
         <name>.text</name>
         <load_address>0x3f2834</load_address>
         <run_address>0x3f2834</run_address>
         <size>0x1c</size>
         <input_file_ref idref="fl-62"/>
      </object_component>
      <object_component id="oc-1f0">
         <name>.text</name>
         <load_address>0x3f2850</load_address>
         <run_address>0x3f2850</run_address>
         <size>0x1c</size>
         <input_file_ref idref="fl-64"/>
      </object_component>
      <object_component id="oc-123">
         <name>.text</name>
         <load_address>0x3f286c</load_address>
         <run_address>0x3f286c</run_address>
         <size>0x1a</size>
         <input_file_ref idref="fl-3b"/>
      </object_component>
      <object_component id="oc-163">
         <name>.text</name>
         <load_address>0x3f2886</load_address>
         <run_address>0x3f2886</run_address>
         <size>0x1a</size>
         <input_file_ref idref="fl-48"/>
      </object_component>
      <object_component id="oc-16d">
         <name>.text</name>
         <load_address>0x3f28a0</load_address>
         <run_address>0x3f28a0</run_address>
         <size>0x1a</size>
         <input_file_ref idref="fl-4a"/>
      </object_component>
      <object_component id="oc-227">
         <name>.text</name>
         <load_address>0x3f28ba</load_address>
         <run_address>0x3f28ba</run_address>
         <size>0x19</size>
         <input_file_ref idref="fl-59"/>
      </object_component>
      <object_component id="oc-172">
         <name>.text</name>
         <load_address>0x3f28d3</load_address>
         <run_address>0x3f28d3</run_address>
         <size>0x18</size>
         <input_file_ref idref="fl-4b"/>
      </object_component>
      <object_component id="oc-136">
         <name>.text</name>
         <load_address>0x3f28eb</load_address>
         <run_address>0x3f28eb</run_address>
         <size>0x17</size>
         <input_file_ref idref="fl-3f"/>
      </object_component>
      <object_component id="oc-24d">
         <name>.text</name>
         <load_address>0x3f2902</load_address>
         <run_address>0x3f2902</run_address>
         <size>0x15</size>
         <input_file_ref idref="fl-4f"/>
      </object_component>
      <object_component id="oc-238">
         <name>.text</name>
         <load_address>0x3f2917</load_address>
         <run_address>0x3f2917</run_address>
         <size>0x11</size>
         <input_file_ref idref="fl-b"/>
      </object_component>
      <object_component id="oc-3b">
         <name>.text</name>
         <load_address>0x3f2928</load_address>
         <run_address>0x3f2928</run_address>
         <size>0x10</size>
         <input_file_ref idref="fl-5"/>
      </object_component>
      <object_component id="oc-1a9">
         <name>.text</name>
         <load_address>0x3f2938</load_address>
         <run_address>0x3f2938</run_address>
         <size>0x10</size>
         <input_file_ref idref="fl-56"/>
      </object_component>
      <object_component id="oc-1d7">
         <name>.text</name>
         <load_address>0x3f2948</load_address>
         <run_address>0x3f2948</run_address>
         <size>0xe</size>
         <input_file_ref idref="fl-5f"/>
      </object_component>
      <object_component id="oc-258">
         <name>.text</name>
         <load_address>0x3f2956</load_address>
         <run_address>0x3f2956</run_address>
         <size>0xd</size>
         <input_file_ref idref="fl-66"/>
      </object_component>
      <object_component id="oc-256">
         <name>.text</name>
         <load_address>0x3f2963</load_address>
         <run_address>0x3f2963</run_address>
         <size>0xc</size>
         <input_file_ref idref="fl-67"/>
      </object_component>
      <object_component id="oc-255">
         <name>.text</name>
         <load_address>0x3f296f</load_address>
         <run_address>0x3f296f</run_address>
         <size>0xb</size>
         <input_file_ref idref="fl-6a"/>
      </object_component>
      <object_component id="oc-248">
         <name>.text</name>
         <load_address>0x3f297a</load_address>
         <run_address>0x3f297a</run_address>
         <size>0x9</size>
         <input_file_ref idref="fl-57"/>
      </object_component>
      <object_component id="oc-1d2">
         <name>.text</name>
         <load_address>0x3f2983</load_address>
         <run_address>0x3f2983</run_address>
         <size>0x9</size>
         <input_file_ref idref="fl-5e"/>
      </object_component>
      <object_component id="oc-47">
         <name>.text</name>
         <load_address>0x3f298c</load_address>
         <run_address>0x3f298c</run_address>
         <size>0x8</size>
         <input_file_ref idref="fl-8"/>
      </object_component>
      <object_component id="oc-244">
         <name>.text</name>
         <load_address>0x3f2994</load_address>
         <run_address>0x3f2994</run_address>
         <size>0x8</size>
         <input_file_ref idref="fl-54"/>
      </object_component>
      <object_component id="oc-145">
         <name>.text</name>
         <load_address>0x3f299c</load_address>
         <run_address>0x3f299c</run_address>
         <size>0x5</size>
         <input_file_ref idref="fl-42"/>
      </object_component>
      <object_component id="oc-257">
         <name>.text</name>
         <load_address>0x3f29a1</load_address>
         <run_address>0x3f29a1</run_address>
         <size>0x5</size>
         <input_file_ref idref="fl-6b"/>
      </object_component>
      <object_component id="oc-36">
         <name>.text</name>
         <load_address>0x3f29a6</load_address>
         <run_address>0x3f29a6</run_address>
         <size>0x3</size>
         <input_file_ref idref="fl-4"/>
      </object_component>
      <object_component id="oc-42">
         <name>.text</name>
         <load_address>0x3f29a9</load_address>
         <run_address>0x3f29a9</run_address>
         <size>0x2</size>
         <input_file_ref idref="fl-7"/>
      </object_component>
      <object_component id="oc-224">
         <name>.text</name>
         <load_address>0x3f29ab</load_address>
         <run_address>0x3f29ab</run_address>
         <size>0x2</size>
         <input_file_ref idref="fl-51"/>
      </object_component>
      <object_component id="oc-226">
         <name>.text</name>
         <load_address>0x3f29ad</load_address>
         <run_address>0x3f29ad</run_address>
         <size>0x1</size>
         <input_file_ref idref="fl-53"/>
      </object_component>
      <object_component id="oc-98">
         <name>.cinit</name>
         <load_address>0x3de30c</load_address>
         <run_address>0x3de30c</run_address>
         <size>0x4c</size>
         <input_file_ref idref="fl-12"/>
      </object_component>
      <object_component id="oc-8f">
         <name>.cinit</name>
         <load_address>0x3de358</load_address>
         <run_address>0x3de358</run_address>
         <size>0x24</size>
         <input_file_ref idref="fl-11"/>
      </object_component>
      <object_component id="oc-d8">
         <name>.cinit</name>
         <load_address>0x3de37c</load_address>
         <run_address>0x3de37c</run_address>
         <size>0x11</size>
         <input_file_ref idref="fl-1c"/>
      </object_component>
      <object_component id="oc-df">
         <name>.cinit</name>
         <load_address>0x3de38d</load_address>
         <run_address>0x3de38d</run_address>
         <size>0xe</size>
         <input_file_ref idref="fl-1d"/>
      </object_component>
      <object_component id="oc-12b">
         <name>.cinit</name>
         <load_address>0x3de39b</load_address>
         <run_address>0x3de39b</run_address>
         <size>0xe</size>
         <input_file_ref idref="fl-3d"/>
      </object_component>
      <object_component id="oc-af">
         <name>.cinit</name>
         <load_address>0x3de3a9</load_address>
         <run_address>0x3de3a9</run_address>
         <size>0xc</size>
         <input_file_ref idref="fl-15"/>
      </object_component>
      <object_component id="oc-100">
         <name>.cinit</name>
         <load_address>0x3de3b5</load_address>
         <run_address>0x3de3b5</run_address>
         <size>0xa</size>
         <input_file_ref idref="fl-2a"/>
      </object_component>
      <object_component id="oc-ec">
         <name>.cinit</name>
         <load_address>0x3de3bf</load_address>
         <run_address>0x3de3bf</run_address>
         <size>0x8</size>
         <input_file_ref idref="fl-1f"/>
      </object_component>
      <object_component id="oc-231">
         <name>.cinit:__lock</name>
         <load_address>0x3de3c7</load_address>
         <run_address>0x3de3c7</run_address>
         <size>0x5</size>
         <input_file_ref idref="fl-57"/>
      </object_component>
      <object_component id="oc-249">
         <name>.cinit:__unlock</name>
         <load_address>0x3de3cc</load_address>
         <run_address>0x3de3cc</run_address>
         <size>0x5</size>
         <input_file_ref idref="fl-57"/>
      </object_component>
      <object_component id="oc-a2">
         <name>.cinit</name>
         <load_address>0x3de3d1</load_address>
         <run_address>0x3de3d1</run_address>
         <size>0x4</size>
         <input_file_ref idref="fl-13"/>
      </object_component>
      <object_component id="oc-1c0">
         <name>.cinit</name>
         <load_address>0x3de3d5</load_address>
         <run_address>0x3de3d5</run_address>
         <size>0x4</size>
         <input_file_ref idref="fl-5a"/>
      </object_component>
      <object_component id="oc-e1">
         <name>.econst:.string</name>
         <load_address>0x3dc000</load_address>
         <run_address>0x3dc000</run_address>
         <size>0x1e75</size>
         <input_file_ref idref="fl-1d"/>
      </object_component>
      <object_component id="oc-242">
         <name>.econst:.string:__ctypes_</name>
         <load_address>0x3dde75</load_address>
         <run_address>0x3dde75</run_address>
         <size>0x101</size>
         <input_file_ref idref="fl-3c"/>
      </object_component>
      <object_component id="oc-24c">
         <name>.econst:_PieVectTableInit</name>
         <load_address>0x3ddf76</load_address>
         <run_address>0x3ddf76</run_address>
         <size>0x100</size>
         <input_file_ref idref="fl-b"/>
      </object_component>
      <object_component id="oc-24b">
         <name>.econst:_dscrctable</name>
         <load_address>0x3de076</load_address>
         <run_address>0x3de076</run_address>
         <size>0x100</size>
         <input_file_ref idref="fl-14"/>
      </object_component>
      <object_component id="oc-9c">
         <name>.econst:.string</name>
         <load_address>0x3de176</load_address>
         <run_address>0x3de176</run_address>
         <size>0x90</size>
         <input_file_ref idref="fl-12"/>
      </object_component>
      <object_component id="oc-b7">
         <name>.econst:.string</name>
         <load_address>0x3de206</load_address>
         <run_address>0x3de206</run_address>
         <size>0x44</size>
         <input_file_ref idref="fl-16"/>
      </object_component>
      <object_component id="oc-1b5">
         <name>.econst:.string</name>
         <load_address>0x3de24a</load_address>
         <run_address>0x3de24a</run_address>
         <size>0x26</size>
         <input_file_ref idref="fl-58"/>
      </object_component>
      <object_component id="oc-83">
         <name>.econst:.string</name>
         <load_address>0x3de270</load_address>
         <run_address>0x3de270</run_address>
         <size>0x23</size>
         <input_file_ref idref="fl-f"/>
      </object_component>
      <object_component id="oc-1b4">
         <name>.econst</name>
         <load_address>0x3de294</load_address>
         <run_address>0x3de294</run_address>
         <size>0x1c</size>
         <input_file_ref idref="fl-58"/>
      </object_component>
      <object_component id="oc-20b">
         <name>.econst</name>
         <load_address>0x3de2b0</load_address>
         <run_address>0x3de2b0</run_address>
         <size>0x1c</size>
         <input_file_ref idref="fl-69"/>
      </object_component>
      <object_component id="oc-24f">
         <name>.econst:_digits</name>
         <load_address>0x3de2cc</load_address>
         <run_address>0x3de2cc</run_address>
         <size>0x14</size>
         <input_file_ref idref="fl-55"/>
      </object_component>
      <object_component id="oc-240">
         <name>.econst:_BAUD</name>
         <load_address>0x3de2e0</load_address>
         <run_address>0x3de2e0</run_address>
         <size>0x10</size>
         <input_file_ref idref="fl-12"/>
      </object_component>
      <object_component id="oc-250">
         <name>.econst:_powerof10</name>
         <load_address>0x3de2f0</load_address>
         <run_address>0x3de2f0</run_address>
         <size>0xc</size>
         <input_file_ref idref="fl-55"/>
      </object_component>
      <object_component id="oc-22c">
         <name>.econst:_BITMAP</name>
         <load_address>0x3de2fc</load_address>
         <run_address>0x3de2fc</run_address>
         <size>0x8</size>
         <input_file_ref idref="fl-12"/>
      </object_component>
      <object_component id="oc-205">
         <name>.econst</name>
         <load_address>0x3de304</load_address>
         <run_address>0x3de304</run_address>
         <size>0x8</size>
         <input_file_ref idref="fl-68"/>
      </object_component>
      <object_component id="oc-119">
         <name>.reset</name>
         <load_address>0x3fffc0</load_address>
         <run_address>0x3fffc0</run_address>
         <size>0x2</size>
         <input_file_ref idref="fl-39"/>
      </object_component>
      <object_component id="oc-7a">
         <name>.ebss</name>
         <uninitialized>true</uninitialized>
         <run_address>0x3f9a98</run_address>
         <size>0x6</size>
         <input_file_ref idref="fl-d"/>
      </object_component>
      <object_component id="oc-7d">
         <name>.ebss</name>
         <uninitialized>true</uninitialized>
         <run_address>0x3f9c00</run_address>
         <size>0x34</size>
         <input_file_ref idref="fl-e"/>
      </object_component>
      <object_component id="oc-89">
         <name>.ebss</name>
         <uninitialized>true</uninitialized>
         <run_address>0x3f9a00</run_address>
         <size>0x98</size>
         <input_file_ref idref="fl-10"/>
      </object_component>
      <object_component id="oc-90">
         <name>.ebss</name>
         <uninitialized>true</uninitialized>
         <run_address>0x3f9780</run_address>
         <size>0x270</size>
         <input_file_ref idref="fl-11"/>
      </object_component>
      <object_component id="oc-99">
         <name>.ebss</name>
         <uninitialized>true</uninitialized>
         <run_address>0x3f9b80</run_address>
         <size>0x60</size>
         <input_file_ref idref="fl-12"/>
      </object_component>
      <object_component id="oc-a3">
         <name>.ebss</name>
         <uninitialized>true</uninitialized>
         <run_address>0x3f9aaa</run_address>
         <size>0x4</size>
         <input_file_ref idref="fl-13"/>
      </object_component>
      <object_component id="oc-a9">
         <name>.ebss</name>
         <uninitialized>true</uninitialized>
         <run_address>0x3f9aba</run_address>
         <size>0x2</size>
         <input_file_ref idref="fl-14"/>
      </object_component>
      <object_component id="oc-b0">
         <name>.ebss</name>
         <uninitialized>true</uninitialized>
         <run_address>0x3f9ab2</run_address>
         <size>0x3</size>
         <input_file_ref idref="fl-15"/>
      </object_component>
      <object_component id="oc-b6">
         <name>.ebss</name>
         <uninitialized>true</uninitialized>
         <run_address>0x3f9aae</run_address>
         <size>0x4</size>
         <input_file_ref idref="fl-16"/>
      </object_component>
      <object_component id="oc-bd">
         <name>.ebss</name>
         <uninitialized>true</uninitialized>
         <run_address>0x3f99f0</run_address>
         <size>0xc</size>
         <input_file_ref idref="fl-17"/>
      </object_component>
      <object_component id="oc-c8">
         <name>.ebss</name>
         <uninitialized>true</uninitialized>
         <run_address>0x3f9ac0</run_address>
         <size>0x90</size>
         <input_file_ref idref="fl-19"/>
      </object_component>
      <object_component id="oc-d9">
         <name>.ebss</name>
         <uninitialized>true</uninitialized>
         <run_address>0x3f9a9e</run_address>
         <size>0x6</size>
         <input_file_ref idref="fl-1c"/>
      </object_component>
      <object_component id="oc-e0">
         <name>.ebss</name>
         <uninitialized>true</uninitialized>
         <run_address>0x3f8000</run_address>
         <size>0xf40</size>
         <input_file_ref idref="fl-1d"/>
      </object_component>
      <object_component id="oc-ed">
         <name>.ebss</name>
         <uninitialized>true</uninitialized>
         <run_address>0x3f8f40</run_address>
         <size>0x840</size>
         <input_file_ref idref="fl-1f"/>
      </object_component>
      <object_component id="oc-101">
         <name>.ebss</name>
         <uninitialized>true</uninitialized>
         <run_address>0x3f99fc</run_address>
         <size>0x4</size>
         <input_file_ref idref="fl-2a"/>
      </object_component>
      <object_component id="oc-12c">
         <name>.ebss</name>
         <uninitialized>true</uninitialized>
         <run_address>0x3f9aa4</run_address>
         <size>0x6</size>
         <input_file_ref idref="fl-3d"/>
      </object_component>
      <object_component id="oc-251">
         <name>.ebss:__unlock</name>
         <uninitialized>true</uninitialized>
         <run_address>0x3f9ab8</run_address>
         <size>0x2</size>
         <input_file_ref idref="fl-57"/>
      </object_component>
      <object_component id="oc-230">
         <name>.ebss:__lock</name>
         <uninitialized>true</uninitialized>
         <run_address>0x3f9ab6</run_address>
         <size>0x2</size>
         <input_file_ref idref="fl-57"/>
      </object_component>
      <object_component id="oc-1c1">
         <name>.ebss</name>
         <uninitialized>true</uninitialized>
         <run_address>0x3f9ab5</run_address>
         <size>0x1</size>
         <input_file_ref idref="fl-5a"/>
      </object_component>
      <object_component id="oc-118">
         <name>.stack</name>
         <uninitialized>true</uninitialized>
         <run_address>0x0</run_address>
         <size>0x0</size>
         <input_file_ref idref="fl-39"/>
      </object_component>
      <object_component id="oc-297">
         <name>.stack</name>
         <uninitialized>true</uninitialized>
         <run_address>0x0</run_address>
         <size>0x0</size>
      </object_component>
      <object_component id="oc-48">
         <name>codestart</name>
         <load_address>0x3f5ff6</load_address>
         <run_address>0x3f5ff6</run_address>
         <size>0x2</size>
         <input_file_ref idref="fl-8"/>
      </object_component>
      <object_component id="oc-41">
         <name>csm_rsvd</name>
         <load_address>0x3f5f80</load_address>
         <run_address>0x3f5f80</run_address>
         <size>0x76</size>
         <input_file_ref idref="fl-6"/>
      </object_component>
      <object_component id="oc-40">
         <name>passwords</name>
         <load_address>0x3f5ff8</load_address>
         <run_address>0x3f5ff8</run_address>
         <size>0x8</size>
         <input_file_ref idref="fl-6"/>
      </object_component>
      <object_component id="oc-92">
         <name>secureRamFuncs:retain</name>
         <load_address>0x3f4551</load_address>
         <run_address>0x8551</run_address>
         <size>0x2dc</size>
         <input_file_ref idref="fl-11"/>
      </object_component>
      <object_component id="oc-ee">
         <name>secureRamFuncs:retain</name>
         <load_address>0x3f482d</load_address>
         <run_address>0x882d</run_address>
         <size>0x8c</size>
         <input_file_ref idref="fl-1f"/>
      </object_component>
      <object_component id="oc-23b">
         <name>secureRamFuncs</name>
         <load_address>0x3f48b9</load_address>
         <run_address>0x88b9</run_address>
         <size>0x23</size>
         <input_file_ref idref="fl-21"/>
      </object_component>
      <object_component id="oc-22d">
         <name>secureRamFuncs</name>
         <load_address>0x3f48dc</load_address>
         <run_address>0x88dc</run_address>
         <size>0x20</size>
         <input_file_ref idref="fl-12"/>
      </object_component>
      <object_component id="oc-fe">
         <name>.econst</name>
         <load_address>0x3f4000</load_address>
         <run_address>0x8000</run_address>
         <size>0x32</size>
         <input_file_ref idref="fl-28"/>
      </object_component>
      <object_component id="oc-104">
         <name>.text</name>
         <load_address>0x3f4032</load_address>
         <run_address>0x8032</run_address>
         <size>0xa4</size>
         <input_file_ref idref="fl-2d"/>
      </object_component>
      <object_component id="oc-10b">
         <name>.text</name>
         <load_address>0x3f40d6</load_address>
         <run_address>0x80d6</run_address>
         <size>0x9a</size>
         <input_file_ref idref="fl-34"/>
      </object_component>
      <object_component id="oc-fd">
         <name>.text</name>
         <load_address>0x3f4170</load_address>
         <run_address>0x8170</run_address>
         <size>0x91</size>
         <input_file_ref idref="fl-28"/>
      </object_component>
      <object_component id="oc-103">
         <name>.text</name>
         <load_address>0x3f4201</load_address>
         <run_address>0x8201</run_address>
         <size>0x8d</size>
         <input_file_ref idref="fl-2c"/>
      </object_component>
      <object_component id="oc-105">
         <name>.text</name>
         <load_address>0x3f428e</load_address>
         <run_address>0x828e</run_address>
         <size>0x7f</size>
         <input_file_ref idref="fl-2e"/>
      </object_component>
      <object_component id="oc-10d">
         <name>.text</name>
         <load_address>0x3f430d</load_address>
         <run_address>0x830d</run_address>
         <size>0x7d</size>
         <input_file_ref idref="fl-36"/>
      </object_component>
      <object_component id="oc-ff">
         <name>.text</name>
         <load_address>0x3f438a</load_address>
         <run_address>0x838a</run_address>
         <size>0x60</size>
         <input_file_ref idref="fl-29"/>
      </object_component>
      <object_component id="oc-108">
         <name>.text</name>
         <load_address>0x3f43ea</load_address>
         <run_address>0x83ea</run_address>
         <size>0x59</size>
         <input_file_ref idref="fl-31"/>
      </object_component>
      <object_component id="oc-102">
         <name>.text</name>
         <load_address>0x3f4443</load_address>
         <run_address>0x8443</run_address>
         <size>0x47</size>
         <input_file_ref idref="fl-2b"/>
      </object_component>
      <object_component id="oc-10c">
         <name>.text</name>
         <load_address>0x3f448a</load_address>
         <run_address>0x848a</run_address>
         <size>0x44</size>
         <input_file_ref idref="fl-35"/>
      </object_component>
      <object_component id="oc-107">
         <name>.text</name>
         <load_address>0x3f44ce</load_address>
         <run_address>0x84ce</run_address>
         <size>0x3b</size>
         <input_file_ref idref="fl-30"/>
      </object_component>
      <object_component id="oc-106">
         <name>.text</name>
         <load_address>0x3f4509</load_address>
         <run_address>0x8509</run_address>
         <size>0x34</size>
         <input_file_ref idref="fl-2f"/>
      </object_component>
      <object_component id="oc-109">
         <name>.text</name>
         <load_address>0x3f453d</load_address>
         <run_address>0x853d</run_address>
         <size>0xd</size>
         <input_file_ref idref="fl-32"/>
      </object_component>
      <object_component id="oc-10a">
         <name>.text</name>
         <load_address>0x3f454a</load_address>
         <run_address>0x854a</run_address>
         <size>0x7</size>
         <input_file_ref idref="fl-33"/>
      </object_component>
      <object_component id="oc-9a">
         <name>l1ram</name>
         <uninitialized>true</uninitialized>
         <run_address>0x9000</run_address>
         <size>0xc96</size>
         <input_file_ref idref="fl-12"/>
      </object_component>
      <object_component id="oc-91">
         <name>bigbuffer</name>
         <uninitialized>true</uninitialized>
         <run_address>0xa7100</run_address>
         <size>0xa000</size>
         <input_file_ref idref="fl-11"/>
      </object_component>
      <object_component id="oc-9b">
         <name>bigbuffer</name>
         <uninitialized>true</uninitialized>
         <run_address>0x80000</run_address>
         <size>0x27100</size>
         <input_file_ref idref="fl-12"/>
      </object_component>
      <object_component id="oc-76">
         <name>PieVectTableFile</name>
         <uninitialized>true</uninitialized>
         <run_address>0xd00</run_address>
         <size>0x100</size>
         <input_file_ref idref="fl-c"/>
      </object_component>
      <object_component id="oc-75">
         <name>DevEmuRegsFile</name>
         <uninitialized>true</uninitialized>
         <run_address>0x880</run_address>
         <size>0xd0</size>
         <input_file_ref idref="fl-c"/>
      </object_component>
      <object_component id="oc-5f">
         <name>FlashRegsFile</name>
         <uninitialized>true</uninitialized>
         <run_address>0xa80</run_address>
         <size>0x8</size>
         <input_file_ref idref="fl-c"/>
      </object_component>
      <object_component id="oc-66">
         <name>CsmRegsFile</name>
         <uninitialized>true</uninitialized>
         <run_address>0xae0</run_address>
         <size>0x10</size>
         <input_file_ref idref="fl-c"/>
      </object_component>
      <object_component id="oc-6a">
         <name>XintfRegsFile</name>
         <uninitialized>true</uninitialized>
         <run_address>0xb20</run_address>
         <size>0x20</size>
         <input_file_ref idref="fl-c"/>
      </object_component>
      <object_component id="oc-60">
         <name>CpuTimer0RegsFile</name>
         <uninitialized>true</uninitialized>
         <run_address>0xc00</run_address>
         <size>0x8</size>
         <input_file_ref idref="fl-c"/>
      </object_component>
      <object_component id="oc-61">
         <name>CpuTimer1RegsFile</name>
         <uninitialized>true</uninitialized>
         <run_address>0xc08</run_address>
         <size>0x8</size>
         <input_file_ref idref="fl-c"/>
      </object_component>
      <object_component id="oc-5e">
         <name>CpuTimer2RegsFile</name>
         <uninitialized>true</uninitialized>
         <run_address>0xc10</run_address>
         <size>0x8</size>
         <input_file_ref idref="fl-c"/>
      </object_component>
      <object_component id="oc-69">
         <name>PieCtrlRegsFile</name>
         <uninitialized>true</uninitialized>
         <run_address>0xce0</run_address>
         <size>0x1a</size>
         <input_file_ref idref="fl-c"/>
      </object_component>
      <object_component id="oc-71">
         <name>ECanaRegsFile</name>
         <uninitialized>true</uninitialized>
         <run_address>0x6000</run_address>
         <size>0x34</size>
         <input_file_ref idref="fl-c"/>
      </object_component>
      <object_component id="oc-73">
         <name>ECanaLAMRegsFile</name>
         <uninitialized>true</uninitialized>
         <run_address>0x6040</run_address>
         <size>0x40</size>
         <input_file_ref idref="fl-c"/>
      </object_component>
      <object_component id="oc-77">
         <name>ECanaMboxesFile</name>
         <uninitialized>true</uninitialized>
         <run_address>0x6100</run_address>
         <size>0x100</size>
         <input_file_ref idref="fl-c"/>
      </object_component>
      <object_component id="oc-72">
         <name>ECanaMOTSRegsFile</name>
         <uninitialized>true</uninitialized>
         <run_address>0x6080</run_address>
         <size>0x40</size>
         <input_file_ref idref="fl-c"/>
      </object_component>
      <object_component id="oc-74">
         <name>ECanaMOTORegsFile</name>
         <uninitialized>true</uninitialized>
         <run_address>0x60c0</run_address>
         <size>0x40</size>
         <input_file_ref idref="fl-c"/>
      </object_component>
      <object_component id="oc-6b">
         <name>SysCtrlRegsFile</name>
         <uninitialized>true</uninitialized>
         <run_address>0x7010</run_address>
         <size>0x20</size>
         <input_file_ref idref="fl-c"/>
      </object_component>
      <object_component id="oc-64">
         <name>SpiaRegsFile</name>
         <uninitialized>true</uninitialized>
         <run_address>0x7040</run_address>
         <size>0x10</size>
         <input_file_ref idref="fl-c"/>
      </object_component>
      <object_component id="oc-65">
         <name>SciaRegsFile</name>
         <uninitialized>true</uninitialized>
         <run_address>0x7050</run_address>
         <size>0x10</size>
         <input_file_ref idref="fl-c"/>
      </object_component>
      <object_component id="oc-67">
         <name>XIntruptRegsFile</name>
         <uninitialized>true</uninitialized>
         <run_address>0x7070</run_address>
         <size>0x10</size>
         <input_file_ref idref="fl-c"/>
      </object_component>
      <object_component id="oc-6c">
         <name>GpioMuxRegsFile</name>
         <uninitialized>true</uninitialized>
         <run_address>0x70c0</run_address>
         <size>0x20</size>
         <input_file_ref idref="fl-c"/>
      </object_component>
      <object_component id="oc-6d">
         <name>GpioDataRegsFile</name>
         <uninitialized>true</uninitialized>
         <run_address>0x70e0</run_address>
         <size>0x20</size>
         <input_file_ref idref="fl-c"/>
      </object_component>
      <object_component id="oc-68">
         <name>AdcRegsFile</name>
         <uninitialized>true</uninitialized>
         <run_address>0x7100</run_address>
         <size>0x1a</size>
         <input_file_ref idref="fl-c"/>
      </object_component>
      <object_component id="oc-6f">
         <name>EvaRegsFile</name>
         <uninitialized>true</uninitialized>
         <run_address>0x7400</run_address>
         <size>0x32</size>
         <input_file_ref idref="fl-c"/>
      </object_component>
      <object_component id="oc-70">
         <name>EvbRegsFile</name>
         <uninitialized>true</uninitialized>
         <run_address>0x7500</run_address>
         <size>0x32</size>
         <input_file_ref idref="fl-c"/>
      </object_component>
      <object_component id="oc-63">
         <name>ScibRegsFile</name>
         <uninitialized>true</uninitialized>
         <run_address>0x7750</run_address>
         <size>0x10</size>
         <input_file_ref idref="fl-c"/>
      </object_component>
      <object_component id="oc-6e">
         <name>McbspaRegsFile</name>
         <uninitialized>true</uninitialized>
         <run_address>0x7800</run_address>
         <size>0x25</size>
         <input_file_ref idref="fl-c"/>
      </object_component>
      <object_component id="oc-62">
         <name>CsmPwlFile</name>
         <uninitialized>true</uninitialized>
         <run_address>0x3f7ff8</run_address>
         <size>0x8</size>
         <input_file_ref idref="fl-c"/>
      </object_component>
      <object_component id="oc-37">
         <name>.debug_info</name>
         <load_address>0x0</load_address>
         <run_address>0x0</run_address>
         <size>0xf0</size>
         <input_file_ref idref="fl-4"/>
      </object_component>
      <object_component id="oc-3c">
         <name>.debug_info</name>
         <load_address>0xf0</load_address>
         <run_address>0xf0</run_address>
         <size>0xee</size>
         <input_file_ref idref="fl-5"/>
      </object_component>
      <object_component id="oc-43">
         <name>.debug_info</name>
         <load_address>0x1de</load_address>
         <run_address>0x1de</run_address>
         <size>0xdf</size>
         <input_file_ref idref="fl-7"/>
      </object_component>
      <object_component id="oc-49">
         <name>.debug_info</name>
         <load_address>0x2bd</load_address>
         <run_address>0x2bd</run_address>
         <size>0x16c</size>
         <input_file_ref idref="fl-8"/>
      </object_component>
      <object_component id="oc-4d">
         <name>.debug_info</name>
         <load_address>0x429</load_address>
         <run_address>0x429</run_address>
         <size>0x25bc</size>
         <input_file_ref idref="fl-9"/>
      </object_component>
      <object_component id="oc-53">
         <name>.debug_info</name>
         <load_address>0x29e5</load_address>
         <run_address>0x29e5</run_address>
         <size>0xb0a</size>
         <input_file_ref idref="fl-a"/>
      </object_component>
      <object_component id="oc-58">
         <name>.debug_info</name>
         <load_address>0x34ef</load_address>
         <run_address>0x34ef</run_address>
         <size>0x2005</size>
         <input_file_ref idref="fl-b"/>
      </object_component>
      <object_component id="oc-5d">
         <name>.debug_info</name>
         <load_address>0x54f4</load_address>
         <run_address>0x54f4</run_address>
         <size>0x135a9</size>
         <input_file_ref idref="fl-c"/>
      </object_component>
      <object_component id="oc-79">
         <name>.debug_info</name>
         <load_address>0x18a9d</load_address>
         <run_address>0x18a9d</run_address>
         <size>0x3ef</size>
         <input_file_ref idref="fl-d"/>
      </object_component>
      <object_component id="oc-7c">
         <name>.debug_info</name>
         <load_address>0x18e8c</load_address>
         <run_address>0x18e8c</run_address>
         <size>0x66dc</size>
         <input_file_ref idref="fl-e"/>
      </object_component>
      <object_component id="oc-82">
         <name>.debug_info</name>
         <load_address>0x1f568</load_address>
         <run_address>0x1f568</run_address>
         <size>0x4549</size>
         <input_file_ref idref="fl-f"/>
      </object_component>
      <object_component id="oc-88">
         <name>.debug_info</name>
         <load_address>0x23ab1</load_address>
         <run_address>0x23ab1</run_address>
         <size>0x21eb</size>
         <input_file_ref idref="fl-10"/>
      </object_component>
      <object_component id="oc-8e">
         <name>.debug_info</name>
         <load_address>0x25c9c</load_address>
         <run_address>0x25c9c</run_address>
         <size>0x6459</size>
         <input_file_ref idref="fl-11"/>
      </object_component>
      <object_component id="oc-97">
         <name>.debug_info</name>
         <load_address>0x2c0f5</load_address>
         <run_address>0x2c0f5</run_address>
         <size>0xf2e</size>
         <input_file_ref idref="fl-12"/>
      </object_component>
      <object_component id="oc-a1">
         <name>.debug_info</name>
         <load_address>0x2d023</load_address>
         <run_address>0x2d023</run_address>
         <size>0x4c5</size>
         <input_file_ref idref="fl-13"/>
      </object_component>
      <object_component id="oc-a8">
         <name>.debug_info</name>
         <load_address>0x2d4e8</load_address>
         <run_address>0x2d4e8</run_address>
         <size>0x4a7a</size>
         <input_file_ref idref="fl-14"/>
      </object_component>
      <object_component id="oc-ae">
         <name>.debug_info</name>
         <load_address>0x31f62</load_address>
         <run_address>0x31f62</run_address>
         <size>0x96a</size>
         <input_file_ref idref="fl-15"/>
      </object_component>
      <object_component id="oc-b5">
         <name>.debug_info</name>
         <load_address>0x328cc</load_address>
         <run_address>0x328cc</run_address>
         <size>0xc16</size>
         <input_file_ref idref="fl-16"/>
      </object_component>
      <object_component id="oc-bc">
         <name>.debug_info</name>
         <load_address>0x334e2</load_address>
         <run_address>0x334e2</run_address>
         <size>0xc3e</size>
         <input_file_ref idref="fl-17"/>
      </object_component>
      <object_component id="oc-c2">
         <name>.debug_info</name>
         <load_address>0x34120</load_address>
         <run_address>0x34120</run_address>
         <size>0x3e97</size>
         <input_file_ref idref="fl-18"/>
      </object_component>
      <object_component id="oc-c7">
         <name>.debug_info</name>
         <load_address>0x37fb7</load_address>
         <run_address>0x37fb7</run_address>
         <size>0x2cfb</size>
         <input_file_ref idref="fl-19"/>
      </object_component>
      <object_component id="oc-cd">
         <name>.debug_info</name>
         <load_address>0x3acb2</load_address>
         <run_address>0x3acb2</run_address>
         <size>0x288a</size>
         <input_file_ref idref="fl-1a"/>
      </object_component>
      <object_component id="oc-d2">
         <name>.debug_info</name>
         <load_address>0x3d53c</load_address>
         <run_address>0x3d53c</run_address>
         <size>0x5a1d</size>
         <input_file_ref idref="fl-1b"/>
      </object_component>
      <object_component id="oc-d7">
         <name>.debug_info</name>
         <load_address>0x42f59</load_address>
         <run_address>0x42f59</run_address>
         <size>0x38b</size>
         <input_file_ref idref="fl-1c"/>
      </object_component>
      <object_component id="oc-de">
         <name>.debug_info</name>
         <load_address>0x432e4</load_address>
         <run_address>0x432e4</run_address>
         <size>0x9bf5</size>
         <input_file_ref idref="fl-1d"/>
      </object_component>
      <object_component id="oc-e6">
         <name>.debug_info</name>
         <load_address>0x4ced9</load_address>
         <run_address>0x4ced9</run_address>
         <size>0x2b2c</size>
         <input_file_ref idref="fl-1e"/>
      </object_component>
      <object_component id="oc-eb">
         <name>.debug_info</name>
         <load_address>0x4fa05</load_address>
         <run_address>0x4fa05</run_address>
         <size>0x5213</size>
         <input_file_ref idref="fl-1f"/>
      </object_component>
      <object_component id="oc-f3">
         <name>.debug_info</name>
         <load_address>0x54c18</load_address>
         <run_address>0x54c18</run_address>
         <size>0x3152</size>
         <input_file_ref idref="fl-20"/>
      </object_component>
      <object_component id="oc-f8">
         <name>.debug_info</name>
         <load_address>0x57d6a</load_address>
         <run_address>0x57d6a</run_address>
         <size>0x19bd</size>
         <input_file_ref idref="fl-21"/>
      </object_component>
      <object_component id="oc-10e">
         <name>.debug_info</name>
         <load_address>0x59727</load_address>
         <run_address>0x59727</run_address>
         <size>0x3a3</size>
         <input_file_ref idref="fl-37"/>
      </object_component>
      <object_component id="oc-113">
         <name>.debug_info</name>
         <load_address>0x59aca</load_address>
         <run_address>0x59aca</run_address>
         <size>0x3a3</size>
         <input_file_ref idref="fl-38"/>
      </object_component>
      <object_component id="oc-11a">
         <name>.debug_info</name>
         <load_address>0x59e6d</load_address>
         <run_address>0x59e6d</run_address>
         <size>0x16c</size>
         <input_file_ref idref="fl-39"/>
      </object_component>
      <object_component id="oc-11e">
         <name>.debug_info</name>
         <load_address>0x59fd9</load_address>
         <run_address>0x59fd9</run_address>
         <size>0x576</size>
         <input_file_ref idref="fl-3a"/>
      </object_component>
      <object_component id="oc-124">
         <name>.debug_info</name>
         <load_address>0x5a54f</load_address>
         <run_address>0x5a54f</run_address>
         <size>0x113</size>
         <input_file_ref idref="fl-3b"/>
      </object_component>
      <object_component id="oc-128">
         <name>.debug_info</name>
         <load_address>0x5a662</load_address>
         <run_address>0x5a662</run_address>
         <size>0x1dd</size>
         <input_file_ref idref="fl-3c"/>
      </object_component>
      <object_component id="oc-12a">
         <name>.debug_info</name>
         <load_address>0x5a83f</load_address>
         <run_address>0x5a83f</run_address>
         <size>0x4fa</size>
         <input_file_ref idref="fl-3d"/>
      </object_component>
      <object_component id="oc-132">
         <name>.debug_info</name>
         <load_address>0x5ad39</load_address>
         <run_address>0x5ad39</run_address>
         <size>0x10d</size>
         <input_file_ref idref="fl-3e"/>
      </object_component>
      <object_component id="oc-137">
         <name>.debug_info</name>
         <load_address>0x5ae46</load_address>
         <run_address>0x5ae46</run_address>
         <size>0x10d</size>
         <input_file_ref idref="fl-3f"/>
      </object_component>
      <object_component id="oc-13c">
         <name>.debug_info</name>
         <load_address>0x5af53</load_address>
         <run_address>0x5af53</run_address>
         <size>0x10d</size>
         <input_file_ref idref="fl-40"/>
      </object_component>
      <object_component id="oc-141">
         <name>.debug_info</name>
         <load_address>0x5b060</load_address>
         <run_address>0x5b060</run_address>
         <size>0x10d</size>
         <input_file_ref idref="fl-41"/>
      </object_component>
      <object_component id="oc-146">
         <name>.debug_info</name>
         <load_address>0x5b16d</load_address>
         <run_address>0x5b16d</run_address>
         <size>0x10d</size>
         <input_file_ref idref="fl-42"/>
      </object_component>
      <object_component id="oc-14b">
         <name>.debug_info</name>
         <load_address>0x5b27a</load_address>
         <run_address>0x5b27a</run_address>
         <size>0x119</size>
         <input_file_ref idref="fl-43"/>
      </object_component>
      <object_component id="oc-150">
         <name>.debug_info</name>
         <load_address>0x5b393</load_address>
         <run_address>0x5b393</run_address>
         <size>0x119</size>
         <input_file_ref idref="fl-44"/>
      </object_component>
      <object_component id="oc-155">
         <name>.debug_info</name>
         <load_address>0x5b4ac</load_address>
         <run_address>0x5b4ac</run_address>
         <size>0x11c</size>
         <input_file_ref idref="fl-45"/>
      </object_component>
      <object_component id="oc-15a">
         <name>.debug_info</name>
         <load_address>0x5b5c8</load_address>
         <run_address>0x5b5c8</run_address>
         <size>0x119</size>
         <input_file_ref idref="fl-46"/>
      </object_component>
      <object_component id="oc-15f">
         <name>.debug_info</name>
         <load_address>0x5b6e1</load_address>
         <run_address>0x5b6e1</run_address>
         <size>0x13a</size>
         <input_file_ref idref="fl-47"/>
      </object_component>
      <object_component id="oc-164">
         <name>.debug_info</name>
         <load_address>0x5b81b</load_address>
         <run_address>0x5b81b</run_address>
         <size>0x117</size>
         <input_file_ref idref="fl-48"/>
      </object_component>
      <object_component id="oc-169">
         <name>.debug_info</name>
         <load_address>0x5b932</load_address>
         <run_address>0x5b932</run_address>
         <size>0x19e</size>
         <input_file_ref idref="fl-49"/>
      </object_component>
      <object_component id="oc-16e">
         <name>.debug_info</name>
         <load_address>0x5bad0</load_address>
         <run_address>0x5bad0</run_address>
         <size>0x117</size>
         <input_file_ref idref="fl-4a"/>
      </object_component>
      <object_component id="oc-173">
         <name>.debug_info</name>
         <load_address>0x5bbe7</load_address>
         <run_address>0x5bbe7</run_address>
         <size>0x16f</size>
         <input_file_ref idref="fl-4b"/>
[...]
         <value>0x3f1123</value>
         <object_component_ref idref="oc-234"/>
      </symbol>
      <symbol id="sm-979">
         <name>_scia_rx_avail</name>
         <value>0x3f8f41</value>
         <object_component_ref idref="oc-ed"/>
      </symbol>
      <symbol id="sm-97a">
         <name>_scia_cmd_mode</name>
         <value>0x3f8f43</value>
         <object_component_ref idref="oc-ed"/>
      </symbol>
      <symbol id="sm-97b">
         <name>_scia_tx_head</name>
         <value>0x3f8f46</value>
         <object_component_ref idref="oc-ed"/>
      </symbol>
      <symbol id="sm-97c">
         <name>_sciaTxFifoIsr</name>
         <value>0x882d</value>
         <object_component_ref idref="oc-ee"/>
      </symbol>
      <symbol id="sm-97d">
         <name>_scia_putwordarray</name>
         <value>0x3f0ff2</value>
         <object_component_ref idref="oc-234"/>
      </symbol>
      <symbol id="sm-97e">
         <name>_scia_puts</name>
         <value>0x3f1076</value>
         <object_component_ref idref="oc-234"/>
      </symbol>
      <symbol id="sm-97f">
         <name>_scia_rx_head</name>
         <value>0x3f8f42</value>
         <object_component_ref idref="oc-ed"/>
      </symbol>
      <symbol id="sm-980">
         <name>_scia_putchar</name>
         <value>0x3f109d</value>
         <object_component_ref idref="oc-234"/>
      </symbol>
      <symbol id="sm-981">
         <name>_scia_rx_getavail</name>
         <value>0x3f0fee</value>
         <object_component_ref idref="oc-234"/>
      </symbol>
      <symbol id="sm-982">
         <name>_scia_reset</name>
         <value>0x3f0e30</value>
         <object_component_ref idref="oc-234"/>
      </symbol>
      <symbol id="sm-9a5">
         <name>_xpi_adcdataread</name>
         <value>0x3f1f9c</value>
         <object_component_ref idref="oc-22a"/>
      </symbol>
      <symbol id="sm-9a6">
         <name>_spi_init</name>
         <value>0x3f2006</value>
         <object_component_ref idref="oc-22a"/>
      </symbol>
      <symbol id="sm-9a7">
         <name>_xpi_xmit2</name>
         <value>0x3f1f6f</value>
         <object_component_ref idref="oc-22a"/>
      </symbol>
      <symbol id="sm-9a8">
         <name>_spi_recv</name>
         <value>0x3f1ffe</value>
         <object_component_ref idref="oc-22a"/>
      </symbol>
      <symbol id="sm-9a9">
         <name>_spi_xmit</name>
         <value>0x3f1ff5</value>
         <object_component_ref idref="oc-22a"/>
      </symbol>
      <symbol id="sm-9bb">
         <name>_sys_init</name>
         <value>0x3f1dbb</value>
         <object_component_ref idref="oc-236"/>
      </symbol>
      <symbol id="sm-9bc">
         <name>_flash_init</name>
         <value>0x88b9</value>
         <object_component_ref idref="oc-23b"/>
      </symbol>
      <symbol id="sm-9bd">
         <name>_xintf_init</name>
         <value>0x3f1d28</value>
         <object_component_ref idref="oc-236"/>
      </symbol>
      <symbol id="sm-9c4">
         <name>_Flash2812_Erase</name>
         <value>0x8170</value>
         <object_component_ref idref="oc-fd"/>
      </symbol>
      <symbol id="sm-a05">
         <name>_Fl2812_EraseSector</name>
         <value>0x838a</value>
         <object_component_ref idref="oc-ff"/>
      </symbol>
      <symbol id="sm-a39">
         <name>_Flash_CallbackPtr</name>
         <value>0x3f99fc</value>
         <object_component_ref idref="oc-101"/>
      </symbol>
      <symbol id="sm-a3b">
         <name>_Flash_CPUScaleFactor</name>
         <value>0x3f99fe</value>
         <object_component_ref idref="oc-101"/>
      </symbol>
      <symbol id="sm-a3f">
         <name>_Fl2812_Init</name>
         <value>0x8443</value>
         <object_component_ref idref="oc-102"/>
      </symbol>
      <symbol id="sm-a52">
         <name>_Fl28x_WatchDogDisable</name>
         <value>0x8479</value>
         <object_component_ref idref="oc-102"/>
      </symbol>
      <symbol id="sm-a58">
         <name>_Fl28x_DisableNMI</name>
         <value>0x8481</value>
         <object_component_ref idref="oc-102"/>
      </symbol>
      <symbol id="sm-a64">
         <name>_Fl28x_LeaveCmdMode</name>
         <value>0x8201</value>
         <object_component_ref idref="oc-103"/>
      </symbol>
      <symbol id="sm-a6a">
         <name>_Fl28x_EnterCmdMode</name>
         <value>0x820e</value>
         <object_component_ref idref="oc-103"/>
      </symbol>
      <symbol id="sm-a73">
         <name>_Fl28x_FlashRegSleep</name>
         <value>0x823c</value>
         <object_component_ref idref="oc-103"/>
      </symbol>
      <symbol id="sm-a79">
         <name>_Fl28x_OpenPulse</name>
         <value>0x825b</value>
         <object_component_ref idref="oc-103"/>
      </symbol>
      <symbol id="sm-a83">
         <name>_Fl28x_ClosePulse</name>
         <value>0x826c</value>
         <object_component_ref idref="oc-103"/>
      </symbol>
      <symbol id="sm-a89">
         <name>_Fl28x_MaskAll</name>
         <value>0x8283</value>
         <object_component_ref idref="oc-103"/>
      </symbol>
      <symbol id="sm-a93">
         <name>_Flash2812_Program</name>
         <value>0x8032</value>
         <object_component_ref idref="oc-104"/>
      </symbol>
      <symbol id="sm-aca">
         <name>_Fl28x_ProgVerify</name>
         <value>0x828e</value>
         <object_component_ref idref="oc-105"/>
      </symbol>
      <symbol id="sm-ae0">
         <name>_Fl28x_ProgPulse</name>
         <value>0x82cb</value>
         <object_component_ref idref="oc-105"/>
      </symbol>
      <symbol id="sm-afc">
         <name>_Flash2812_Verify</name>
         <value>0x8509</value>
         <object_component_ref idref="oc-106"/>
      </symbol>
      <symbol id="sm-b1e">
         <name>_Fl2812_ClearSector</name>
         <value>0x84ce</value>
         <object_component_ref idref="oc-107"/>
      </symbol>
      <symbol id="sm-b3c">
         <name>_Fl2812_CompactSector</name>
         <value>0x83ea</value>
         <object_component_ref idref="oc-108"/>
      </symbol>
      <symbol id="sm-b75">
         <name>_Fl28x_Delay</name>
         <value>0x853d</value>
         <object_component_ref idref="oc-109"/>
      </symbol>
      <symbol id="sm-b7f">
         <name>_Fl28x_DisableInt</name>
         <value>0x854a</value>
         <object_component_ref idref="oc-10a"/>
      </symbol>
      <symbol id="sm-b80">
         <name>_Fl28x_RestoreInt</name>
         <value>0x854e</value>
         <object_component_ref idref="oc-10a"/>
      </symbol>
      <symbol id="sm-b83">
         <name>_Fl28x_EraseVerify</name>
         <value>0x80d6</value>
         <object_component_ref idref="oc-10b"/>
      </symbol>
      <symbol id="sm-b99">
         <name>_Fl28x_ErasePulse</name>
         <value>0x811e</value>
         <object_component_ref idref="oc-10b"/>
      </symbol>
      <symbol id="sm-bb7">
         <name>_Fl28x_ClearLoop</name>
         <value>0x848a</value>
         <object_component_ref idref="oc-10c"/>
      </symbol>
      <symbol id="sm-be0">
         <name>_Fl28x_CompactVerify</name>
         <value>0x830d</value>
         <object_component_ref idref="oc-10d"/>
      </symbol>
      <symbol id="sm-bf6">
         <name>_Fl28x_CompactPulse</name>
         <value>0x8347</value>
         <object_component_ref idref="oc-10d"/>
      </symbol>
      <symbol id="sm-c24">
         <name>_atoi</name>
         <value>0x3f2577</value>
         <object_component_ref idref="oc-245"/>
      </symbol>
      <symbol id="sm-c39">
         <name>_atol</name>
         <value>0x3f24de</value>
         <object_component_ref idref="oc-247"/>
      </symbol>
      <symbol id="sm-c54">
         <name>_c_int00</name>
         <value>0x3f2444</value>
         <object_component_ref idref="oc-35"/>
      </symbol>
      <symbol id="sm-c55">
         <name>__stack</name>
         <value>0x0</value>
         <object_component_ref idref="oc-118"/>
      </symbol>
      <symbol id="sm-c6b">
         <name>_copy_in</name>
         <value>0x3f2498</value>
         <object_component_ref idref="oc-225"/>
      </symbol>
      <symbol id="sm-c7a">
         <name>_ppcopy</name>
         <value>0x3f286c</value>
         <object_component_ref idref="oc-123"/>
      </symbol>
      <symbol id="sm-c7b">
         <name>_dpcopy</name>
         <value>0x3f286c</value>
         <object_component_ref idref="oc-123"/>
      </symbol>
      <symbol id="sm-c7c">
         <name>_pdcopy</name>
         <value>0x3f286c</value>
         <object_component_ref idref="oc-123"/>
      </symbol>
      <symbol id="sm-c7d">
         <name>_ddcopy</name>
         <value>0x3f286c</value>
         <object_component_ref idref="oc-123"/>
      </symbol>
      <symbol id="sm-c86">
         <name>__ctypes_</name>
         <value>0x3dde75</value>
         <object_component_ref idref="oc-242"/>
      </symbol>
      <symbol id="sm-c9b">
         <name>C$$EXIT</name>
         <value>0x3f2655</value>
         <object_component_ref idref="oc-228"/>
      </symbol>
      <symbol id="sm-c9c">
         <name>_exit</name>
         <value>0x3f2657</value>
         <object_component_ref idref="oc-228"/>
      </symbol>
      <symbol id="sm-c9d">
         <name>___TI_cleanup_ptr</name>
         <value>0x3f9aa6</value>
         <object_component_ref idref="oc-12c"/>
      </symbol>
      <symbol id="sm-c9e">
         <name>___TI_enable_exit_profile_output</name>
         <value>0x3f9aa4</value>
         <object_component_ref idref="oc-12c"/>
      </symbol>
      <symbol id="sm-c9f">
         <name>_abort</name>
         <value>0x3f2655</value>
         <object_component_ref idref="oc-228"/>
      </symbol>
      <symbol id="sm-ca0">
         <name>___TI_dtors_ptr</name>
         <value>0x3f9aa8</value>
         <object_component_ref idref="oc-12c"/>
      </symbol>
      <symbol id="sm-cba">
         <name>FS$$ADD</name>
         <value>0x3f22bf</value>
         <object_component_ref idref="oc-131"/>
      </symbol>
      <symbol id="sm-cbb">
         <name>FS$$SUB</name>
         <value>0x3f22ba</value>
         <object_component_ref idref="oc-131"/>
      </symbol>
      <symbol id="sm-ccd">
         <name>FS$$CMP</name>
         <value>0x3f28eb</value>
         <object_component_ref idref="oc-136"/>
      </symbol>
      <symbol id="sm-cde">
         <name>FS$$DIV</name>
         <value>0x3f21bd</value>
         <object_component_ref idref="oc-13b"/>
      </symbol>
      <symbol id="sm-cef">
         <name>FS$$MPY</name>
         <value>0x3f23ea</value>
         <object_component_ref idref="oc-140"/>
      </symbol>
      <symbol id="sm-cfc">
         <name>FS$$NEG</name>
         <value>0x3f299c</value>
         <object_component_ref idref="oc-145"/>
      </symbol>
      <symbol id="sm-d0d">
         <name>FS$$TOI</name>
         <value>0x3f26cf</value>
         <object_component_ref idref="oc-14a"/>
      </symbol>
      <symbol id="sm-d20">
         <name>FS$$TOL</name>
         <value>0x3f267e</value>
         <object_component_ref idref="oc-14f"/>
      </symbol>
      <symbol id="sm-d32">
         <name>FS$$TOLL</name>
         <value>0x3f26f4</value>
         <object_component_ref idref="oc-154"/>
      </symbol>
      <symbol id="sm-d43">
         <name>FS$$TOU</name>
         <value>0x3f27dd</value>
         <object_component_ref idref="oc-159"/>
      </symbol>
      <symbol id="sm-d51">
         <name>I$$MOD</name>
         <value>0x3f274c</value>
         <object_component_ref idref="oc-15e"/>
      </symbol>
      <symbol id="sm-d52">
         <name>I$$DIV</name>
         <value>0x3f273b</value>
         <object_component_ref idref="oc-15e"/>
      </symbol>
      <symbol id="sm-d61">
         <name>I$$TOFS</name>
         <value>0x3f2886</value>
         <object_component_ref idref="oc-163"/>
      </symbol>
      <symbol id="sm-d6d">
         <name>UL$$MOD</name>
         <value>0x3f264f</value>
         <object_component_ref idref="oc-168"/>
      </symbol>
      <symbol id="sm-d6e">
         <name>L$$MOD</name>
         <value>0x3f263a</value>
         <object_component_ref idref="oc-168"/>
      </symbol>
      <symbol id="sm-d6f">
         <name>L$$DIV</name>
         <value>0x3f262b</value>
         <object_component_ref idref="oc-168"/>
      </symbol>
      <symbol id="sm-d70">
         <name>UL$$DIV</name>
         <value>0x3f2648</value>
         <object_component_ref idref="oc-168"/>
      </symbol>
      <symbol id="sm-d7f">
         <name>L$$TOFS</name>
         <value>0x3f28a0</value>
         <object_component_ref idref="oc-16d"/>
      </symbol>
      <symbol id="sm-d8b">
         <name>LL$$AND</name>
         <value>0x3f28d3</value>
         <object_component_ref idref="oc-172"/>
      </symbol>
      <symbol id="sm-d8c">
         <name>LL$$OR</name>
         <value>0x3f28db</value>
         <object_component_ref idref="oc-172"/>
      </symbol>
      <symbol id="sm-d8d">
         <name>LL$$XOR</name>
         <value>0x3f28e3</value>
         <object_component_ref idref="oc-172"/>
      </symbol>
      <symbol id="sm-d9b">
         <name>ULL$$CMP</name>
         <value>0x3f27d1</value>
         <object_component_ref idref="oc-177"/>
      </symbol>
      <symbol id="sm-d9c">
         <name>LL$$CMP</name>
         <value>0x3f27bf</value>
         <object_component_ref idref="oc-177"/>
      </symbol>
      <symbol id="sm-dc8">
         <name>ULL$$MOD</name>
         <value>0x3f1cc6</value>
         <object_component_ref idref="oc-17c"/>
      </symbol>
      <symbol id="sm-dc9">
         <name>ULL$$DIV</name>
         <value>0x3f1c97</value>
         <object_component_ref idref="oc-17c"/>
      </symbol>
      <symbol id="sm-dca">
         <name>LL$$MOD</name>
         <value>0x3f1c5d</value>
         <object_component_ref idref="oc-17c"/>
      </symbol>
      <symbol id="sm-dcb">
         <name>LL$$DIV</name>
         <value>0x3f1c21</value>
         <object_component_ref idref="oc-17c"/>
      </symbol>
      <symbol id="sm-dda">
         <name>LL$$TOFS</name>
         <value>0x3f275d</value>
         <object_component_ref idref="oc-181"/>
      </symbol>
      <symbol id="sm-dea">
         <name>_memcmp</name>
         <value>0x3f2902</value>
         <object_component_ref idref="oc-24d"/>
      </symbol>
      <symbol id="sm-dfc">
         <name>_memcpy</name>
         <value>0x3f2817</value>
         <object_component_ref idref="oc-23a"/>
      </symbol>
      <symbol id="sm-e09">
         <name>__system_pre_init</name>
         <value>0x3f29ab</value>
         <object_component_ref idref="oc-224"/>
      </symbol>
      <symbol id="sm-e18">
         <name>_sprintf</name>
         <value>0x3f2545</value>
         <object_component_ref idref="oc-233"/>
      </symbol>
      <symbol id="sm-e25">
         <name>__system_post_cinit</name>
         <value>0x3f29ad</value>
         <object_component_ref idref="oc-226"/>
      </symbol>
      <symbol id="sm-e33">
         <name>_strlen</name>
         <value>0x3f2994</value>
         <object_component_ref idref="oc-244"/>
      </symbol>
      <symbol id="sm-e69">
         <name>_strtod</name>
         <value>0x3f19d2</value>
         <object_component_ref idref="oc-246"/>
      </symbol>
      <symbol id="sm-e6a">
         <name>_strtof</name>
         <value>0x3f19d2</value>
         <object_component_ref idref="oc-246"/>
      </symbol>
      <symbol id="sm-e78">
         <name>U$$TOFS</name>
         <value>0x3f2938</value>
         <object_component_ref idref="oc-1a9"/>
      </symbol>
      <symbol id="sm-e8d">
         <name>__unlock</name>
         <value>0x3f9ab8</value>
         <object_component_ref idref="oc-251"/>
      </symbol>
      <symbol id="sm-e8e">
         <name>__lock</name>
         <value>0x3f9ab6</value>
         <object_component_ref idref="oc-230"/>
      </symbol>
      <symbol id="sm-e8f">
         <name>__register_lock</name>
         <value>0x3f297e</value>
         <object_component_ref idref="oc-248"/>
      </symbol>
      <symbol id="sm-e90">
         <name>__nop</name>
         <value>0x3f2982</value>
         <object_component_ref idref="oc-248"/>
      </symbol>
      <symbol id="sm-e91">
         <name>__register_unlock</name>
         <value>0x3f297a</value>
         <object_component_ref idref="oc-248"/>
      </symbol>
      <symbol id="sm-fc3">
         <name>___TI_printfi</name>
         <value>0x3f0012</value>
         <object_component_ref idref="oc-24a"/>
      </symbol>
      <symbol id="sm-fd3">
         <name>__args_main</name>
         <value>0x3f28ba</value>
         <object_component_ref idref="oc-227"/>
      </symbol>
      <symbol id="sm-fde">
         <name>_errno</name>
         <value>0x3f9ab5</value>
         <object_component_ref idref="oc-1c1"/>
      </symbol>
      <symbol id="sm-fee">
         <name>FD$$CMP</name>
         <value>0x3f2601</value>
         <object_component_ref idref="oc-1c3"/>
      </symbol>
      <symbol id="sm-1005">
         <name>FD$$DIV</name>
         <value>0x3f20af</value>
         <object_component_ref idref="oc-1c8"/>
      </symbol>
      <symbol id="sm-1017">
         <name>FD$$MPY</name>
         <value>0x3f213a</value>
         <object_component_ref idref="oc-1cd"/>
      </symbol>
      <symbol id="sm-1024">
         <name>FD$$NEG</name>
         <value>0x3f2983</value>
         <object_component_ref idref="oc-1d2"/>
      </symbol>
      <symbol id="sm-1030">
         <name>FD$$SUB</name>
         <value>0x3f2948</value>
         <object_component_ref idref="oc-1d7"/>
      </symbol>
      <symbol id="sm-103f">
         <name>FD$$TOI</name>
         <value>0x3f277f</value>
         <object_component_ref idref="oc-1dc"/>
      </symbol>
      <symbol id="sm-104e">
         <name>FD$$TOL</name>
         <value>0x3f27a0</value>
         <object_component_ref idref="oc-1e1"/>
      </symbol>
      <symbol id="sm-105e">
         <name>FS$$TOFD</name>
         <value>0x3f2834</value>
         <object_component_ref idref="oc-1e6"/>
      </symbol>
      <symbol id="sm-106e">
         <name>I$$TOFD</name>
         <value>0x3f27fa</value>
         <object_component_ref idref="oc-1eb"/>
      </symbol>
      <symbol id="sm-107e">
         <name>L$$TOFD</name>
         <value>0x3f2850</value>
         <object_component_ref idref="oc-1f0"/>
      </symbol>
      <symbol id="sm-108d">
         <name>_ltoa</name>
         <value>0x3f25a8</value>
         <object_component_ref idref="oc-252"/>
      </symbol>
      <symbol id="sm-109d">
         <name>_memccpy</name>
         <value>0x3f2956</value>
         <object_component_ref idref="oc-258"/>
      </symbol>
      <symbol id="sm-10ac">
         <name>_memset</name>
         <value>0x3f2963</value>
         <object_component_ref idref="oc-256"/>
      </symbol>
      <symbol id="sm-10c0">
         <name>_frexpl</name>
         <value>0x3f238e</value>
         <object_component_ref idref="oc-253"/>
      </symbol>
      <symbol id="sm-10de">
         <name>_scalbnl</name>
         <value>0x3f1e0c</value>
         <object_component_ref idref="oc-254"/>
      </symbol>
      <symbol id="sm-10df">
         <name>_ldexpl</name>
         <value>0x3f1e0c</value>
         <object_component_ref idref="oc-254"/>
      </symbol>
      <symbol id="sm-10ef">
         <name>_strchr</name>
         <value>0x3f296f</value>
         <object_component_ref idref="oc-255"/>
      </symbol>
      <symbol id="sm-10fd">
         <name>_strcpy</name>
         <value>0x3f29a1</value>
         <object_component_ref idref="oc-257"/>
      </symbol>
      <symbol id="sm-1118">
         <name>FD$$ADD</name>
         <value>0x3f2013</value>
         <object_component_ref idref="oc-21a"/>
      </symbol>
      <symbol id="sm-1126">
         <name>_copysignl</name>
         <value>0x3f2718</value>
         <object_component_ref idref="oc-259"/>
      </symbol>
   </symbol_table>
   <title>Link successful</title>
</link_info>
