******************************************************************************
             TMS320C2000 Linker PC v15.12.7                    
******************************************************************************
>> Linked Fri Dec 20 11:23:56 2019

OUTPUT FILE NAME:   <loadcell.out>
ENTRY POINT SYMBOL: "_c_int00"  address: 003f23f5


MEMORY CONFIGURATION

         name            origin    length      used     unused   attr    fill
----------------------  --------  ---------  --------  --------  ----  --------
PAGE 0:
  L0SARAM               00008000   00001000  000008fc  00000704  RWIX
  FLASH_I               003da000   00002000  00000000  00002000  RWIX
  FLASH_GH              003dc000   00008000  000023db  00005c25  RWIX
  FLASH_EF              003e4000   00008000  00000000  00008000  RWIX
  FLASH_CD              003ec000   00008000  0000695f  000016a1  RWIX
  FLASH_B               003f4000   00001f80  000008fc  00001684  RWIX
  CSM_RSVD              003f5f80   00000076  00000076  00000000  RWIX
  BEGIN_FLASH           003f5ff6   00000002  00000002  00000000  RWIX
  PASSWORDS             003f5ff8   00000008  00000008  00000000  RWIX
  BOOTROM               003ff000   00000fc0  00000000  00000fc0  RWIX
  RESET                 003fffc0   00000002  00000000  00000002  RWIX
  VECTORS               003fffc2   0000003e  00000000  0000003e  RWIX

PAGE 1:
  M0SARAM               00000000   00000400  00000400  00000000  RWIX
  M1SARAM               00000400   00000400  00000000  00000400  RWIX
  DEV_EMU               00000880   00000180  000000d0  000000b0  RWIX
  FLASH_REGS            00000a80   00000060  00000008  00000058  RWIX
  CSM                   00000ae0   00000010  00000010  00000000  RWIX
  XINTF                 00000b20   00000020  00000020  00000000  RWIX
  CPU_TIMER0            00000c00   00000008  00000008  00000000  RWIX
  CPU_TIMER1            00000c08   00000008  00000008  00000000  RWIX
  CPU_TIMER2            00000c10   00000008  00000008  00000000  RWIX
  PIE_CTRL              00000ce0   00000020  0000001a  00000006  RWIX
  PIE_VECT              00000d00   00000100  00000100  00000000  RWIX
  ZONE1                 00004000   0000000e  00000000  0000000e  RWIX
  ECANA                 00006000   00000040  00000034  0000000c  RWIX
  ECANA_LAM             00006040   00000040  00000040  00000000  RWIX
  ECANA_MOTS            00006080   00000040  00000040  00000000  RWIX
  ECANA_MOTO            000060c0   00000040  00000040  00000000  RWIX
  ECANA_MBOX            00006100   00000100  00000100  00000000  RWIX
  SYSTEM                00007010   00000020  00000020  00000000  RWIX
  SPIA                  00007040   00000010  00000010  00000000  RWIX
  SCIA                  00007050   00000010  00000010  00000000  RWIX
  XINTRUPT              00007070   00000010  00000010  00000000  RWIX
  GPIOMUX               000070c0   00000020  00000020  00000000  RWIX
  GPIODAT               000070e0   00000020  00000020  00000000  RWIX
  ADC                   00007100   00000020  0000001a  00000006  RWIX
  EVA                   00007400   00000040  00000032  0000000e  RWIX
  EVB                   00007500   00000040  00000032  0000000e  RWIX
  SCIB                  00007750   00000010  00000010  00000000  RWIX
  MCBSPA                00007800   00000040  00000025  0000001b  RWIX
  L1SARAM               00009000   00001000  00000c96  0000036a  RWIX
  ZONE26                00080000   00100000  00031100  000cef00  RWIX
  FLASH_J               003d8000   00002000  00000000  00002000  RWIX
  CSM_PWL               003f7ff8   00000008  00000008  00000000  RWIX
  H0SARAM               003f8000   00002000  00001c34  000003cc  RWIX


SECTION ALLOCATION MAP

 output                                  attributes/
section   page    origin      length       input sections
--------  ----  ----------  ----------   ----------------
.econst    0    003dc000    0000230c     
                  003dc000    00001e75     prod.obj (.econst:.string)
                  003dde75    00000101     rts2800_ml.lib : ctype.obj (.econst:.string:__ctypes_)
                  003ddf76    00000100     DSP281x_PieVect.obj (.econst:_PieVectTableInit)
                  003de076    00000100     ds1wire.obj (.econst:_dscrctable)
                  003de176    00000090     data.obj (.econst:.string)
                  003de206    00000044     ff.obj (.econst:.string)
                  003de24a    00000026     rts2800_ml.lib : _printfi.obj (.econst:.string)
                  003de270    00000023     SPICAN.obj (.econst:.string)
                  003de293    00000001     --HOLE-- [fill = 0]
                  003de294    0000001c     rts2800_ml.lib : _printfi.obj (.econst)
                  003de2b0    0000001c                    : s_scalbn.obj (.econst)
                  003de2cc    00000014                    : strtod.obj (.econst:_digits)
                  003de2e0    00000010     data.obj (.econst:_BAUD)
                  003de2f0    0000000c     rts2800_ml.lib : strtod.obj (.econst:_powerof10)
                  003de2fc    00000008     data.obj (.econst:_BITMAP)
                  003de304    00000008     rts2800_ml.lib : s_frexp.obj (.econst)

.cinit     0    003de30c    000000cf     
                  003de30c    0000004c     data.obj (.cinit)
                  003de358    00000024     ad7738.obj (.cinit)
                  003de37c    00000011     motor.obj (.cinit)
                  003de38d    0000000e     prod.obj (.cinit)
                  003de39b    0000000e     rts2800_ml.lib : exit.obj (.cinit)
                  003de3a9    0000000c     extio.obj (.cinit)
                  003de3b5    0000000a     Flash2812_API_V210.lib : Flash28_Globals.obj (.cinit)
                  003de3bf    00000008     sci.obj (.cinit)
                  003de3c7    00000005     rts2800_ml.lib : _lock.obj (.cinit:__lock)
                  003de3cc    00000005                    : _lock.obj (.cinit:__unlock)
                  003de3d1    00000004     diskio.obj (.cinit)
                  003de3d5    00000004     rts2800_ml.lib : errno.obj (.cinit)
                  003de3d9    00000002     --HOLE-- [fill = 0]

.text      0    003ec000    0000695f     
                  003ec000    000035e4     prod.obj (.text)
                  003ef5e4    00000b45     rts2800_ml.lib : _printfi.obj (.text)
                  003f0129    0000048e     SPICAN.obj (.text)
                  003f05b7    0000043e     DSP281x_ECan.obj (.text)
                  003f09f5    000003ec     ad7738.obj (.text)
                  003f0de1    000002f7     sci.obj (.text)
                  003f10d8    000002e6     ds1wire.obj (.text)
                  003f13be    0000019e     data.obj (.text)
                  003f155c    0000018b     lcd.obj (.text)
                  003f16e7    0000014f     DSP281x_DefaultIsr.obj (.text:retain)
                  003f1836    0000014d     System_Object.obj (.text)
                  003f1983    00000148     rts2800_ml.lib : strtod.obj (.text)
                  003f1acb    00000107     gpio.obj (.text)
                  003f1bd2    00000107     rts2800_ml.lib : ll_div.obj (.text)
                  003f1cd9    000000e4     system.obj (.text)
                  003f1dbd    000000bd     rts2800_ml.lib : s_scalbn.obj (.text)
                  003f1e7a    000000a6     led.obj (.text)
                  003f1f20    000000a4     spi.obj (.text)
                  003f1fc4    0000009c     rts2800_ml.lib : fd_add.obj (.text)
                  003f2060    0000008b                    : fd_div.obj (.text)
                  003f20eb    00000083                    : fd_mpy.obj (.text)
                  003f216e    00000083                    : fs_div.obj (.text)
                  003f21f1    0000007a     extio.obj (.text)
                  003f226b    00000078     rts2800_ml.lib : fs_add.obj (.text)
                  003f22e3    0000005c     mcbsp.obj (.text)
                  003f233f    0000005c     rts2800_ml.lib : s_frexp.obj (.text)
                  003f239b    0000005a                    : fs_mpy.obj (.text)
                  003f23f5    00000054                    : boot.obj (.text)
                  003f2449    00000046                    : cpy_tbl.obj (.text)
                  003f248f    00000035                    : atol.obj (.text)
                  003f24c4    00000032     flash.obj (.text)
                  003f24f6    00000032     rts2800_ml.lib : sprintf.obj (.text)
                  003f2528    00000031                    : atoi.obj (.text)
                  003f2559    0000002e                    : ltoa.obj (.text)
                  003f2587    0000002b     qep.obj (.text)
                  003f25b2    0000002a     rts2800_ml.lib : fd_cmp.obj (.text)
                  003f25dc    0000002a                    : l_div.obj (.text)
                  003f2606    00000029                    : exit.obj (.text)
                  003f262f    00000029                    : fs_tol.obj (.text)
                  003f2658    00000028     DSP281x_PieCtrl.obj (.text)
                  003f2680    00000025     rts2800_ml.lib : fs_toi.obj (.text)
                  003f26a5    00000024                    : fs_toll.obj (.text)
                  003f26c9    00000023                    : s_copysign.obj (.text)
                  003f26ec    00000022                    : i_div.obj (.text)
                  003f270e    00000022                    : ll_tofs.obj (.text)
                  003f2730    00000021                    : fd_toi.obj (.text)
                  003f2751    0000001f                    : fd_tol.obj (.text)
                  003f2770    0000001e                    : ll_cmp.obj (.text)
                  003f278e    0000001d                    : fs_tou.obj (.text)
                  003f27ab    0000001d                    : i_tofd.obj (.text)
                  003f27c8    0000001d                    : memcpy.obj (.text)
                  003f27e5    0000001c                    : fs_tofd.obj (.text)
                  003f2801    0000001c                    : l_tofd.obj (.text)
                  003f281d    0000001a                    : cpy_utils.obj (.text)
                  003f2837    0000001a                    : i_tofs.obj (.text)
                  003f2851    0000001a                    : l_tofs.obj (.text)
                  003f286b    00000019                    : args_main.obj (.text)
                  003f2884    00000018                    : ll_aox.obj (.text)
                  003f289c    00000017                    : fs_cmp.obj (.text)
                  003f28b3    00000015                    : memcmp.obj (.text)
                  003f28c8    00000011     DSP281x_PieVect.obj (.text)
                  003f28d9    00000010     delay_us.obj (.text)
                  003f28e9    00000010     rts2800_ml.lib : u_tofs.obj (.text)
                  003f28f9    0000000e                    : fd_sub.obj (.text)
                  003f2907    0000000d                    : memccpy.obj (.text)
                  003f2914    0000000c                    : memset.obj (.text)
                  003f2920    0000000b                    : strchr.obj (.text)
                  003f292b    00000009                    : _lock.obj (.text)
                  003f2934    00000009                    : fd_neg.obj (.text)
                  003f293d    00000008     DSP281x_CodeStartBranch.obj (.text)
                  003f2945    00000008     rts2800_ml.lib : strlen.obj (.text)
                  003f294d    00000005                    : fs_neg.obj (.text)
                  003f2952    00000005                    : strcpy.obj (.text)
                  003f2957    00000003     SetDBGIER.obj (.text)
                  003f295a    00000002     reboot.obj (.text)
                  003f295c    00000002     rts2800_ml.lib : pre_init.obj (.text)
                  003f295e    00000001                    : startup.obj (.text)

.pinit     0    003dc000    00000000     UNINITIALIZED

.reset     0    003fffc0    00000002     DSECT
                  003fffc0    00000002     rts2800_ml.lib : boot.obj (.reset)

Flash28_API 
*          0    003f4000    00000551     RUN ADDR = 00008000
                  003f4000    00000032     Flash2812_API_V210.lib : Flash28_Erase.obj (.econst)
                  003f4032    000000a4                            : Flash28_Prog.obj (.text)
                  003f40d6    0000009a                            : Flash28_Erase_Pulse.obj (.text)
                  003f4170    00000091                            : Flash28_Erase.obj (.text)
                  003f4201    0000008d                            : Flash28_Internals.obj (.text)
                  003f428e    0000007f                            : Flash28_Prog_Pulse.obj (.text)
                  003f430d    0000007d                            : Flash28_Compact_Pulse.obj (.text)
                  003f438a    00000060                            : Flash28_EraseSector.obj (.text)
                  003f43ea    00000059                            : Flash28_CompactSector.obj (.text)
                  003f4443    00000047                            : Flash28_Init.obj (.text)
                  003f448a    00000044                            : Flash28_ClearLoop.obj (.text)
                  003f44ce    0000003b                            : Flash28_ClearSector.obj (.text)
                  003f4509    00000034                            : Flash28_Verify.obj (.text)
                  003f453d    0000000d                            : Flash28_Delay.obj (.text)
                  003f454a    00000007                            : Flash28_DisInt.obj (.text)

secureRamFuncs 
*          0    003f4551    000003ab     RUN ADDR = 00008551
                  003f4551    000002dc     ad7738.obj (secureRamFuncs:retain)
                  003f482d    0000008c     sci.obj (secureRamFuncs:retain)
                  003f48b9    00000023     system.obj (secureRamFuncs)
                  003f48dc    00000020     data.obj (secureRamFuncs)

csm_rsvd   0    003f5f80    00000076     
                  003f5f80    00000076     passwords.obj (csm_rsvd)

codestart 
*          0    003f5ff6    00000002     
                  003f5ff6    00000002     DSP281x_CodeStartBranch.obj (codestart)

passwords 
*          0    003f5ff8    00000008     
                  003f5ff8    00000008     passwords.obj (passwords)

.stack     1    00000000    00000400     UNINITIALIZED
                  00000000    00000400     --HOLE--

DevEmuRegsFile 
*          1    00000880    000000d0     UNINITIALIZED
                  00000880    000000d0     DSP281x_GlobalVariableDefs.obj (DevEmuRegsFile)

FlashRegsFile 
*          1    00000a80    00000008     UNINITIALIZED
                  00000a80    00000008     DSP281x_GlobalVariableDefs.obj (FlashRegsFile)

CsmRegsFile 
*          1    00000ae0    00000010     UNINITIALIZED
                  00000ae0    00000010     DSP281x_GlobalVariableDefs.obj (CsmRegsFile)

XintfRegsFile 
*          1    00000b20    00000020     UNINITIALIZED
                  00000b20    00000020     DSP281x_GlobalVariableDefs.obj (XintfRegsFile)

CpuTimer0RegsFile 
*          1    00000c00    00000008     UNINITIALIZED
                  00000c00    00000008     DSP281x_GlobalVariableDefs.obj (CpuTimer0RegsFile)

CpuTimer1RegsFile 
*          1    00000c08    00000008     UNINITIALIZED
                  00000c08    00000008     DSP281x_GlobalVariableDefs.obj (CpuTimer1RegsFile)

CpuTimer2RegsFile 
*          1    00000c10    00000008     UNINITIALIZED
                  00000c10    00000008     DSP281x_GlobalVariableDefs.obj (CpuTimer2RegsFile)

PieCtrlRegsFile 
*          1    00000ce0    0000001a     UNINITIALIZED
                  00000ce0    0000001a     DSP281x_GlobalVariableDefs.obj (PieCtrlRegsFile)

PieVectTableFile 
*          1    00000d00    00000100     UNINITIALIZED
                  00000d00    00000100     DSP281x_GlobalVariableDefs.obj (PieVectTableFile)

ECanaRegsFile 
*          1    00006000    00000034     UNINITIALIZED
                  00006000    00000034     DSP281x_GlobalVariableDefs.obj (ECanaRegsFile)

ECanaLAMRegsFile 
*          1    00006040    00000040     UNINITIALIZED
                  00006040    00000040     DSP281x_GlobalVariableDefs.obj (ECanaLAMRegsFile)

ECanaMOTSRegsFile 
*          1    00006080    00000040     UNINITIALIZED
                  00006080    00000040     DSP281x_GlobalVariableDefs.obj (ECanaMOTSRegsFile)

ECanaMOTORegsFile 
*          1    000060c0    00000040     UNINITIALIZED
                  000060c0    00000040     DSP281x_GlobalVariableDefs.obj (ECanaMOTORegsFile)

ECanaMboxesFile 
*          1    00006100    00000100     UNINITIALIZED
                  00006100    00000100     DSP281x_GlobalVariableDefs.obj (ECanaMboxesFile)

SysCtrlRegsFile 
*          1    00007010    00000020     UNINITIALIZED
                  00007010    00000020     DSP281x_GlobalVariableDefs.obj (SysCtrlRegsFile)

SpiaRegsFile 
*          1    00007040    00000010     UNINITIALIZED
                  00007040    00000010     DSP281x_GlobalVariableDefs.obj (SpiaRegsFile)

SciaRegsFile 
*          1    00007050    00000010     UNINITIALIZED
                  00007050    00000010     DSP281x_GlobalVariableDefs.obj (SciaRegsFile)

XIntruptRegsFile 
*          1    00007070    00000010     UNINITIALIZED
                  00007070    00000010     DSP281x_GlobalVariableDefs.obj (XIntruptRegsFile)

GpioMuxRegsFile 
*          1    000070c0    00000020     UNINITIALIZED
                  000070c0    00000020     DSP281x_GlobalVariableDefs.obj (GpioMuxRegsFile)

GpioDataRegsFile 
*          1    000070e0    00000020     UNINITIALIZED
                  000070e0    00000020     DSP281x_GlobalVariableDefs.obj (GpioDataRegsFile)

AdcRegsFile 
*          1    00007100    0000001a     UNINITIALIZED
                  00007100    0000001a     DSP281x_GlobalVariableDefs.obj (AdcRegsFile)

EvaRegsFile 
*          1    00007400    00000032     UNINITIALIZED
                  00007400    00000032     DSP281x_GlobalVariableDefs.obj (EvaRegsFile)

EvbRegsFile 
*          1    00007500    00000032     UNINITIALIZED
                  00007500    00000032     DSP281x_GlobalVariableDefs.obj (EvbRegsFile)

ScibRegsFile 
*          1    00007750    00000010     UNINITIALIZED
                  00007750    00000010     DSP281x_GlobalVariableDefs.obj (ScibRegsFile)

McbspaRegsFile 
*          1    00007800    00000025     UNINITIALIZED
                  00007800    00000025     DSP281x_GlobalVariableDefs.obj (McbspaRegsFile)

l1ram      1    00009000    00000c96     UNINITIALIZED
                  00009000    00000c96     data.obj (l1ram)

bigbuffer 
*          1    00080000    00031100     UNINITIALIZED
                  00080000    00027100     data.obj (bigbuffer)
                  000a7100    0000a000     ad7738.obj (bigbuffer)

CsmPwlFile 
*          1    003f7ff8    00000008     UNINITIALIZED
                  003f7ff8    00000008     DSP281x_GlobalVariableDefs.obj (CsmPwlFile)

.bss       1    003f8000    00000000     UNINITIALIZED

.ebss      1    003f8000    00001c34     UNINITIALIZED
                  003f8000    00000f40     prod.obj (.ebss)
                  003f8f40    00000840     sci.obj (.ebss)
                  003f9780    00000270     ad7738.obj (.ebss)
                  003f99f0    0000000c     flash.obj (.ebss)
                  003f99fc    00000004     Flash2812_API_V210.lib : Flash28_Globals.obj (.ebss)
                  003f9a00    00000098     System_Object.obj (.ebss)
                  003f9a98    00000006     CAN_PCKA.obj (.ebss)
                  003f9a9e    00000006     motor.obj (.ebss)
                  003f9aa4    00000006     rts2800_ml.lib : exit.obj (.ebss)
                  003f9aaa    00000004     diskio.obj (.ebss)
                  003f9aae    00000004     ff.obj (.ebss)
                  003f9ab2    00000003     extio.obj (.ebss)
                  003f9ab5    00000001     rts2800_ml.lib : errno.obj (.ebss)
                  003f9ab6    00000002                    : _lock.obj (.ebss:__lock)
                  003f9ab8    00000002                    : _lock.obj (.ebss:__unlock)
                  003f9aba    00000002     ds1wire.obj (.ebss)
                  003f9abc    00000004     --HOLE--
                  003f9ac0    00000090     lcd.obj (.ebss)
                  003f9b50    00000030     --HOLE--
                  003f9b80    00000060     data.obj (.ebss)
                  003f9be0    00000020     --HOLE--
                  003f9c00    00000034     DSP281x_ECan.obj (.ebss)

MODULE SUMMARY

       Module                           code    ro data   rw data
       ------                           ----    -------   -------
    .\ASM\
       passwords.obj                    0       0         126    
       delay_us.obj                     16      0         0      
       SetDBGIER.obj                    3       0         0      
       reboot.obj                       2       0         0      
    +--+--------------------------------+-------+---------+---------+
       Total:                           21      0         126    
                                                                 
    .\DSP281x_common\source\
       DSP281x_DefaultIsr.obj           335     0         0      
       DSP281x_PieVect.obj              17      0         256    
       DSP281x_PieCtrl.obj              40      0         0      
       DSP281x_CodeStartBranch.obj      10      0         0      
    +--+--------------------------------+-------+---------+---------+
       Total:                           402     0         256    
                                                                 
    .\DSP281x_headers\source\
       DSP281x_GlobalVariableDefs.obj   0       0         1401   
    +--+--------------------------------+-------+---------+---------+
       Total:                           0       0         1401   
                                                                 
    .\Source\
       data.obj                         478     0         163562 
       ad7738.obj                       2468    0         41620  
       prod.obj                         13796   0         11715  
       sci.obj                          1039    0         2120   
       SPICAN.obj                       1166    0         35     
       DSP281x_ECan.obj                 1086    0         52     
       ds1wire.obj                      742     0         258    
       lcd.obj                          395     0         144    
       System_Object.obj                333     0         152    
       system.obj                       298     0         0      
       gpio.obj                         263     0         0      
       led.obj                          166     0         0      
       spi.obj                          164     0         0      
       extio.obj                        122     0         15     
       mcbsp.obj                        92      0         0      
       ff.obj                           0       0         72     
       flash.obj                        50      0         12     
       qep.obj                          43      0         0      
       motor.obj                        0       0         23     
       diskio.obj                       0       0         8      
       CAN_PCKA.obj                     0       0         6      
    +--+--------------------------------+-------+---------+---------+
       Total:                           22701   0         219794 
                                                                 
    C:/Users/ebenton/Documents/CERDEC TS/Firmware/CANbus/Flash2812_API_V210/lib/Flash2812_API_V210.lib
       Flash28_Erase.obj                290     0         100    
       Flash28_Prog.obj                 328     0         0      
       Flash28_Erase_Pulse.obj          308     0         0      
       Flash28_Internals.obj            282     0         0      
       Flash28_Prog_Pulse.obj           254     0         0      
       Flash28_Compact_Pulse.obj        250     0         0      
       Flash28_EraseSector.obj          192     0         0      
       Flash28_CompactSector.obj        178     0         0      
       Flash28_Init.obj                 142     0         0      
       Flash28_ClearLoop.obj            136     0         0      
       Flash28_ClearSector.obj          118     0         0      
       Flash28_Verify.obj               104     0         0      
       Flash28_Delay.obj                26      0         0      
       Flash28_DisInt.obj               14      0         0      
       Flash28_Globals.obj              0       0         14     
    +--+--------------------------------+-------+---------+---------+
       Total:                           2622    0         114    
                                                                 
    C:/ti/ccsv6/tools/compiler/ti-cgt-c2000_15.12.7.LTS/lib/rts2800_ml.lib
       _printfi.obj                     2885    0         66     
       strtod.obj                       328     0         32     
       ll_div.obj                       263     0         0      
       ctype.obj                        0       0         257    
       s_scalbn.obj                     189     0         28     
       fd_add.obj                       156     0         0      
       fd_div.obj                       139     0         0      
       fd_mpy.obj                       131     0         0      
       fs_div.obj                       131     0         0      
       fs_add.obj                       120     0         0      
       s_frexp.obj                      92      0         8      
       fs_mpy.obj                       90      0         0      
       boot.obj                         84      0         0      
       cpy_tbl.obj                      70      0         0      
       exit.obj                         41      0         20     
       atol.obj                         53      0         0      
       sprintf.obj                      50      0         0      
       atoi.obj                         49      0         0      
       ltoa.obj                         46      0         0      
       fd_cmp.obj                       42      0         0      
       l_div.obj                        42      0         0      
       fs_tol.obj                       41      0         0      
       fs_toi.obj                       37      0         0      
       fs_toll.obj                      36      0         0      
       s_copysign.obj                   35      0         0      
       i_div.obj                        34      0         0      
       ll_tofs.obj                      34      0         0      
       fd_toi.obj                       33      0         0      
       fd_tol.obj                       31      0         0      
       ll_cmp.obj                       30      0         0      
       fs_tou.obj                       29      0         0      
       i_tofd.obj                       29      0         0      
       memcpy.obj                       29      0         0      
       fs_tofd.obj                      28      0         0      
       l_tofd.obj                       28      0         0      
       cpy_utils.obj                    26      0         0      
       i_tofs.obj                       26      0         0      
       l_tofs.obj                       26      0         0      
       args_main.obj                    25      0         0      
       ll_aox.obj                       24      0         0      
       _lock.obj                        9       0         14     
       fs_cmp.obj                       23      0         0      
       memcmp.obj                       21      0         0      
       u_tofs.obj                       16      0         0      
       fd_sub.obj                       14      0         0      
       memccpy.obj                      13      0         0      
       memset.obj                       12      0         0      
       strchr.obj                       11      0         0      
       fd_neg.obj                       9       0         0      
       strlen.obj                       8       0         0      
       errno.obj                        0       0         5      
       fs_neg.obj                       5       0         0      
       strcpy.obj                       5       0         0      
       pre_init.obj                     2       0         0      
       startup.obj                      1       0         0      
    +--+--------------------------------+-------+---------+---------+
       Total:                           5731    0         430    
                                                                 
       Stack:                           0       0         1024   
    +--+--------------------------------+-------+---------+---------+
       Grand Total:                     31477   0         223145 


GLOBAL DATA SYMBOLS: SORTED BY DATA PAGE

address     data page           name
--------    ----------------    ----
00000000       0 (00000000)     __stack

00000880      22 (00000880)     _DevEmuRegs

00000a80      2a (00000a80)     _FlashRegs

00000ae0      2b (00000ac0)     _CsmRegs

00000b20      2c (00000b00)     _XintfRegs

00000c00      30 (00000c00)     _CpuTimer0Regs
00000c08      30 (00000c00)     _CpuTimer1Regs
00000c10      30 (00000c00)     _CpuTimer2Regs

00000ce0      33 (00000cc0)     _PieCtrlRegs

00000d00      34 (00000d00)     _PieVectTable

00006000     180 (00006000)     _ECanaRegs

00006040     181 (00006040)     _ECanaLAMRegs

00006080     182 (00006080)     _ECanaMOTSRegs

000060c0     183 (000060c0)     _ECanaMOTORegs

00006100     184 (00006100)     _ECanaMboxes

00007010     1c0 (00007000)     _SysCtrlRegs

00007040     1c1 (00007040)     _SpiaRegs
00007050     1c1 (00007040)     _SciaRegs
00007070     1c1 (00007040)     _XIntruptRegs

000070c0     1c3 (000070c0)     _GpioMuxRegs
000070e0     1c3 (000070c0)     _GpioDataRegs

00007100     1c4 (00007100)     _AdcRegs

00007400     1d0 (00007400)     _EvaRegs

00007500     1d4 (00007500)     _EvbRegs

00007750     1dd (00007740)     _ScibRegs

00007800     1e0 (00007800)     _McbspaRegs

00008032     200 (00008000)     _Flash2812_Program

000080d6     203 (000080c0)     _Fl28x_EraseVerify

0000811e     204 (00008100)     _Fl28x_ErasePulse

00008170     205 (00008140)     _Flash2812_Erase

00008201     208 (00008200)     _Fl28x_LeaveCmdMode
0000820e     208 (00008200)     _Fl28x_EnterCmdMode
0000823c     208 (00008200)     _Fl28x_FlashRegSleep

0000825b     209 (00008240)     _Fl28x_OpenPulse
0000826c     209 (00008240)     _Fl28x_ClosePulse

00008283     20a (00008280)     _Fl28x_MaskAll
0000828e     20a (00008280)     _Fl28x_ProgVerify

000082cb     20b (000082c0)     _Fl28x_ProgPulse

0000830d     20c (00008300)     _Fl28x_CompactVerify

00008347     20d (00008340)     _Fl28x_CompactPulse

0000838a     20e (00008380)     _Fl2812_EraseSector

000083ea     20f (000083c0)     _Fl2812_CompactSector

00008443     211 (00008440)     _Fl2812_Init
00008479     211 (00008440)     _Fl28x_WatchDogDisable

00008481     212 (00008480)     _Fl28x_DisableNMI
0000848a     212 (00008480)     _Fl28x_ClearLoop

000084ce     213 (000084c0)     _Fl2812_ClearSector

00008509     214 (00008500)     _Flash2812_Verify
0000853d     214 (00008500)     _Fl28x_Delay

0000854a     215 (00008540)     _Fl28x_DisableInt
0000854e     215 (00008540)     _Fl28x_RestoreInt

00009000     240 (00009000)     _conf_data

00080000    2000 (00080000)     _prodData

000a7100    29c4 (000a7100)     _velpbuf

000a8100    2a04 (000a8100)     _veldbuf

000a9100    2a44 (000a9100)     _mafbuf

003dde75    f779 (003dde40)     __ctypes_

003ddf76    f77d (003ddf40)     _PieVectTableInit

003de076    f781 (003de040)     _dscrctable

003de2e0    f78b (003de2c0)     _BAUD
003de2fc    f78b (003de2c0)     _BITMAP

003f7ff8    fdff (003f7fc0)     _CsmPwl

003f8000    fe00 (003f8000)     _cmd_mode
003f8001    fe00 (003f8000)     _autoidchanged
003f8002    fe00 (003f8000)     _VEL_U
003f8004    fe00 (003f8000)     _POS_U
003f8006    fe00 (003f8000)     _autoid
003f800a    fe00 (003f8000)     _tagwasthere
003f800e    fe00 (003f8000)     _rtc

003f8200    fe08 (003f8200)     _tsensor

003f82c0    fe0b (003f82c0)     _fileOb

003f8500    fe14 (003f8500)     _Fatfs

003f8f40    fe3d (003f8f40)     _scia_rx_tail
003f8f41    fe3d (003f8f40)     _scia_rx_avail
003f8f42    fe3d (003f8f40)     _scia_rx_head
003f8f43    fe3d (003f8f40)     _scia_cmd_mode
003f8f44    fe3d (003f8f40)     _stx_received
003f8f45    fe3d (003f8f40)     _scia_tx_left
003f8f46    fe3d (003f8f40)     _scia_tx_head
003f8f47    fe3d (003f8f40)     _scia_tx_tail
003f8f48    fe3d (003f8f40)     _scia_rx_cmds

003f8f80    fe3e (003f8f80)     _scia_rx_buff

003f9380    fe4e (003f9380)     _scia_tx_buff

003f9781    fe5e (003f9780)     _peak_reset
003f9782    fe5e (003f9780)     _velidx
003f9783    fe5e (003f9780)     _vall_reset
003f9784    fe5e (003f9780)     _tempread
003f9785    fe5e (003f9780)     _prevSysState
003f9786    fe5e (003f9780)     _monrdy
003f9787    fe5e (003f9780)     _tagscnt
003f9788    fe5e (003f9780)     _tare_reset
003f9789    fe5e (003f9780)     _sysState
003f978a    fe5e (003f9780)     _ad7738_ph
003f978b    fe5e (003f9780)     _tagsdetect
003f978c    fe5e (003f9780)     _tempstart
003f978d    fe5e (003f9780)     _tempcnt
003f978e    fe5e (003f9780)     _dacvalue
003f978f    fe5e (003f9780)     _dacsetvolt
003f9790    fe5e (003f9780)     _mon_cnt
003f9791    fe5e (003f9780)     _rawrdy
003f9792    fe5e (003f9780)     _ad7738_rev
003f9794    fe5e (003f9780)     _adcdiff
003f9796    fe5e (003f9780)     _limitchgd
003f979a    fe5e (003f9780)     _mafsize
003f979e    fe5e (003f9780)     _mafidx
003f97a2    fe5e (003f9780)     _ad7738_err
003f97a6    fe5e (003f9780)     _enccnt
003f97aa    fe5e (003f9780)     _veldsum
003f97ae    fe5e (003f9780)     _limit
003f97b2    fe5e (003f9780)     _ad7738_cnt

003f97c0    fe5f (003f97c0)     _ad7738_raw
003f97c8    fe5f (003f97c0)     _daci
003f97d0    fe5f (003f97c0)     _mafdiff
003f97d8    fe5f (003f97c0)     _dacs
003f97e8    fe5f (003f97c0)     _ad7738_load

003f9800    fe60 (003f9800)     _ad7738_mon
003f9810    fe60 (003f9800)     _hfactor
003f9820    fe60 (003f9800)     _ad7738_peak
003f9830    fe60 (003f9800)     _ad7738_vall

003f9840    fe61 (003f9840)     _mafsum
003f9850    fe61 (003f9840)     _ad7738_tare

003f9880    fe62 (003f9880)     _intercept

003f9940    fe65 (003f9940)     _slope

003f99f0    fe67 (003f99c0)     _EraseStatus
003f99f4    fe67 (003f99c0)     _VerifyStatus
003f99f8    fe67 (003f99c0)     _ProgStatus
003f99fc    fe67 (003f99c0)     _Flash_CallbackPtr
003f99fe    fe67 (003f99c0)     _Flash_CPUScaleFactor

003f9a00    fe68 (003f9a00)     _System

003f9a98    fe6a (003f9a80)     _bms_cmd
003f9a9a    fe6a (003f9a80)     _bms_status
003f9a9e    fe6a (003f9a80)     _motorJogDir
003f9a9f    fe6a (003f9a80)     _autoHeightEnable
003f9aa0    fe6a (003f9a80)     _motorJog
003f9aa2    fe6a (003f9a80)     _autoHeight
003f9aa4    fe6a (003f9a80)     ___TI_enable_exit_profile_output
003f9aa6    fe6a (003f9a80)     ___TI_cleanup_ptr
003f9aa8    fe6a (003f9a80)     ___TI_dtors_ptr
003f9ab2    fe6a (003f9a80)     _analogen
003f9ab3    fe6a (003f9a80)     _digictrl
003f9ab4    fe6a (003f9a80)     _analogout
003f9ab5    fe6a (003f9a80)     _errno
003f9ab6    fe6a (003f9a80)     __lock
003f9ab8    fe6a (003f9a80)     __unlock

003f9ac0    fe6b (003f9ac0)     _lcdpos
003f9ac1    fe6b (003f9ac0)     _lcdidx

003f9b00    fe6c (003f9b00)     _lcdbuff

003f9b80    fe6e (003f9b80)     _prod_head
003f9b81    fe6e (003f9b80)     _prod_tail
003f9b82    fe6e (003f9b80)     _prod_avail
003f9b84    fe6e (003f9b80)     _INTERFACE
003f9b8c    fe6e (003f9b80)     _METHOD
003f9b94    fe6e (003f9b80)     _LPV

003f9bc0    fe6f (003f9bc0)     _UNITS

003f9c00    fe70 (003f9c00)     _ECanaShadow


GLOBAL SYMBOLS: SORTED ALPHABETICALLY BY Name 

page  address   name                            
----  -------   ----                            
1     003f8000  .bss                            
0     003ec000  .text                           
0     003f2606  C$$EXIT                         
0     003f1fc4  FD$$ADD                         
0     003f25b2  FD$$CMP                         
0     003f2060  FD$$DIV                         
0     003f20eb  FD$$MPY                         
0     003f2934  FD$$NEG                         
0     003f28f9  FD$$SUB                         
0     003f2730  FD$$TOI                         
0     003f2751  FD$$TOL                         
0     003f2270  FS$$ADD                         
0     003f289c  FS$$CMP                         
0     003f216e  FS$$DIV                         
0     003f239b  FS$$MPY                         
0     003f294d  FS$$NEG                         
0     003f226b  FS$$SUB                         
0     003f27e5  FS$$TOFD                        
0     003f2680  FS$$TOI                         
0     003f262f  FS$$TOL                         
0     003f26a5  FS$$TOLL                        
0     003f278e  FS$$TOU                         
0     003f26ec  I$$DIV                          
0     003f26fd  I$$MOD                          
0     003f27ab  I$$TOFD                         
0     003f2837  I$$TOFS                         
0     003f25dc  L$$DIV                          
0     003f25eb  L$$MOD                          
0     003f2801  L$$TOFD                         
0     003f2851  L$$TOFS                         
0     003f2884  LL$$AND                         
0     003f2770  LL$$CMP                         
0     003f1bd2  LL$$DIV                         
0     003f1c0e  LL$$MOD                         
0     003f288c  LL$$OR                          
0     003f270e  LL$$TOFS                        
0     003f2894  LL$$XOR                         
0     003f28e9  U$$TOFS                         
0     003f25f9  UL$$DIV                         
0     003f2600  UL$$MOD                         
0     003f2782  ULL$$CMP                        
0     003f1c48  ULL$$DIV                        
0     003f1c77  ULL$$MOD                        
0     003f1831  _ADCINT_ISR                     
1     00007100  _AdcRegs                        
0     003de2e0  _BAUD                           
0     003de2fc  _BITMAP                         
0     003f0952  _CAN_Tx_SendInformationRequest  
0     003f182c  _CAPINT1_ISR                    
0     003f1827  _CAPINT2_ISR                    
0     003f1822  _CAPINT3_ISR                    
0     003f181d  _CAPINT4_ISR                    
0     003f1818  _CAPINT5_ISR                    
0     003f1813  _CAPINT6_ISR                    
0     003f180e  _CMP1INT_ISR                    
0     003f1809  _CMP2INT_ISR                    
0     003f1804  _CMP3INT_ISR                    
0     003f17ff  _CMP4INT_ISR                    
0     003f17fa  _CMP5INT_ISR                    
0     003f17f5  _CMP6INT_ISR                    
0     003f0cae  _ConfigCpuTimer0                
1     00000c00  _CpuTimer0Regs                  
1     00000c08  _CpuTimer1Regs                  
1     00000c10  _CpuTimer2Regs                  
1     003f7ff8  _CsmPwl                         
1     00000ae0  _CsmRegs                        
0     003f17f0  _DATALOG_ISR                    
1     00000880  _DevEmuRegs                     
0     003f17eb  _ECAN0INTA_ISR                  
0     003f17e6  _ECAN1INTA_ISR                  
1     00006040  _ECanaLAMRegs                   
1     000060c0  _ECanaMOTORegs                  
1     00006080  _ECanaMOTSRegs                  
1     00006100  _ECanaMboxes                    
1     00006000  _ECanaRegs                      
1     003f9c00  _ECanaShadow                    
0     003f17e1  _EMPTY_ISR                      
0     003f17dc  _EMUINT_ISR                     
0     003f2677  _EnableInterrupts               
1     003f99f0  _EraseStatus                    
1     00007400  _EvaRegs                        
1     00007500  _EvbRegs                        
1     003f8500  _Fatfs                          
0     000084ce  _Fl2812_ClearSector             
0     000083ea  _Fl2812_CompactSector           
0     0000838a  _Fl2812_EraseSector             
0     00008443  _Fl2812_Init                    
0     0000848a  _Fl28x_ClearLoop                
0     0000826c  _Fl28x_ClosePulse               
0     00008347  _Fl28x_CompactPulse             
0     0000830d  _Fl28x_CompactVerify            
0     0000853d  _Fl28x_Delay                    
0     0000854a  _Fl28x_DisableInt               
0     00008481  _Fl28x_DisableNMI               
0     0000820e  _Fl28x_EnterCmdMode             
0     0000811e  _Fl28x_ErasePulse               
0     000080d6  _Fl28x_EraseVerify              
0     0000823c  _Fl28x_FlashRegSleep            
0     00008201  _Fl28x_LeaveCmdMode             
0     00008283  _Fl28x_MaskAll                  
0     0000825b  _Fl28x_OpenPulse                
0     000082cb  _Fl28x_ProgPulse                
0     0000828e  _Fl28x_ProgVerify               
0     0000854e  _Fl28x_RestoreInt               
0     00008479  _Fl28x_WatchDogDisable          
0     00008170  _Flash2812_Erase                
0     00008032  _Flash2812_Program              
0     00008509  _Flash2812_Verify               
0     003f4551  _Flash28_API_LoadEnd            
0     003f4000  _Flash28_API_LoadStart          
0     00008000  _Flash28_API_RunStart           
1     00000a80  _FlashRegs                      
1     003f99fe  _Flash_CPUScaleFactor           
1     003f99fc  _Flash_CallbackPtr              
1     000070e0  _GpioDataRegs                   
1     000070c0  _GpioMuxRegs                    
0     003f17d7  _ILLEGAL_ISR                    
0     003f17d2  _INT13_ISR                      
0     003f17cd  _INT14_ISR                      
1     003f9b84  _INTERFACE                      
0     003f0c94  _InitCpuTimer0                  
0     003f08ac  _InitECan                       
0     003f2658  _InitPieCtrl                    
0     003f28c8  _InitPieVectTable               
1     003f9b94  _LPV                            
1     003f9b8c  _METHOD                         
0     003f17c8  _MRINTA_ISR                     
0     003f17c3  _MXINTA_ISR                     
1     00007800  _McbspaRegs                     
0     003f17be  _NMI_ISR                        
0     003f17b9  _PDPINTA_ISR                    
0     003f17b4  _PDPINTB_ISR                    
0     003f17af  _PIE_RESERVED                   
1     003f8004  _POS_U                          
1     00000ce0  _PieCtrlRegs                    
1     00000d00  _PieVectTable                   
0     003ddf76  _PieVectTableInit               
1     003f99f8  _ProgStatus                     
0     003f17aa  _RTOSINT_ISR                    
0     003f17a5  _SCIRXINTA_ISR                  
0     003f17a0  _SCIRXINTB_ISR                  
0     003f179b  _SCITXINTA_ISR                  
0     003f1796  _SCITXINTB_ISR                  
0     003f024e  _SPICANBitModify                
0     003f058f  _SPICANCheckInts                
0     003f04e0  _SPICANConfigure                
0     003f0510  _SPICANInit                     
0     003f04ce  _SPICANIntEn                    
0     003f03cb  _SPICANMasksFilts               
0     003f035b  _SPICANRXBufReady               
0     003f0347  _SPICANRXStatus                 
0     003f01b0  _SPICANRead                     
0     003f03a5  _SPICANReadBuf1                 
0     003f0227  _SPICANReadBuf_Array            
0     003f0371  _SPICANReadBufs                 
0     003f0336  _SPICANReadInt                  
0     003f0313  _SPICANReadInts                 
0     003f0241  _SPICANReadSetT0Message         
0     003f0302  _SPICANReadStat                 
0     003f02dd  _SPICANReadyConfig              
0     003f02d1  _SPICANReset                    
0     003f026c  _SPICANRoutine                  
0     003f0215  _SPICANSetNorm                  
0     003f01f1  _SPICANVerifyTXBuf              
0     003f01c4  _SPICANWaitForTXBuf             
0     003f0135  _SPICANWrite                    
0     003f0182  _SPICAN_SetT0Addr               
0     003f014d  _SPICAN_SetT0Data               
0     003f0129  _SPICAN_T0_RTS                  
0     003f1791  _SPIRXINTA_ISR                  
0     003f178c  _SPITXINTA_ISR                  
1     00007050  _SciaRegs                       
1     00007750  _ScibRegs                       
0     003f2957  _SetDBGIER                      
1     00007040  _SpiaRegs                       
1     00007010  _SysCtrlRegs                    
1     003f9a00  _System                         
0     003f1787  _T1CINT_ISR                     
0     003f1782  _T1OFINT_ISR                    
0     003f177d  _T1PINT_ISR                     
0     003f1778  _T1UFINT_ISR                    
0     003f1773  _T2CINT_ISR                     
0     003f176e  _T2OFINT_ISR                    
0     003f1769  _T2PINT_ISR                     
0     003f1764  _T2UFINT_ISR                    
0     003f175f  _T3CINT_ISR                     
0     003f175a  _T3OFINT_ISR                    
0     003f1755  _T3PINT_ISR                     
0     003f1750  _T3UFINT_ISR                    
0     003f174b  _T4CINT_ISR                     
0     003f1746  _T4OFINT_ISR                    
0     003f1741  _T4PINT_ISR                     
0     003f173c  _T4UFINT_ISR                    
0     003f1737  _TINT0_ISR                      
1     003f9bc0  _UNITS                          
0     003f1732  _USER10_ISR                     
0     003f172d  _USER11_ISR                     
0     003f1728  _USER12_ISR                     
0     003f1723  _USER1_ISR                      
0     003f171e  _USER2_ISR                      
0     003f1719  _USER3_ISR                      
0     003f1714  _USER4_ISR                      
0     003f170f  _USER5_ISR                      
0     003f170a  _USER6_ISR                      
0     003f1705  _USER7_ISR                      
0     003f1700  _USER8_ISR                      
0     003f16fb  _USER9_ISR                      
1     003f8002  _VEL_U                          
1     003f99f4  _VerifyStatus                   
0     003f16f6  _WAKEINT_ISR                    
0     003f16f1  _XINT1_ISR                      
0     003f16ec  _XINT2_ISR                      
1     00007070  _XIntruptRegs                   
1     00000b20  _XintfRegs                      
1     00000400  __STACK_END                     
abs   00000400  __STACK_SIZE                    
1     003f9aa6  ___TI_cleanup_ptr               
1     003f9aa8  ___TI_dtors_ptr                 
1     003f9aa4  ___TI_enable_exit_profile_output
abs   ffffffff  ___TI_pprof_out_hndl            
0     003f0012  ___TI_printfi                   
abs   ffffffff  ___TI_prof_data_size            
abs   ffffffff  ___TI_prof_data_start           
abs   ffffffff  ___binit__                      
1     003f8000  ___bss__                        
abs   ffffffff  ___c_args__                     
0     003de30c  ___cinit__                      
1     003f8000  ___end__                        
0     003f295f  ___etext__                      
abs   ffffffff  ___pinit__                      
0     003ec000  ___text__                       
0     003f286b  __args_main                     
0     003dde75  __ctypes_                       
1     003f9ab6  __lock                          
0     003f2933  __nop                           
0     003f292f  __register_lock                 
0     003f292b  __register_unlock               
1     00000000  __stack                         
0     003f295e  __system_post_cinit             
0     003f295c  __system_pre_init               
1     003f9ab8  __unlock                        
0     003f2606  _abort                          
1     003f97b2  _ad7738_cnt                     
1     003f97a2  _ad7738_err                     
0     003f0dd4  _ad7738_getlimitchgd            
0     003f0dbf  _ad7738_getlimitst              
0     003f0dbc  _ad7738_getmon                  
0     003f0db9  _ad7738_getpeak                 
0     003f0db3  _ad7738_getraw                  
0     003f0db0  _ad7738_getvall                 
0     003f0cc6  _ad7738_init                    
1     003f97e8  _ad7738_load                    
1     003f9800  _ad7738_mon                     
0     003f0c90  _ad7738_monclr                  
0     003f0c8c  _ad7738_monrdy                  
1     003f9820  _ad7738_peak                    
1     003f978a  _ad7738_ph                      
1     003f97c0  _ad7738_raw                     
0     003f0c88  _ad7738_rawrdy                  
0     003f0c4b  _ad7738_resetlimit              
0     003f0c47  _ad7738_resetpeak               
0     003f0c43  _ad7738_resettare               
0     003f0c3f  _ad7738_resetvall               
1     003f9792  _ad7738_rev                     
0     003f0b6f  _ad7738_setcal                  
0     003f0b6a  _ad7738_setlimitchgd            
0     003f0b32  _ad7738_settemp                 
0     003f0b29  _ad7738_tagsdetect              
1     003f9850  _ad7738_tare                    
0     003f0b20  _ad7738_tempread                
0     003f0b17  _ad7738_tempstart               
1     003f9830  _ad7738_vall                    
1     003f9794  _adcdiff                        
0     003f2257  _anaen_set                      
1     003f9ab2  _analogen                       
1     003f9ab4  _analogout                      
0     003f2528  _atoi                           
0     003f248f  _atol                           
1     003f9aa2  _autoHeight                     
1     003f9a9f  _autoHeightEnable               
1     003f8006  _autoid                         
1     003f8001  _autoidchanged                  
0     003f14f5  _bigbufftest                    
1     003f9a98  _bms_cmd                        
1     003f9a9a  _bms_status                     
0     003f23f5  _c_int00                        
0     003f0a19  _checkFaults                    
1     003f8000  _cmd_mode                       
1     00009000  _conf_data                      
0     003f13df  _conf_default                   
0     003f24eb  _conf_read                      
0     003f24c4  _conf_write                     
0     003f07d9  _configCAN                      
0     003f2449  _copy_in                        
0     003f26c9  _copysignl                      
0     00008551  _cpu_timer0_isr                 
0     003f0b13  _dac_setmode                    
1     003f97c8  _daci                           
1     003f97d8  _dacs                           
1     003f978f  _dacsetvolt                     
1     003f978e  _dacvalue                       
0     003f281d  _ddcopy                         
0     003f28d9  _delay_us                       
1     003f9ab3  _digictrl                       
0     003f281d  _dpcopy                         
0     003f12be  _ds1820getbit                   
0     003f12ec  _ds1820getbyte                  
0     003f1371  _ds1820id                       
0     003f125b  _ds1820putbit                   
0     003f128c  _ds1820putbyte                  
0     003f1301  _ds1820read                     
0     003f122d  _ds1820rst                      
0     003f129d  _ds1820start                    
0     003de076  _dscrctable                     
1     003f97a6  _enccnt                         
1     003f9ab5  _errno                          
0     003f2608  _exit                           
0     003f2250  _extio_init                     
1     003f82c0  _fileOb                         
0     000088b9  _flash_init                     
0     003f233f  _frexpl                         
0     003f1974  _getModAlarms                   
0     003f1965  _getModTemp                     
0     003f1956  _getModVoltage                  
0     003f194c  _getShelfAlarms                 
0     003f1942  _getShelfAvgTemp                
0     003f1938  _getShelfErrors                 
0     003f192e  _getShelfMaxTemp                
0     003f1924  _getShelfMaxTempID              
0     003f191a  _getShelfMinTemp                
0     003f1910  _getShelfMinTempID              
0     003f1906  _getShelfVoltage                
0     003f1902  _getSystemAvailEnergy           
0     003f1900  _getSystemBusVoltage            
0     003f18fc  _getSystemCapVoltage            
0     003f18f8  _getSystemCapVoltageF           
0     003f18f4  _getSystemIsRelay               
0     003f18f0  _getSystemMode                  
0     003f18ef  _getSystemNumDischarges         
0     003f18eb  _getSystemOutCurrent            
0     003f18e7  _getSystemOutCurrentF           
0     003f18e6  _getSystemRuntimeEst            
0     003f18e5  _getSystemRuntimeFL             
0     003f18e4  _getSystemSSRelay               
0     003f18e0  _getSystemStatus                
0     003ef5cc  _get_fattime                    
0     003f1acb  _gpio_init                      
1     003f9810  _hfactor                        
1     003f9880  _intercept                      
0     003f2332  _latch_dac                      
0     003f16dd  _lcd_clear                      
0     003f1685  _lcd_dputs                      
0     003f15d3  _lcd_init                       
0     003f157d  _lcd_next                       
0     003f1573  _lcd_putchar                    
0     003f155c  _lcd_puts                       
1     003f9b00  _lcdbuff                        
1     003f9ac1  _lcdidx                         
1     003f9ac0  _lcdpos                         
0     003f1dbd  _ldexpl                         
0     003f1f10  _led_init                       
0     003f1ebc  _led_set                        
0     003f1ea9  _led_toggle                     
0     003f1e7a  _led_turnon                     
1     003f97ae  _limit                          
1     003f9796  _limitchgd                      
0     003f2559  _ltoa                           
0     003f0af2  _maf_rst                        
1     000a9100  _mafbuf                         
1     003f97d0  _mafdiff                        
1     003f979e  _mafidx                         
1     003f979a  _mafsize                        
1     003f9840  _mafsum                         
0     003ec3fe  _main                           
0     003f05b7  _markTxMailboxHandled           
0     003ec3af  _matchTag                       
0     003f22fc  _mcbsp_init                     
0     003f22e3  _mcbsp_xmit                     
0     003f2907  _memccpy                        
0     003f28b3  _memcmp                         
0     003f27c8  _memcpy                         
0     003f2914  _memset                         
1     003f9790  _mon_cnt                        
1     003f9786  _monrdy                         
1     003f9aa0  _motorJog                       
1     003f9a9e  _motorJogDir                    
0     003f281d  _pdcopy                         
1     003f9781  _peak_reset                     
0     003f281d  _ppcopy                         
1     003f9785  _prevSysState                   
0     003ec36d  _print_channel                  
0     003ec302  _print_dac                      
0     003ec261  _print_limits                   
0     003ec0d8  _print_sensor                   
0     003ec089  _print_vfd                      
0     003f0719  _processJSRGlobal               
1     00080000  _prodData                       
0     000088dc  _prod_add                       
1     003f9b82  _prod_avail                     
0     003f13db  _prod_getavail                  
0     003f13c5  _prod_getnext                   
1     003f9b80  _prod_head                      
0     003f13be  _prod_init                      
1     003f9b81  _prod_tail                      
0     003f25ae  _qep_getCountA                  
0     003f25aa  _qep_getCountB                  
0     003f258f  _qep_init                       
0     003f258b  _qep_rstCountA                  
0     003f2587  _qep_rstCountB                  
1     003f9791  _rawrdy                         
0     003f295a  _reboot                         
0     003f06f7  _resetAlarms                    
0     003f16e7  _rsvd_ISR                       
1     003f800e  _rtc                            
0     003f1dbd  _scalbnl                        
0     0000886c  _sciaRxFifoIsr                  
0     0000882d  _sciaTxFifoIsr                  
1     003f8f43  _scia_cmd_mode                  
0     003f10d4  _scia_get_cmd_mode              
0     003f10bf  _scia_getparam                  
0     003f106f  _scia_init                      
0     003f104e  _scia_putchar                   
0     003f1027  _scia_puts                      
0     003f0fea  _scia_putword                   
0     003f0fa3  _scia_putwordarray              
0     003f0de1  _scia_reset                     
1     003f8f41  _scia_rx_avail                  
1     003f8f80  _scia_rx_buff                   
1     003f8f48  _scia_rx_cmds                   
0     003f0f9f  _scia_rx_getavail               
0     003f0f82  _scia_rx_getchar                
0     003f0f09  _scia_rx_getcmd                 
0     003f0f05  _scia_rx_getcmds                
1     003f8f42  _scia_rx_head                   
1     003f8f40  _scia_rx_tail                   
0     003f0ed8  _scia_send                      
0     003f0df3  _scia_send_bin                  
0     003f0dec  _scia_set_cmd_mode              
1     003f9380  _scia_tx_buff                   
1     003f8f46  _scia_tx_head                   
1     003f8f45  _scia_tx_left                   
1     003f8f47  _scia_tx_tail                   
0     003f48fc  _secureRamFuncs_loadend         
0     003f4551  _secureRamFuncs_loadstart       
0     00008551  _secureRamFuncs_runstart        
0     003f060f  _sendModStatus                  
0     003f18d1  _setModAlarms                   
0     003f18c2  _setModTemp                     
0     003f18b3  _setModVoltage                  
0     003f18b2  _setSSRelay                     
0     003f18a7  _setShelfAlarms                 
0     003f189c  _setShelfAvgTemp                
0     003f1891  _setShelfErrors                 
0     003f1886  _setShelfMaxTemp                
0     003f187b  _setShelfMaxTempID              
0     003f1870  _setShelfMinTemp                
0     003f1865  _setShelfMinTempID              
0     003f185a  _setShelfVoltage                
0     003f1856  _setSystemAvailEnergy           
0     003f1855  _setSystemBusVoltage            
0     003f1851  _setSystemCapVoltage            
0     003f184d  _setSystemCapVoltageF           
0     003f1849  _setSystemIsoRelay              
0     003f1845  _setSystemMode                  
0     003f1844  _setSystemNumDischarges         
0     003f1840  _setSystemOutCurrent            
0     003f183c  _setSystemOutCurrentF           
0     003f183b  _setSystemRuntimeFL             
0     003f1837  _setSystemStatus                
0     003f1836  _setSytemRuntimeEst             
0     003f05c1  _setTRSforMailbox               
0     003f2242  _set_lcd_en                     
0     003f2234  _set_sd_en                      
0     003f2226  _set_sd_spd                     
0     003f220e  _shunt_switch                   
0     003f05ed  _sleepMCs                       
1     003f9940  _slope                          
0     003f1fb7  _spi_init                       
0     003f1faf  _spi_recv                       
0     003f1fa6  _spi_xmit                       
0     003f24f6  _sprintf                        
0     003f21fa  _ssr_set                        
0     003f0aa8  _stateMachine                   
0     003f2920  _strchr                         
0     003f2952  _strcpy                         
0     003f2945  _strlen                         
0     003f1983  _strtod                         
0     003f1983  _strtof                         
1     003f8f44  _stx_received                   
1     003f9789  _sysState                       
0     003f1d6c  _sys_init                       
0     003f11f3  _tagdetect                      
0     003f114d  _taggetbit                      
0     003f1183  _taggetbyte                     
0     003f119c  _tagid                          
0     003f111c  _tagputbit                      
0     003f113c  _tagputbyte                     
0     003f10d8  _tagrst                         
1     003f9787  _tagscnt                        
1     003f978b  _tagsdetect                     
1     003f800a  _tagwasthere                    
1     003f9788  _tare_reset                     
1     003f978d  _tempcnt                        
1     003f9784  _tempread                       
1     003f978c  _tempstart                      
1     003f8200  _tsensor                        
0     003f21f1  _uart_set_dir                   
0     003ec000  _update_units                   
1     003f9783  _vall_reset                     
1     000a8100  _veldbuf                        
1     003f97aa  _veldsum                        
0     003f09f5  _velf_rst                       
1     003f9782  _velidx                         
1     000a7100  _velpbuf                        
0     003f05cb  _wakeUpMCs                      
0     003f1cd9  _xintf_init                     
0     003f1f4d  _xpi_adcdataread                
0     003f1f20  _xpi_xmit2                      
abs   ffffffff  binit                           
0     003de30c  cinit                           
1     003f8000  end                             
0     003f295f  etext                           
abs   ffffffff  pinit                           


GLOBAL SYMBOLS: SORTED BY Symbol Address 

page  address   name                            
----  -------   ----                            
0     00008000  _Flash28_API_RunStart           
0     00008032  _Flash2812_Program              
0     000080d6  _Fl28x_EraseVerify              
0     0000811e  _Fl28x_ErasePulse               
0     00008170  _Flash2812_Erase                
0     00008201  _Fl28x_LeaveCmdMode             
0     0000820e  _Fl28x_EnterCmdMode             
0     0000823c  _Fl28x_FlashRegSleep            
0     0000825b  _Fl28x_OpenPulse                
0     0000826c  _Fl28x_ClosePulse               
0     00008283  _Fl28x_MaskAll                  
0     0000828e  _Fl28x_ProgVerify               
0     000082cb  _Fl28x_ProgPulse                
0     0000830d  _Fl28x_CompactVerify            
0     00008347  _Fl28x_CompactPulse             
0     0000838a  _Fl2812_EraseSector             
0     000083ea  _Fl2812_CompactSector           
0     00008443  _Fl2812_Init                    
0     00008479  _Fl28x_WatchDogDisable          
0     00008481  _Fl28x_DisableNMI               
0     0000848a  _Fl28x_ClearLoop                
0     000084ce  _Fl2812_ClearSector             
0     00008509  _Flash2812_Verify               
0     0000853d  _Fl28x_Delay                    
0     0000854a  _Fl28x_DisableInt               
0     0000854e  _Fl28x_RestoreInt               
0     00008551  _cpu_timer0_isr                 
0     00008551  _secureRamFuncs_runstart        
0     0000882d  _sciaTxFifoIsr                  
0     0000886c  _sciaRxFifoIsr                  
0     000088b9  _flash_init                     
0     000088dc  _prod_add                       
0     003dde75  __ctypes_                       
0     003ddf76  _PieVectTableInit               
0     003de076  _dscrctable                     
0     003de2e0  _BAUD                           
0     003de2fc  _BITMAP                         
0     003de30c  ___cinit__                      
0     003de30c  cinit                           
0     003ec000  .text                           
0     003ec000  ___text__                       
0     003ec000  _update_units                   
0     003ec089  _print_vfd                      
0     003ec0d8  _print_sensor                   
0     003ec261  _print_limits                   
0     003ec302  _print_dac                      
0     003ec36d  _print_channel                  
0     003ec3af  _matchTag                       
0     003ec3fe  _main                           
0     003ef5cc  _get_fattime                    
0     003f0012  ___TI_printfi                   
0     003f0129  _SPICAN_T0_RTS                  
0     003f0135  _SPICANWrite                    
0     003f014d  _SPICAN_SetT0Data               
0     003f0182  _SPICAN_SetT0Addr               
0     003f01b0  _SPICANRead                     
0     003f01c4  _SPICANWaitForTXBuf             
0     003f01f1  _SPICANVerifyTXBuf              
0     003f0215  _SPICANSetNorm                  
0     003f0227  _SPICANReadBuf_Array            
0     003f0241  _SPICANReadSetT0Message         
0     003f024e  _SPICANBitModify                
0     003f026c  _SPICANRoutine                  
0     003f02d1  _SPICANReset                    
0     003f02dd  _SPICANReadyConfig              
0     003f0302  _SPICANReadStat                 
0     003f0313  _SPICANReadInts                 
0     003f0336  _SPICANReadInt                  
0     003f0347  _SPICANRXStatus                 
0     003f035b  _SPICANRXBufReady               
0     003f0371  _SPICANReadBufs                 
0     003f03a5  _SPICANReadBuf1                 
0     003f03cb  _SPICANMasksFilts               
0     003f04ce  _SPICANIntEn                    
0     003f04e0  _SPICANConfigure                
0     003f0510  _SPICANInit                     
0     003f058f  _SPICANCheckInts                
0     003f05b7  _markTxMailboxHandled           
0     003f05c1  _setTRSforMailbox               
0     003f05cb  _wakeUpMCs                      
0     003f05ed  _sleepMCs                       
0     003f060f  _sendModStatus                  
0     003f06f7  _resetAlarms                    
0     003f0719  _processJSRGlobal               
0     003f07d9  _configCAN                      
0     003f08ac  _InitECan                       
0     003f0952  _CAN_Tx_SendInformationRequest  
0     003f09f5  _velf_rst                       
0     003f0a19  _checkFaults                    
0     003f0aa8  _stateMachine                   
0     003f0af2  _maf_rst                        
0     003f0b13  _dac_setmode                    
0     003f0b17  _ad7738_tempstart               
0     003f0b20  _ad7738_tempread                
0     003f0b29  _ad7738_tagsdetect              
0     003f0b32  _ad7738_settemp                 
0     003f0b6a  _ad7738_setlimitchgd            
0     003f0b6f  _ad7738_setcal                  
0     003f0c3f  _ad7738_resetvall               
0     003f0c43  _ad7738_resettare               
0     003f0c47  _ad7738_resetpeak               
0     003f0c4b  _ad7738_resetlimit              
0     003f0c88  _ad7738_rawrdy                  
0     003f0c8c  _ad7738_monrdy                  
0     003f0c90  _ad7738_monclr                  
0     003f0c94  _InitCpuTimer0                  
0     003f0cae  _ConfigCpuTimer0                
0     003f0cc6  _ad7738_init                    
0     003f0db0  _ad7738_getvall                 
0     003f0db3  _ad7738_getraw                  
0     003f0db9  _ad7738_getpeak                 
0     003f0dbc  _ad7738_getmon                  
0     003f0dbf  _ad7738_getlimitst              
0     003f0dd4  _ad7738_getlimitchgd            
0     003f0de1  _scia_reset                     
0     003f0dec  _scia_set_cmd_mode              
0     003f0df3  _scia_send_bin                  
0     003f0ed8  _scia_send                      
0     003f0f05  _scia_rx_getcmds                
0     003f0f09  _scia_rx_getcmd                 
0     003f0f82  _scia_rx_getchar                
0     003f0f9f  _scia_rx_getavail               
0     003f0fa3  _scia_putwordarray              
0     003f0fea  _scia_putword                   
0     003f1027  _scia_puts                      
0     003f104e  _scia_putchar                   
0     003f106f  _scia_init                      
0     003f10bf  _scia_getparam                  
0     003f10d4  _scia_get_cmd_mode              
0     003f10d8  _tagrst                         
0     003f111c  _tagputbit                      
0     003f113c  _tagputbyte                     
0     003f114d  _taggetbit                      
0     003f1183  _taggetbyte                     
0     003f119c  _tagid                          
0     003f11f3  _tagdetect                      
0     003f122d  _ds1820rst                      
0     003f125b  _ds1820putbit                   
0     003f128c  _ds1820putbyte                  
0     003f129d  _ds1820start                    
0     003f12be  _ds1820getbit                   
0     003f12ec  _ds1820getbyte                  
0     003f1301  _ds1820read                     
0     003f1371  _ds1820id                       
0     003f13be  _prod_init                      
0     003f13c5  _prod_getnext                   
0     003f13db  _prod_getavail                  
0     003f13df  _conf_default                   
0     003f14f5  _bigbufftest                    
0     003f155c  _lcd_puts                       
0     003f1573  _lcd_putchar                    
0     003f157d  _lcd_next                       
0     003f15d3  _lcd_init                       
0     003f1685  _lcd_dputs                      
0     003f16dd  _lcd_clear                      
0     003f16e7  _rsvd_ISR                       
0     003f16ec  _XINT2_ISR                      
0     003f16f1  _XINT1_ISR                      
0     003f16f6  _WAKEINT_ISR                    
0     003f16fb  _USER9_ISR                      
0     003f1700  _USER8_ISR                      
0     003f1705  _USER7_ISR                      
0     003f170a  _USER6_ISR                      
0     003f170f  _USER5_ISR                      
0     003f1714  _USER4_ISR                      
0     003f1719  _USER3_ISR                      
0     003f171e  _USER2_ISR                      
0     003f1723  _USER1_ISR                      
0     003f1728  _USER12_ISR                     
0     003f172d  _USER11_ISR                     
0     003f1732  _USER10_ISR                     
0     003f1737  _TINT0_ISR                      
0     003f173c  _T4UFINT_ISR                    
0     003f1741  _T4PINT_ISR                     
0     003f1746  _T4OFINT_ISR                    
0     003f174b  _T4CINT_ISR                     
0     003f1750  _T3UFINT_ISR                    
0     003f1755  _T3PINT_ISR                     
0     003f175a  _T3OFINT_ISR                    
0     003f175f  _T3CINT_ISR                     
0     003f1764  _T2UFINT_ISR                    
0     003f1769  _T2PINT_ISR                     
0     003f176e  _T2OFINT_ISR                    
0     003f1773  _T2CINT_ISR                     
0     003f1778  _T1UFINT_ISR                    
0     003f177d  _T1PINT_ISR                     
0     003f1782  _T1OFINT_ISR                    
0     003f1787  _T1CINT_ISR                     
0     003f178c  _SPITXINTA_ISR                  
0     003f1791  _SPIRXINTA_ISR                  
0     003f1796  _SCITXINTB_ISR                  
0     003f179b  _SCITXINTA_ISR                  
0     003f17a0  _SCIRXINTB_ISR                  
0     003f17a5  _SCIRXINTA_ISR                  
0     003f17aa  _RTOSINT_ISR                    
0     003f17af  _PIE_RESERVED                   
0     003f17b4  _PDPINTB_ISR                    
0     003f17b9  _PDPINTA_ISR                    
0     003f17be  _NMI_ISR                        
0     003f17c3  _MXINTA_ISR                     
0     003f17c8  _MRINTA_ISR                     
0     003f17cd  _INT14_ISR                      
0     003f17d2  _INT13_ISR                      
0     003f17d7  _ILLEGAL_ISR                    
0     003f17dc  _EMUINT_ISR                     
0     003f17e1  _EMPTY_ISR                      
0     003f17e6  _ECAN1INTA_ISR                  
0     003f17eb  _ECAN0INTA_ISR                  
0     003f17f0  _DATALOG_ISR                    
0     003f17f5  _CMP6INT_ISR                    
0     003f17fa  _CMP5INT_ISR                    
0     003f17ff  _CMP4INT_ISR                    
0     003f1804  _CMP3INT_ISR                    
0     003f1809  _CMP2INT_ISR                    
0     003f180e  _CMP1INT_ISR                    
0     003f1813  _CAPINT6_ISR                    
0     003f1818  _CAPINT5_ISR                    
0     003f181d  _CAPINT4_ISR                    
0     003f1822  _CAPINT3_ISR                    
0     003f1827  _CAPINT2_ISR                    
0     003f182c  _CAPINT1_ISR                    
0     003f1831  _ADCINT_ISR                     
0     003f1836  _setSytemRuntimeEst             
0     003f1837  _setSystemStatus                
0     003f183b  _setSystemRuntimeFL             
0     003f183c  _setSystemOutCurrentF           
0     003f1840  _setSystemOutCurrent            
0     003f1844  _setSystemNumDischarges         
0     003f1845  _setSystemMode                  
0     003f1849  _setSystemIsoRelay              
0     003f184d  _setSystemCapVoltageF           
0     003f1851  _setSystemCapVoltage            
0     003f1855  _setSystemBusVoltage            
0     003f1856  _setSystemAvailEnergy           
0     003f185a  _setShelfVoltage                
0     003f1865  _setShelfMinTempID              
0     003f1870  _setShelfMinTemp                
0     003f187b  _setShelfMaxTempID              
0     003f1886  _setShelfMaxTemp                
0     003f1891  _setShelfErrors                 
0     003f189c  _setShelfAvgTemp                
0     003f18a7  _setShelfAlarms                 
0     003f18b2  _setSSRelay                     
0     003f18b3  _setModVoltage                  
0     003f18c2  _setModTemp                     
0     003f18d1  _setModAlarms                   
0     003f18e0  _getSystemStatus                
0     003f18e4  _getSystemSSRelay               
0     003f18e5  _getSystemRuntimeFL             
0     003f18e6  _getSystemRuntimeEst            
0     003f18e7  _getSystemOutCurrentF           
0     003f18eb  _getSystemOutCurrent            
0     003f18ef  _getSystemNumDischarges         
0     003f18f0  _getSystemMode                  
0     003f18f4  _getSystemIsRelay               
0     003f18f8  _getSystemCapVoltageF           
0     003f18fc  _getSystemCapVoltage            
0     003f1900  _getSystemBusVoltage            
0     003f1902  _getSystemAvailEnergy           
0     003f1906  _getShelfVoltage                
0     003f1910  _getShelfMinTempID              
0     003f191a  _getShelfMinTemp                
0     003f1924  _getShelfMaxTempID              
0     003f192e  _getShelfMaxTemp                
0     003f1938  _getShelfErrors                 
0     003f1942  _getShelfAvgTemp                
0     003f194c  _getShelfAlarms                 
0     003f1956  _getModVoltage                  
0     003f1965  _getModTemp                     
0     003f1974  _getModAlarms                   
0     003f1983  _strtod                         
0     003f1983  _strtof                         
0     003f1acb  _gpio_init                      
0     003f1bd2  LL$$DIV                         
0     003f1c0e  LL$$MOD                         
0     003f1c48  ULL$$DIV                        
0     003f1c77  ULL$$MOD                        
0     003f1cd9  _xintf_init                     
0     003f1d6c  _sys_init                       
0     003f1dbd  _ldexpl                         
0     003f1dbd  _scalbnl                        
0     003f1e7a  _led_turnon                     
0     003f1ea9  _led_toggle                     
0     003f1ebc  _led_set                        
0     003f1f10  _led_init                       
0     003f1f20  _xpi_xmit2                      
0     003f1f4d  _xpi_adcdataread                
0     003f1fa6  _spi_xmit                       
0     003f1faf  _spi_recv                       
0     003f1fb7  _spi_init                       
0     003f1fc4  FD$$ADD                         
0     003f2060  FD$$DIV                         
0     003f20eb  FD$$MPY                         
0     003f216e  FS$$DIV                         
0     003f21f1  _uart_set_dir                   
0     003f21fa  _ssr_set                        
0     003f220e  _shunt_switch                   
0     003f2226  _set_sd_spd                     
0     003f2234  _set_sd_en                      
0     003f2242  _set_lcd_en                     
0     003f2250  _extio_init                     
0     003f2257  _anaen_set                      
0     003f226b  FS$$SUB                         
0     003f2270  FS$$ADD                         
0     003f22e3  _mcbsp_xmit                     
0     003f22fc  _mcbsp_init                     
0     003f2332  _latch_dac                      
0     003f233f  _frexpl                         
0     003f239b  FS$$MPY                         
0     003f23f5  _c_int00                        
0     003f2449  _copy_in                        
0     003f248f  _atol                           
0     003f24c4  _conf_write                     
0     003f24eb  _conf_read                      
0     003f24f6  _sprintf                        
0     003f2528  _atoi                           
0     003f2559  _ltoa                           
0     003f2587  _qep_rstCountB                  
0     003f258b  _qep_rstCountA                  
0     003f258f  _qep_init                       
0     003f25aa  _qep_getCountB                  
0     003f25ae  _qep_getCountA                  
0     003f25b2  FD$$CMP                         
0     003f25dc  L$$DIV                          
0     003f25eb  L$$MOD                          
0     003f25f9  UL$$DIV                         
0     003f2600  UL$$MOD                         
0     003f2606  C$$EXIT                         
0     003f2606  _abort                          
0     003f2608  _exit                           
0     003f262f  FS$$TOL                         
0     003f2658  _InitPieCtrl                    
0     003f2677  _EnableInterrupts               
0     003f2680  FS$$TOI                         
0     003f26a5  FS$$TOLL                        
0     003f26c9  _copysignl                      
0     003f26ec  I$$DIV                          
0     003f26fd  I$$MOD                          
0     003f270e  LL$$TOFS                        
0     003f2730  FD$$TOI                         
0     003f2751  FD$$TOL                         
0     003f2770  LL$$CMP                         
0     003f2782  ULL$$CMP                        
0     003f278e  FS$$TOU                         
0     003f27ab  I$$TOFD                         
0     003f27c8  _memcpy                         
0     003f27e5  FS$$TOFD                        
0     003f2801  L$$TOFD                         
0     003f281d  _ddcopy                         
0     003f281d  _dpcopy                         
0     003f281d  _pdcopy                         
0     003f281d  _ppcopy                         
0     003f2837  I$$TOFS                         
0     003f2851  L$$TOFS                         
0     003f286b  __args_main                     
0     003f2884  LL$$AND                         
0     003f288c  LL$$OR                          
0     003f2894  LL$$XOR                         
0     003f289c  FS$$CMP                         
0     003f28b3  _memcmp                         
0     003f28c8  _InitPieVectTable               
0     003f28d9  _delay_us                       
0     003f28e9  U$$TOFS                         
0     003f28f9  FD$$SUB                         
0     003f2907  _memccpy                        
0     003f2914  _memset                         
0     003f2920  _strchr                         
0     003f292b  __register_unlock               
0     003f292f  __register_lock                 
0     003f2933  __nop                           
0     003f2934  FD$$NEG                         
0     003f2945  _strlen                         
0     003f294d  FS$$NEG                         
0     003f2952  _strcpy                         
0     003f2957  _SetDBGIER                      
0     003f295a  _reboot                         
0     003f295c  __system_pre_init               
0     003f295e  __system_post_cinit             
0     003f295f  ___etext__                      
0     003f295f  etext                           
0     003f4000  _Flash28_API_LoadStart          
0     003f4551  _Flash28_API_LoadEnd            
0     003f4551  _secureRamFuncs_loadstart       
0     003f48fc  _secureRamFuncs_loadend         
1     00000000  __stack                         
1     00000400  __STACK_END                     
1     00000880  _DevEmuRegs                     
1     00000a80  _FlashRegs                      
1     00000ae0  _CsmRegs                        
1     00000b20  _XintfRegs                      
1     00000c00  _CpuTimer0Regs                  
1     00000c08  _CpuTimer1Regs                  
1     00000c10  _CpuTimer2Regs                  
1     00000ce0  _PieCtrlRegs                    
1     00000d00  _PieVectTable                   
1     00006000  _ECanaRegs                      
1     00006040  _ECanaLAMRegs                   
1     00006080  _ECanaMOTSRegs                  
1     000060c0  _ECanaMOTORegs                  
1     00006100  _ECanaMboxes                    
1     00007010  _SysCtrlRegs                    
1     00007040  _SpiaRegs                       
1     00007050  _SciaRegs                       
1     00007070  _XIntruptRegs                   
1     000070c0  _GpioMuxRegs                    
1     000070e0  _GpioDataRegs                   
1     00007100  _AdcRegs                        
1     00007400  _EvaRegs                        
1     00007500  _EvbRegs                        
1     00007750  _ScibRegs                       
1     00007800  _McbspaRegs                     
1     00009000  _conf_data                      
1     00080000  _prodData                       
1     000a7100  _velpbuf                        
1     000a8100  _veldbuf                        
1     000a9100  _mafbuf                         
1     003f7ff8  _CsmPwl                         
1     003f8000  .bss                            
1     003f8000  ___bss__                        
1     003f8000  ___end__                        
1     003f8000  _cmd_mode                       
1     003f8000  end                             
1     003f8001  _autoidchanged                  
1     003f8002  _VEL_U                          
1     003f8004  _POS_U                          
1     003f8006  _autoid                         
1     003f800a  _tagwasthere                    
1     003f800e  _rtc                            
1     003f8200  _tsensor                        
1     003f82c0  _fileOb                         
1     003f8500  _Fatfs                          
1     003f8f40  _scia_rx_tail                   
1     003f8f41  _scia_rx_avail                  
1     003f8f42  _scia_rx_head                   
1     003f8f43  _scia_cmd_mode                  
1     003f8f44  _stx_received                   
1     003f8f45  _scia_tx_left                   
1     003f8f46  _scia_tx_head                   
1     003f8f47  _scia_tx_tail                   
1     003f8f48  _scia_rx_cmds                   
1     003f8f80  _scia_rx_buff                   
1     003f9380  _scia_tx_buff                   
1     003f9781  _peak_reset                     
1     003f9782  _velidx                         
1     003f9783  _vall_reset                     
1     003f9784  _tempread                       
1     003f9785  _prevSysState                   
1     003f9786  _monrdy                         
1     003f9787  _tagscnt                        
1     003f9788  _tare_reset                     
1     003f9789  _sysState                       
1     003f978a  _ad7738_ph                      
1     003f978b  _tagsdetect                     
1     003f978c  _tempstart                      
1     003f978d  _tempcnt                        
1     003f978e  _dacvalue                       
1     003f978f  _dacsetvolt                     
1     003f9790  _mon_cnt                        
1     003f9791  _rawrdy                         
1     003f9792  _ad7738_rev                     
1     003f9794  _adcdiff                        
1     003f9796  _limitchgd                      
1     003f979a  _mafsize                        
1     003f979e  _mafidx                         
1     003f97a2  _ad7738_err                     
1     003f97a6  _enccnt                         
1     003f97aa  _veldsum                        
1     003f97ae  _limit                          
1     003f97b2  _ad7738_cnt                     
1     003f97c0  _ad7738_raw                     
1     003f97c8  _daci                           
1     003f97d0  _mafdiff                        
1     003f97d8  _dacs                           
1     003f97e8  _ad7738_load                    
1     003f9800  _ad7738_mon                     
1     003f9810  _hfactor                        
1     003f9820  _ad7738_peak                    
1     003f9830  _ad7738_vall                    
1     003f9840  _mafsum                         
1     003f9850  _ad7738_tare                    
1     003f9880  _intercept                      
1     003f9940  _slope                          
1     003f99f0  _EraseStatus                    
1     003f99f4  _VerifyStatus                   
1     003f99f8  _ProgStatus                     
1     003f99fc  _Flash_CallbackPtr              
1     003f99fe  _Flash_CPUScaleFactor           
1     003f9a00  _System                         
1     003f9a98  _bms_cmd                        
1     003f9a9a  _bms_status                     
1     003f9a9e  _motorJogDir                    
1     003f9a9f  _autoHeightEnable               
1     003f9aa0  _motorJog                       
1     003f9aa2  _autoHeight                     
1     003f9aa4  ___TI_enable_exit_profile_output
1     003f9aa6  ___TI_cleanup_ptr               
1     003f9aa8  ___TI_dtors_ptr                 
1     003f9ab2  _analogen                       
1     003f9ab3  _digictrl                       
1     003f9ab4  _analogout                      
1     003f9ab5  _errno                          
1     003f9ab6  __lock                          
1     003f9ab8  __unlock                        
1     003f9ac0  _lcdpos                         
1     003f9ac1  _lcdidx                         
1     003f9b00  _lcdbuff                        
1     003f9b80  _prod_head                      
1     003f9b81  _prod_tail                      
1     003f9b82  _prod_avail                     
1     003f9b84  _INTERFACE                      
1     003f9b8c  _METHOD                         
1     003f9b94  _LPV                            
1     003f9bc0  _UNITS                          
1     003f9c00  _ECanaShadow                    
abs   00000400  __STACK_SIZE                    
abs   ffffffff  ___TI_pprof_out_hndl            
abs   ffffffff  ___TI_prof_data_size            
abs   ffffffff  ___TI_prof_data_start           
abs   ffffffff  ___binit__                      
abs   ffffffff  ___c_args__                     
abs   ffffffff  ___pinit__                      
abs   ffffffff  binit                           
abs   ffffffff  pinit                           

[523 symbols]
