******************************************************************************
             TMS320C2000 Linker PC v15.12.6                    
******************************************************************************
>> Linked Thu Nov 14 13:43:31 2019

OUTPUT FILE NAME:   <loadcell.out>
ENTRY POINT SYMBOL: "_c_int00"  address: 003f1a82


MEMORY CONFIGURATION

         name            origin    length      used     unused   attr    fill
----------------------  --------  ---------  --------  --------  ----  --------
PAGE 0:
  L0SARAM               00008000   00001000  000008a9  00000757  RWIX
  FLASH_I               003da000   00002000  00000000  00002000  RWIX
  FLASH_GH              003dc000   00008000  000024ba  00005b46  RWIX
  FLASH_EF              003e4000   00008000  00000000  00008000  RWIX
  FLASH_CD              003ec000   00008000  00005fec  00002014  RWIX
  FLASH_B               003f4000   00001f80  000008a9  000016d7  RWIX
  CSM_RSVD              003f5f80   00000076  00000076  00000000  RWIX
  BEGIN_FLASH           003f5ff6   00000002  00000002  00000000  RWIX
  PASSWORDS             003f5ff8   00000008  00000008  00000000  RWIX
  BOOTROM               003ff000   00000fc0  00000000  00000fc0  RWIX
  RESET                 003fffc0   00000002  00000000  00000002  RWIX
  VECTORS               003fffc2   0000003e  00000000  0000003e  RWIX

PAGE 1:
  M0SARAM               00000000   00000400  00000400  00000000  RWIX
  M1SARAM               00000400   00000400  00000000  00000400  RWIX
  DEV_EMU               00000880   00000180  000000d0  000000b0  RWIX
  FLASH_REGS            00000a80   00000060  00000008  00000058  RWIX
  CSM                   00000ae0   00000010  00000010  00000000  RWIX
  XINTF                 00000b20   00000020  00000020  00000000  RWIX
  CPU_TIMER0            00000c00   00000008  00000008  00000000  RWIX
  CPU_TIMER1            00000c08   00000008  00000008  00000000  RWIX
  CPU_TIMER2            00000c10   00000008  00000008  00000000  RWIX
  PIE_CTRL              00000ce0   00000020  0000001a  00000006  RWIX
  PIE_VECT              00000d00   00000100  00000100  00000000  RWIX
  ZONE1                 00004000   0000000e  00000000  0000000e  RWIX
  ECANA                 00006000   00000040  00000034  0000000c  RWIX
  ECANA_LAM             00006040   00000040  00000040  00000000  RWIX
  ECANA_MOTS            00006080   00000040  00000040  00000000  RWIX
  ECANA_MOTO            000060c0   00000040  00000040  00000000  RWIX
  ECANA_MBOX            00006100   00000100  00000100  00000000  RWIX
  SYSTEM                00007010   00000020  00000020  00000000  RWIX
  SPIA                  00007040   00000010  00000010  00000000  RWIX
  SCIA                  00007050   00000010  00000010  00000000  RWIX
  XINTRUPT              00007070   00000010  00000010  00000000  RWIX
  GPIOMUX               000070c0   00000020  00000020  00000000  RWIX
  GPIODAT               000070e0   00000020  00000020  00000000  RWIX
  ADC                   00007100   00000020  0000001a  00000006  RWIX
  EVA                   00007400   00000040  00000032  0000000e  RWIX
  EVB                   00007500   00000040  00000032  0000000e  RWIX
  SCIB                  00007750   00000010  00000010  00000000  RWIX
  MCBSPA                00007800   00000040  00000025  0000001b  RWIX
  L1SARAM               00009000   00001000  00000c78  00000388  RWIX
  ZONE26                00080000   00100000  000b1c80  0004e380  RWIX
  FLASH_J               003d8000   00002000  00000000  00002000  RWIX
  CSM_PWL               003f7ff8   00000008  00000008  00000000  RWIX
  H0SARAM               003f8000   00002000  00001ab4  0000054c  RWIX


SECTION ALLOCATION MAP

 output                                  attributes/
section   page    origin      length       input sections
--------  ----  ----------  ----------   ----------------
.econst    0    003dc000    0000238a     
                  003dc000    00001f17     prod.obj (.econst:.string)
                  003ddf17    00000101     rts2800_ml.lib : ctype.obj (.econst:.string:__ctypes_)
                  003de018    00000100     DSP281x_PieVect.obj (.econst:_PieVectTableInit)
                  003de118    00000100     ds1wire.obj (.econst:_dscrctable)
                  003de218    00000090     data.obj (.econst:.string)
                  003de2a8    00000044     ff.obj (.econst:.string)
                  003de2ec    00000026     rts2800_ml.lib : _printfi.obj (.econst:.string)
                  003de312    0000001c                    : _printfi.obj (.econst)
                  003de32e    0000001c                    : s_scalbn.obj (.econst)
                  003de34a    00000014                    : strtod.obj (.econst:_digits)
                  003de35e    00000010     data.obj (.econst:_BAUD)
                  003de36e    0000000c     rts2800_ml.lib : strtod.obj (.econst:_powerof10)
                  003de37a    00000008     data.obj (.econst:_BITMAP)
                  003de382    00000008     rts2800_ml.lib : s_frexp.obj (.econst)

.cinit     0    003de38a    000000fc     
                  003de38a    00000051     ad7738.obj (.cinit)
                  003de3db    0000004c     data.obj (.cinit)
                  003de427    00000011     motor.obj (.cinit)
                  003de438    0000000e     prod.obj (.cinit)
                  003de446    0000000e     rts2800_ml.lib : exit.obj (.cinit)
                  003de454    0000000c     extio.obj (.cinit)
                  003de460    0000000a     Flash2812_API_V210.lib : Flash28_Globals.obj (.cinit)
                  003de46a    00000008     sci.obj (.cinit)
                  003de472    00000005     rts2800_ml.lib : _lock.obj (.cinit:__lock)
                  003de477    00000005                    : _lock.obj (.cinit:__unlock)
                  003de47c    00000004     diskio.obj (.cinit)
                  003de480    00000004     rts2800_ml.lib : errno.obj (.cinit)
                  003de484    00000002     --HOLE-- [fill = 0]

.switch    0    003de486    00000034     
                  003de486    00000034     prod.obj (.switch:_main)

.text      0    003ec000    00005fec     
                  003ec000    000035bc     prod.obj (.text)
                  003ef5bc    00000b45     rts2800_ml.lib : _printfi.obj (.text)
                  003f0101    000002ff     ad7738.obj (.text)
                  003f0400    000002f7     sci.obj (.text)
                  003f06f7    000002e6     ds1wire.obj (.text)
                  003f09dd    0000018d     data.obj (.text)
                  003f0b6a    0000018b     lcd.obj (.text)
                  003f0cf5    0000015e     DSP281x_ECan.obj (.text)
                  003f0e53    0000014f     DSP281x_DefaultIsr.obj (.text:retain)
                  003f0fa2    00000148     rts2800_ml.lib : strtod.obj (.text)
                  003f10ea    00000107     gpio.obj (.text)
                  003f11f1    00000107     rts2800_ml.lib : ll_div.obj (.text)
                  003f12f8    000000e2     system.obj (.text)
                  003f13da    000000bd     rts2800_ml.lib : s_scalbn.obj (.text)
                  003f1497    000000a6     led.obj (.text)
                  003f153d    000000a4     spi.obj (.text)
                  003f15e1    0000009c     rts2800_ml.lib : fd_add.obj (.text)
                  003f167d    0000008b                    : fd_div.obj (.text)
                  003f1708    00000083                    : fd_mpy.obj (.text)
                  003f178b    00000083                    : fs_div.obj (.text)
                  003f180e    0000007a     extio.obj (.text)
                  003f1888    00000078     rts2800_ml.lib : fs_add.obj (.text)
                  003f1900    00000070     motor.obj (.text)
                  003f1970    0000005c     mcbsp.obj (.text)
                  003f19cc    0000005c     rts2800_ml.lib : s_frexp.obj (.text)
                  003f1a28    0000005a                    : fs_mpy.obj (.text)
                  003f1a82    00000054                    : boot.obj (.text)
                  003f1ad6    00000046                    : cpy_tbl.obj (.text)
                  003f1b1c    00000035                    : atol.obj (.text)
                  003f1b51    00000032     flash.obj (.text)
                  003f1b83    00000032     rts2800_ml.lib : sprintf.obj (.text)
                  003f1bb5    00000031                    : atoi.obj (.text)
                  003f1be6    0000002e                    : ltoa.obj (.text)
                  003f1c14    0000002b     qep.obj (.text)
                  003f1c3f    0000002a     rts2800_ml.lib : fd_cmp.obj (.text)
                  003f1c69    0000002a                    : l_div.obj (.text)
                  003f1c93    00000029                    : exit.obj (.text)
                  003f1cbc    00000029                    : fs_tol.obj (.text)
                  003f1ce5    00000028     DSP281x_PieCtrl.obj (.text)
                  003f1d0d    00000025     rts2800_ml.lib : fs_toi.obj (.text)
                  003f1d32    00000024                    : fs_toll.obj (.text)
                  003f1d56    00000023                    : s_copysign.obj (.text)
                  003f1d79    00000022                    : i_div.obj (.text)
                  003f1d9b    00000022                    : ll_tofs.obj (.text)
                  003f1dbd    00000021                    : fd_toi.obj (.text)
                  003f1dde    0000001f                    : fd_tol.obj (.text)
                  003f1dfd    0000001e                    : ll_cmp.obj (.text)
                  003f1e1b    0000001d                    : fs_tou.obj (.text)
                  003f1e38    0000001d                    : i_tofd.obj (.text)
                  003f1e55    0000001d                    : memcpy.obj (.text)
                  003f1e72    0000001c                    : fs_tofd.obj (.text)
                  003f1e8e    0000001c                    : l_tofd.obj (.text)
                  003f1eaa    0000001a                    : cpy_utils.obj (.text)
                  003f1ec4    0000001a                    : i_tofs.obj (.text)
                  003f1ede    0000001a                    : l_tofs.obj (.text)
                  003f1ef8    00000019                    : args_main.obj (.text)
                  003f1f11    00000018                    : ll_aox.obj (.text)
                  003f1f29    00000017                    : fs_cmp.obj (.text)
                  003f1f40    00000015                    : memcmp.obj (.text)
                  003f1f55    00000011     DSP281x_PieVect.obj (.text)
                  003f1f66    00000010     delay_us.obj (.text)
                  003f1f76    00000010     rts2800_ml.lib : u_tofs.obj (.text)
                  003f1f86    0000000e                    : fd_sub.obj (.text)
                  003f1f94    0000000d                    : memccpy.obj (.text)
                  003f1fa1    0000000c                    : memset.obj (.text)
                  003f1fad    0000000b                    : strchr.obj (.text)
                  003f1fb8    00000009                    : _lock.obj (.text)
                  003f1fc1    00000009                    : fd_neg.obj (.text)
                  003f1fca    00000008     DSP281x_CodeStartBranch.obj (.text)
                  003f1fd2    00000008     rts2800_ml.lib : strlen.obj (.text)
                  003f1fda    00000005                    : fs_neg.obj (.text)
                  003f1fdf    00000005                    : strcpy.obj (.text)
                  003f1fe4    00000003     SetDBGIER.obj (.text)
                  003f1fe7    00000002     reboot.obj (.text)
                  003f1fe9    00000002     rts2800_ml.lib : pre_init.obj (.text)
                  003f1feb    00000001                    : startup.obj (.text)

.pinit     0    003dc000    00000000     UNINITIALIZED

.reset     0    003fffc0    00000002     DSECT
                  003fffc0    00000002     rts2800_ml.lib : boot.obj (.reset)

Flash28_API 
*          0    003f4000    00000551     RUN ADDR = 00008000
                  003f4000    00000032     Flash2812_API_V210.lib : Flash28_Erase.obj (.econst)
                  003f4032    000000a4                            : Flash28_Prog.obj (.text)
                  003f40d6    0000009a                            : Flash28_Erase_Pulse.obj (.text)
                  003f4170    00000091                            : Flash28_Erase.obj (.text)
                  003f4201    0000008d                            : Flash28_Internals.obj (.text)
                  003f428e    0000007f                            : Flash28_Prog_Pulse.obj (.text)
                  003f430d    0000007d                            : Flash28_Compact_Pulse.obj (.text)
                  003f438a    00000060                            : Flash28_EraseSector.obj (.text)
                  003f43ea    00000059                            : Flash28_CompactSector.obj (.text)
                  003f4443    00000047                            : Flash28_Init.obj (.text)
                  003f448a    00000044                            : Flash28_ClearLoop.obj (.text)
                  003f44ce    0000003b                            : Flash28_ClearSector.obj (.text)
                  003f4509    00000034                            : Flash28_Verify.obj (.text)
                  003f453d    0000000d                            : Flash28_Delay.obj (.text)
                  003f454a    00000007                            : Flash28_DisInt.obj (.text)

secureRamFuncs 
*          0    003f4551    00000358     RUN ADDR = 00008551
                  003f4551    000001e6     ad7738.obj (secureRamFuncs:retain)
                  003f4737    000000a3     ad7738.obj (secureRamFuncs)
                  003f47da    0000008c     sci.obj (secureRamFuncs:retain)
                  003f4866    00000023     system.obj (secureRamFuncs)
                  003f4889    00000020     data.obj (secureRamFuncs)

csm_rsvd   0    003f5f80    00000076     
                  003f5f80    00000076     passwords.obj (csm_rsvd)

codestart 
*          0    003f5ff6    00000002     
                  003f5ff6    00000002     DSP281x_CodeStartBranch.obj (codestart)

passwords 
*          0    003f5ff8    00000008     
                  003f5ff8    00000008     passwords.obj (passwords)

.stack     1    00000000    00000400     UNINITIALIZED
                  00000000    00000400     --HOLE--

DevEmuRegsFile 
*          1    00000880    000000d0     UNINITIALIZED
                  00000880    000000d0     DSP281x_GlobalVariableDefs.obj (DevEmuRegsFile)

FlashRegsFile 
*          1    00000a80    00000008     UNINITIALIZED
                  00000a80    00000008     DSP281x_GlobalVariableDefs.obj (FlashRegsFile)

CsmRegsFile 
*          1    00000ae0    00000010     UNINITIALIZED
                  00000ae0    00000010     DSP281x_GlobalVariableDefs.obj (CsmRegsFile)

XintfRegsFile 
*          1    00000b20    00000020     UNINITIALIZED
                  00000b20    00000020     DSP281x_GlobalVariableDefs.obj (XintfRegsFile)

CpuTimer0RegsFile 
*          1    00000c00    00000008     UNINITIALIZED
                  00000c00    00000008     DSP281x_GlobalVariableDefs.obj (CpuTimer0RegsFile)

CpuTimer1RegsFile 
*          1    00000c08    00000008     UNINITIALIZED
                  00000c08    00000008     DSP281x_GlobalVariableDefs.obj (CpuTimer1RegsFile)

CpuTimer2RegsFile 
*          1    00000c10    00000008     UNINITIALIZED
                  00000c10    00000008     DSP281x_GlobalVariableDefs.obj (CpuTimer2RegsFile)

PieCtrlRegsFile 
*          1    00000ce0    0000001a     UNINITIALIZED
                  00000ce0    0000001a     DSP281x_GlobalVariableDefs.obj (PieCtrlRegsFile)

PieVectTableFile 
*          1    00000d00    00000100     UNINITIALIZED
                  00000d00    00000100     DSP281x_GlobalVariableDefs.obj (PieVectTableFile)

ECanaRegsFile 
*          1    00006000    00000034     UNINITIALIZED
                  00006000    00000034     DSP281x_GlobalVariableDefs.obj (ECanaRegsFile)

ECanaLAMRegsFile 
*          1    00006040    00000040     UNINITIALIZED
                  00006040    00000040     DSP281x_GlobalVariableDefs.obj (ECanaLAMRegsFile)

ECanaMOTSRegsFile 
*          1    00006080    00000040     UNINITIALIZED
                  00006080    00000040     DSP281x_GlobalVariableDefs.obj (ECanaMOTSRegsFile)

ECanaMOTORegsFile 
*          1    000060c0    00000040     UNINITIALIZED
                  000060c0    00000040     DSP281x_GlobalVariableDefs.obj (ECanaMOTORegsFile)

ECanaMboxesFile 
*          1    00006100    00000100     UNINITIALIZED
                  00006100    00000100     DSP281x_GlobalVariableDefs.obj (ECanaMboxesFile)

SysCtrlRegsFile 
*          1    00007010    00000020     UNINITIALIZED
                  00007010    00000020     DSP281x_GlobalVariableDefs.obj (SysCtrlRegsFile)

SpiaRegsFile 
*          1    00007040    00000010     UNINITIALIZED
                  00007040    00000010     DSP281x_GlobalVariableDefs.obj (SpiaRegsFile)

SciaRegsFile 
*          1    00007050    00000010     UNINITIALIZED
                  00007050    00000010     DSP281x_GlobalVariableDefs.obj (SciaRegsFile)

XIntruptRegsFile 
*          1    00007070    00000010     UNINITIALIZED
                  00007070    00000010     DSP281x_GlobalVariableDefs.obj (XIntruptRegsFile)

GpioMuxRegsFile 
*          1    000070c0    00000020     UNINITIALIZED
                  000070c0    00000020     DSP281x_GlobalVariableDefs.obj (GpioMuxRegsFile)

GpioDataRegsFile 
*          1    000070e0    00000020     UNINITIALIZED
                  000070e0    00000020     DSP281x_GlobalVariableDefs.obj (GpioDataRegsFile)

AdcRegsFile 
*          1    00007100    0000001a     UNINITIALIZED
                  00007100    0000001a     DSP281x_GlobalVariableDefs.obj (AdcRegsFile)

EvaRegsFile 
*          1    00007400    00000032     UNINITIALIZED
                  00007400    00000032     DSP281x_GlobalVariableDefs.obj (EvaRegsFile)

EvbRegsFile 
*          1    00007500    00000032     UNINITIALIZED
                  00007500    00000032     DSP281x_GlobalVariableDefs.obj (EvbRegsFile)

ScibRegsFile 
*          1    00007750    00000010     UNINITIALIZED
                  00007750    00000010     DSP281x_GlobalVariableDefs.obj (ScibRegsFile)

McbspaRegsFile 
*          1    00007800    00000025     UNINITIALIZED
                  00007800    00000025     DSP281x_GlobalVariableDefs.obj (McbspaRegsFile)

l1ram      1    00009000    00000c78     UNINITIALIZED
                  00009000    00000c78     data.obj (l1ram)

bigbuffer 
*          1    00080000    000b1c80     UNINITIALIZED
                  00080000    000927c0     data.obj (bigbuffer)
                  001127c0    0001f4c0     ad7738.obj (bigbuffer)

CsmPwlFile 
*          1    003f7ff8    00000008     UNINITIALIZED
                  003f7ff8    00000008     DSP281x_GlobalVariableDefs.obj (CsmPwlFile)

.bss       1    003f8000    00000000     UNINITIALIZED

.ebss      1    003f8000    00001ab4     UNINITIALIZED
                  003f8000    00000f40     prod.obj (.ebss)
                  003f8f40    00000840     sci.obj (.ebss)
                  003f9780    000001ae     ad7738.obj (.ebss)
                  003f992e    0000000c     flash.obj (.ebss)
                  003f993a    00000006     motor.obj (.ebss)
                  003f9940    00000090     lcd.obj (.ebss)
                  003f99d0    00000006     rts2800_ml.lib : exit.obj (.ebss)
                  003f99d6    00000004     Flash2812_API_V210.lib : Flash28_Globals.obj (.ebss)
                  003f99da    00000004     diskio.obj (.ebss)
                  003f99de    00000004     ff.obj (.ebss)
                  003f99e2    00000003     extio.obj (.ebss)
                  003f99e5    00000001     rts2800_ml.lib : errno.obj (.ebss)
                  003f99e6    00000002                    : _lock.obj (.ebss:__lock)
                  003f99e8    00000002                    : _lock.obj (.ebss:__unlock)
                  003f99ea    00000002     ds1wire.obj (.ebss)
                  003f99ec    00000014     --HOLE--
                  003f9a00    00000060     data.obj (.ebss)
                  003f9a60    00000020     --HOLE--
                  003f9a80    00000034     DSP281x_ECan.obj (.ebss)

MODULE SUMMARY

       Module                           code    ro data   rw data
       ------                           ----    -------   -------
    .\ASM\
       passwords.obj                    0       0         126    
       delay_us.obj                     16      0         0      
       SetDBGIER.obj                    3       0         0      
       reboot.obj                       2       0         0      
    +--+--------------------------------+-------+---------+---------+
       Total:                           21      0         126    
                                                                 
    .\DSP281x_common\source\
       DSP281x_DefaultIsr.obj           335     0         0      
       DSP281x_PieVect.obj              17      0         256    
       DSP281x_PieCtrl.obj              40      0         0      
       DSP281x_CodeStartBranch.obj      10      0         0      
    +--+--------------------------------+-------+---------+---------+
       Total:                           402     0         256    
                                                                 
    .\DSP281x_headers\source\
       DSP281x_GlobalVariableDefs.obj   0       0         1401   
    +--+--------------------------------+-------+---------+---------+
       Total:                           0       0         1401   
                                                                 
    .\Source\
       data.obj                         461     0         603532 
       ad7738.obj                       2065    0         128703 
       prod.obj                         13756   0         11929  
       sci.obj                          1039    0         2120   
       ds1wire.obj                      742     0         258    
       lcd.obj                          395     0         144    
       DSP281x_ECan.obj                 350     0         52     
       system.obj                       296     0         0      
       gpio.obj                         263     0         0      
       led.obj                          166     0         0      
       spi.obj                          164     0         0      
       extio.obj                        122     0         15     
       motor.obj                        112     0         23     
       mcbsp.obj                        92      0         0      
       ff.obj                           0       0         72     
       flash.obj                        50      0         12     
       qep.obj                          43      0         0      
       diskio.obj                       0       0         8      
    +--+--------------------------------+-------+---------+---------+
       Total:                           20116   0         746868 
                                                                 
    C:/Users/antons/workspace_v6_1/CANbus/Flash2812_API_V210/lib/Flash2812_API_V210.lib
       Flash28_Erase.obj                290     0         100    
       Flash28_Prog.obj                 328     0         0      
       Flash28_Erase_Pulse.obj          308     0         0      
       Flash28_Internals.obj            282     0         0      
       Flash28_Prog_Pulse.obj           254     0         0      
       Flash28_Compact_Pulse.obj        250     0         0      
       Flash28_EraseSector.obj          192     0         0      
       Flash28_CompactSector.obj        178     0         0      
       Flash28_Init.obj                 142     0         0      
       Flash28_ClearLoop.obj            136     0         0      
       Flash28_ClearSector.obj          118     0         0      
       Flash28_Verify.obj               104     0         0      
       Flash28_Delay.obj                26      0         0      
       Flash28_DisInt.obj               14      0         0      
       Flash28_Globals.obj              0       0         14     
    +--+--------------------------------+-------+---------+---------+
       Total:                           2622    0         114    
                                                                 
    C:/ti/ccsv6/tools/compiler/ti-cgt-c2000_15.12.6.LTS/lib/rts2800_ml.lib
       _printfi.obj                     2885    0         66     
       strtod.obj                       328     0         32     
       ll_div.obj                       263     0         0      
       ctype.obj                        0       0         257    
       s_scalbn.obj                     189     0         28     
       fd_add.obj                       156     0         0      
       fd_div.obj                       139     0         0      
       fd_mpy.obj                       131     0         0      
       fs_div.obj                       131     0         0      
       fs_add.obj                       120     0         0      
       s_frexp.obj                      92      0         8      
       fs_mpy.obj                       90      0         0      
       boot.obj                         84      0         0      
       cpy_tbl.obj                      70      0         0      
       exit.obj                         41      0         20     
       atol.obj                         53      0         0      
       sprintf.obj                      50      0         0      
       atoi.obj                         49      0         0      
       ltoa.obj                         46      0         0      
       fd_cmp.obj                       42      0         0      
       l_div.obj                        42      0         0      
       fs_tol.obj                       41      0         0      
       fs_toi.obj                       37      0         0      
       fs_toll.obj                      36      0         0      
       s_copysign.obj                   35      0         0      
       i_div.obj                        34      0         0      
       ll_tofs.obj                      34      0         0      
       fd_toi.obj                       33      0         0      
       fd_tol.obj                       31      0         0      
       ll_cmp.obj                       30      0         0      
       fs_tou.obj                       29      0         0      
       i_tofd.obj                       29      0         0      
       memcpy.obj                       29      0         0      
       fs_tofd.obj                      28      0         0      
       l_tofd.obj                       28      0         0      
       cpy_utils.obj                    26      0         0      
       i_tofs.obj                       26      0         0      
       l_tofs.obj                       26      0         0      
       args_main.obj                    25      0         0      
       ll_aox.obj                       24      0         0      
       _lock.obj                        9       0         14     
       fs_cmp.obj                       23      0         0      
       memcmp.obj                       21      0         0      
       u_tofs.obj                       16      0         0      
       fd_sub.obj                       14      0         0      
       memccpy.obj                      13      0         0      
       memset.obj                       12      0         0      
       strchr.obj                       11      0         0      
       fd_neg.obj                       9       0         0      
       strlen.obj                       8       0         0      
       errno.obj                        0       0         5      
       fs_neg.obj                       5       0         0      
       strcpy.obj                       5       0         0      
       pre_init.obj                     2       0         0      
       startup.obj                      1       0         0      
    +--+--------------------------------+-------+---------+---------+
       Total:                           5731    0         430    
                                                                 
       Stack:                           0       0         1024   
    +--+--------------------------------+-------+---------+---------+
       Grand Total:                     28892   0         750219 


GLOBAL DATA SYMBOLS: SORTED BY DATA PAGE

address     data page           name
--------    ----------------    ----
00000000       0 (00000000)     __stack

00000880      22 (00000880)     _DevEmuRegs

00000a80      2a (00000a80)     _FlashRegs

00000ae0      2b (00000ac0)     _CsmRegs

00000b20      2c (00000b00)     _XintfRegs

00000c00      30 (00000c00)     _CpuTimer0Regs
00000c08      30 (00000c00)     _CpuTimer1Regs
00000c10      30 (00000c00)     _CpuTimer2Regs

00000ce0      33 (00000cc0)     _PieCtrlRegs

00000d00      34 (00000d00)     _PieVectTable

00006000     180 (00006000)     _ECanaRegs

00006040     181 (00006040)     _ECanaLAMRegs

00006080     182 (00006080)     _ECanaMOTSRegs

000060c0     183 (000060c0)     _ECanaMOTORegs

00006100     184 (00006100)     _ECanaMboxes

00007010     1c0 (00007000)     _SysCtrlRegs

00007040     1c1 (00007040)     _SpiaRegs
00007050     1c1 (00007040)     _SciaRegs
00007070     1c1 (00007040)     _XIntruptRegs

000070c0     1c3 (000070c0)     _GpioMuxRegs
000070e0     1c3 (000070c0)     _GpioDataRegs

00007100     1c4 (00007100)     _AdcRegs

00007400     1d0 (00007400)     _EvaRegs

00007500     1d4 (00007500)     _EvbRegs

00007750     1dd (00007740)     _ScibRegs

00007800     1e0 (00007800)     _McbspaRegs

00008032     200 (00008000)     _Flash2812_Program

000080d6     203 (000080c0)     _Fl28x_EraseVerify

0000811e     204 (00008100)     _Fl28x_ErasePulse

00008170     205 (00008140)     _Flash2812_Erase

00008201     208 (00008200)     _Fl28x_LeaveCmdMode
0000820e     208 (00008200)     _Fl28x_EnterCmdMode
0000823c     208 (00008200)     _Fl28x_FlashRegSleep

0000825b     209 (00008240)     _Fl28x_OpenPulse
0000826c     209 (00008240)     _Fl28x_ClosePulse

00008283     20a (00008280)     _Fl28x_MaskAll
0000828e     20a (00008280)     _Fl28x_ProgVerify

000082cb     20b (000082c0)     _Fl28x_ProgPulse

0000830d     20c (00008300)     _Fl28x_CompactVerify

00008347     20d (00008340)     _Fl28x_CompactPulse

0000838a     20e (00008380)     _Fl2812_EraseSector

000083ea     20f (000083c0)     _Fl2812_CompactSector

00008443     211 (00008440)     _Fl2812_Init
00008479     211 (00008440)     _Fl28x_WatchDogDisable

00008481     212 (00008480)     _Fl28x_DisableNMI
0000848a     212 (00008480)     _Fl28x_ClearLoop

000084ce     213 (000084c0)     _Fl2812_ClearSector

00008509     214 (00008500)     _Flash2812_Verify
0000853d     214 (00008500)     _Fl28x_Delay

0000854a     215 (00008540)     _Fl28x_DisableInt
0000854e     215 (00008540)     _Fl28x_RestoreInt

00009000     240 (00009000)     _conf_data

00080000    2000 (00080000)     _prodData

001127c0    449f (001127c0)     _mafbuf

001147c0    451f (001147c0)     _databuf

003ddf17    f77c (003ddf00)     __ctypes_

003de018    f780 (003de000)     _PieVectTableInit

003de118    f784 (003de100)     _dscrctable

003de35e    f78d (003de340)     _BAUD
003de37a    f78d (003de340)     _BITMAP

003f7ff8    fdff (003f7fc0)     _CsmPwl

003f8000    fe00 (003f8000)     _autoidchanged
003f8001    fe00 (003f8000)     _cmd_mode
003f8002    fe00 (003f8000)     _tagwasthere
003f8003    fe00 (003f8000)     _autoid
003f8004    fe00 (003f8000)     _POS_U
003f8006    fe00 (003f8000)     _VEL_U
003f8008    fe00 (003f8000)     _rtc

003f8200    fe08 (003f8200)     _tsensor

003f82c0    fe0b (003f82c0)     _fileOb

003f8500    fe14 (003f8500)     _Fatfs

003f8f40    fe3d (003f8f40)     _scia_rx_tail
003f8f41    fe3d (003f8f40)     _scia_rx_avail
003f8f42    fe3d (003f8f40)     _scia_rx_head
003f8f43    fe3d (003f8f40)     _scia_cmd_mode
003f8f44    fe3d (003f8f40)     _stx_received
003f8f45    fe3d (003f8f40)     _scia_tx_left
003f8f46    fe3d (003f8f40)     _scia_tx_head
003f8f47    fe3d (003f8f40)     _scia_tx_tail
003f8f48    fe3d (003f8f40)     _scia_rx_cmds

003f8f80    fe3e (003f8f80)     _scia_rx_buff

003f9380    fe4e (003f9380)     _scia_tx_buff

003f9780    fe5e (003f9780)     _numSpeedSensorsToUse
003f9781    fe5e (003f9780)     _mafidx
003f9782    fe5e (003f9780)     _tagscnt
003f9784    fe5e (003f9780)     _triggerSource
003f9785    fe5e (003f9780)     _tempread
003f9786    fe5e (003f9780)     _dataCollectTrigger
003f9787    fe5e (003f9780)     _speedSensorPolarity
003f9788    fe5e (003f9780)     _speedSensor
003f9789    fe5e (003f9780)     _peak_reset
003f978a    fe5e (003f9780)     _limit
003f978b    fe5e (003f9780)     _tare_reset
003f978c    fe5e (003f9780)     _limitchgd
003f978d    fe5e (003f9780)     _dacvalue
003f978e    fe5e (003f9780)     _dacsetvolt
003f978f    fe5e (003f9780)     _vall_reset
003f9790    fe5e (003f9780)     _fastslowDataState
003f9791    fe5e (003f9780)     _ad7738_err
003f9792    fe5e (003f9780)     _rawrdy
003f9793    fe5e (003f9780)     _mafsize
003f9794    fe5e (003f9780)     _ad7738_ph
003f9795    fe5e (003f9780)     _monrdy
003f9796    fe5e (003f9780)     _mon_cnt
003f9797    fe5e (003f9780)     _tempstart
003f9798    fe5e (003f9780)     _tempcnt
003f979a    fe5e (003f9780)     _tagsdetect
003f979c    fe5e (003f9780)     _ad7738_raw
003f979e    fe5e (003f9780)     _numslowinterrupts
003f97a0    fe5e (003f9780)     _daci
003f97a2    fe5e (003f9780)     _dataindex
003f97a4    fe5e (003f9780)     _mafdiff
003f97a6    fe5e (003f9780)     _triggerValADC
003f97a8    fe5e (003f9780)     _ad7738_rev
003f97aa    fe5e (003f9780)     _numfastinterrupts
003f97ac    fe5e (003f9780)     _ad7738_cnt
003f97ae    fe5e (003f9780)     _triggerVal
003f97b0    fe5e (003f9780)     _adcdiff
003f97b2    fe5e (003f9780)     _mafsum
003f97b6    fe5e (003f9780)     _dropTime
003f97ba    fe5e (003f9780)     _enccnt

003f97c0    fe5f (003f97c0)     _ad7738_load
003f97ca    fe5f (003f97c0)     _hfactor
003f97d4    fe5f (003f97c0)     _ad7738_mon
003f97de    fe5f (003f97c0)     _ad7738_vall
003f97e8    fe5f (003f97c0)     _dacs
003f97f2    fe5f (003f97c0)     _ad7738_peak

003f9800    fe60 (003f9800)     _ad7738_tare

003f9840    fe61 (003f9840)     _intercept

003f98c0    fe63 (003f98c0)     _slope

003f992e    fe64 (003f9900)     _EraseStatus
003f9932    fe64 (003f9900)     _VerifyStatus
003f9936    fe64 (003f9900)     _ProgStatus
003f993a    fe64 (003f9900)     _motorJogDir
003f993b    fe64 (003f9900)     _autoHeightEnable
003f993c    fe64 (003f9900)     _motorJog
003f993e    fe64 (003f9900)     _autoHeight

003f9940    fe65 (003f9940)     _lcdpos
003f9941    fe65 (003f9940)     _lcdidx

003f9980    fe66 (003f9980)     _lcdbuff

003f99d0    fe67 (003f99c0)     ___TI_enable_exit_profile_output
003f99d2    fe67 (003f99c0)     ___TI_cleanup_ptr
003f99d4    fe67 (003f99c0)     ___TI_dtors_ptr
003f99d6    fe67 (003f99c0)     _Flash_CallbackPtr
003f99d8    fe67 (003f99c0)     _Flash_CPUScaleFactor
003f99e2    fe67 (003f99c0)     _analogen
003f99e3    fe67 (003f99c0)     _digictrl
003f99e4    fe67 (003f99c0)     _analogout
003f99e5    fe67 (003f99c0)     _errno
003f99e6    fe67 (003f99c0)     __lock
003f99e8    fe67 (003f99c0)     __unlock

003f9a00    fe68 (003f9a00)     _prod_head
003f9a01    fe68 (003f9a00)     _prod_tail
003f9a02    fe68 (003f9a00)     _prod_avail
003f9a04    fe68 (003f9a00)     _INTERFACE
003f9a0c    fe68 (003f9a00)     _METHOD
003f9a14    fe68 (003f9a00)     _LPV

003f9a40    fe69 (003f9a40)     _UNITS

003f9a80    fe6a (003f9a80)     _ECanaShadow


GLOBAL SYMBOLS: SORTED ALPHABETICALLY BY Name 

page  address   name                            
----  -------   ----                            
1     003f8000  .bss                            
0     003ec000  .text                           
0     003f1c93  C$$EXIT                         
0     003f15e1  FD$$ADD                         
0     003f1c3f  FD$$CMP                         
0     003f167d  FD$$DIV                         
0     003f1708  FD$$MPY                         
0     003f1fc1  FD$$NEG                         
0     003f1f86  FD$$SUB                         
0     003f1dbd  FD$$TOI                         
0     003f1dde  FD$$TOL                         
0     003f188d  FS$$ADD                         
0     003f1f29  FS$$CMP                         
0     003f178b  FS$$DIV                         
0     003f1a28  FS$$MPY                         
0     003f1fda  FS$$NEG                         
0     003f1888  FS$$SUB                         
0     003f1e72  FS$$TOFD                        
0     003f1d0d  FS$$TOI                         
0     003f1cbc  FS$$TOL                         
0     003f1d32  FS$$TOLL                        
0     003f1e1b  FS$$TOU                         
0     003f1d79  I$$DIV                          
0     003f1d8a  I$$MOD                          
0     003f1e38  I$$TOFD                         
0     003f1ec4  I$$TOFS                         
0     003f1c69  L$$DIV                          
0     003f1c78  L$$MOD                          
0     003f1e8e  L$$TOFD                         
0     003f1ede  L$$TOFS                         
0     003f1f11  LL$$AND                         
0     003f1dfd  LL$$CMP                         
0     003f11f1  LL$$DIV                         
0     003f122d  LL$$MOD                         
0     003f1f19  LL$$OR                          
0     003f1d9b  LL$$TOFS                        
0     003f1f21  LL$$XOR                         
0     003f1f76  U$$TOFS                         
0     003f1c86  UL$$DIV                         
0     003f1c8d  UL$$MOD                         
0     003f1e0f  ULL$$CMP                        
0     003f1267  ULL$$DIV                        
0     003f1296  ULL$$MOD                        
0     003f0f9d  _ADCINT_ISR                     
1     00007100  _AdcRegs                        
0     003de35e  _BAUD                           
0     003de37a  _BITMAP                         
0     003f0f98  _CAPINT1_ISR                    
0     003f0f93  _CAPINT2_ISR                    
0     003f0f8e  _CAPINT3_ISR                    
0     003f0f89  _CAPINT4_ISR                    
0     003f0f84  _CAPINT5_ISR                    
0     003f0f7f  _CAPINT6_ISR                    
0     003f0f7a  _CMP1INT_ISR                    
0     003f0f75  _CMP2INT_ISR                    
0     003f0f70  _CMP3INT_ISR                    
0     003f0f6b  _CMP4INT_ISR                    
0     003f0f66  _CMP5INT_ISR                    
0     003f0f61  _CMP6INT_ISR                    
0     003f030e  _ConfigCpuTimer0                
1     00000c00  _CpuTimer0Regs                  
1     00000c08  _CpuTimer1Regs                  
1     00000c10  _CpuTimer2Regs                  
1     003f7ff8  _CsmPwl                         
1     00000ae0  _CsmRegs                        
0     003f0f5c  _DATALOG_ISR                    
1     00000880  _DevEmuRegs                     
0     003f0f57  _ECAN0INTA_ISR                  
0     003f0f52  _ECAN1INTA_ISR                  
1     00006040  _ECanaLAMRegs                   
1     000060c0  _ECanaMOTORegs                  
1     00006080  _ECanaMOTSRegs                  
1     00006100  _ECanaMboxes                    
1     00006000  _ECanaRegs                      
1     003f9a80  _ECanaShadow                    
0     003f0f4d  _EMPTY_ISR                      
0     003f0f48  _EMUINT_ISR                     
0     003f1d04  _EnableInterrupts               
1     003f992e  _EraseStatus                    
1     00007400  _EvaRegs                        
1     00007500  _EvbRegs                        
1     003f8500  _Fatfs                          
0     000084ce  _Fl2812_ClearSector             
0     000083ea  _Fl2812_CompactSector           
0     0000838a  _Fl2812_EraseSector             
0     00008443  _Fl2812_Init                    
0     0000848a  _Fl28x_ClearLoop                
0     0000826c  _Fl28x_ClosePulse               
0     00008347  _Fl28x_CompactPulse             
0     0000830d  _Fl28x_CompactVerify            
0     0000853d  _Fl28x_Delay                    
0     0000854a  _Fl28x_DisableInt               
0     00008481  _Fl28x_DisableNMI               
0     0000820e  _Fl28x_EnterCmdMode             
0     0000811e  _Fl28x_ErasePulse               
0     000080d6  _Fl28x_EraseVerify              
0     0000823c  _Fl28x_FlashRegSleep            
0     00008201  _Fl28x_LeaveCmdMode             
0     00008283  _Fl28x_MaskAll                  
0     0000825b  _Fl28x_OpenPulse                
0     000082cb  _Fl28x_ProgPulse                
0     0000828e  _Fl28x_ProgVerify               
0     0000854e  _Fl28x_RestoreInt               
0     00008479  _Fl28x_WatchDogDisable          
0     00008170  _Flash2812_Erase                
0     00008032  _Flash2812_Program              
0     00008509  _Flash2812_Verify               
0     003f4551  _Flash28_API_LoadEnd            
0     003f4000  _Flash28_API_LoadStart          
0     00008000  _Flash28_API_RunStart           
1     00000a80  _FlashRegs                      
1     003f99d8  _Flash_CPUScaleFactor           
1     003f99d6  _Flash_CallbackPtr              
1     000070e0  _GpioDataRegs                   
1     000070c0  _GpioMuxRegs                    
0     003f0f43  _ILLEGAL_ISR                    
0     003f0f3e  _INT13_ISR                      
0     003f0f39  _INT14_ISR                      
1     003f9a04  _INTERFACE                      
0     003f02f4  _InitCpuTimer0                  
0     003f0dad  _InitECan                       
0     003f1ce5  _InitPieCtrl                    
0     003f1f55  _InitPieVectTable               
1     003f9a14  _LPV                            
1     003f9a0c  _METHOD                         
0     003f0f34  _MRINTA_ISR                     
0     003f0f2f  _MXINTA_ISR                     
1     00007800  _McbspaRegs                     
0     003f0f2a  _NMI_ISR                        
0     003f0f25  _PDPINTA_ISR                    
0     003f0f20  _PDPINTB_ISR                    
0     003f0f1b  _PIE_RESERVED                   
1     003f8004  _POS_U                          
1     00000ce0  _PieCtrlRegs                    
1     00000d00  _PieVectTable                   
0     003de018  _PieVectTableInit               
1     003f9936  _ProgStatus                     
0     003f0f16  _RTOSINT_ISR                    
0     003f0f11  _SCIRXINTA_ISR                  
0     003f0f0c  _SCIRXINTB_ISR                  
0     003f0f07  _SCITXINTA_ISR                  
0     003f0f02  _SCITXINTB_ISR                  
0     003f0efd  _SPIRXINTA_ISR                  
0     003f0ef8  _SPITXINTA_ISR                  
1     00007050  _SciaRegs                       
1     00007750  _ScibRegs                       
0     003f1fe4  _SetDBGIER                      
1     00007040  _SpiaRegs                       
1     00007010  _SysCtrlRegs                    
0     003f0ef3  _T1CINT_ISR                     
0     003f0eee  _T1OFINT_ISR                    
0     003f0ee9  _T1PINT_ISR                     
0     003f0ee4  _T1UFINT_ISR                    
0     003f0edf  _T2CINT_ISR                     
0     003f0eda  _T2OFINT_ISR                    
0     003f0ed5  _T2PINT_ISR                     
0     003f0ed0  _T2UFINT_ISR                    
0     003f0ecb  _T3CINT_ISR                     
0     003f0ec6  _T3OFINT_ISR                    
0     003f0ec1  _T3PINT_ISR                     
0     003f0ebc  _T3UFINT_ISR                    
0     003f0eb7  _T4CINT_ISR                     
0     003f0eb2  _T4OFINT_ISR                    
0     003f0ead  _T4PINT_ISR                     
0     003f0ea8  _T4UFINT_ISR                    
0     003f0ea3  _TINT0_ISR                      
1     003f9a40  _UNITS                          
0     003f0e9e  _USER10_ISR                     
0     003f0e99  _USER11_ISR                     
0     003f0e94  _USER12_ISR                     
0     003f0e8f  _USER1_ISR                      
0     003f0e8a  _USER2_ISR                      
0     003f0e85  _USER3_ISR                      
0     003f0e80  _USER4_ISR                      
0     003f0e7b  _USER5_ISR                      
0     003f0e76  _USER6_ISR                      
0     003f0e71  _USER7_ISR                      
0     003f0e6c  _USER8_ISR                      
0     003f0e67  _USER9_ISR                      
1     003f8006  _VEL_U                          
1     003f9932  _VerifyStatus                   
0     003f0e62  _WAKEINT_ISR                    
0     003f0e5d  _XINT1_ISR                      
0     003f0e58  _XINT2_ISR                      
1     00007070  _XIntruptRegs                   
1     00000b20  _XintfRegs                      
1     00000400  __STACK_END                     
abs   00000400  __STACK_SIZE                    
1     003f99d2  ___TI_cleanup_ptr               
1     003f99d4  ___TI_dtors_ptr                 
1     003f99d0  ___TI_enable_exit_profile_output
abs   ffffffff  ___TI_pprof_out_hndl            
0     003effea  ___TI_printfi                   
abs   ffffffff  ___TI_prof_data_size            
abs   ffffffff  ___TI_prof_data_start           
abs   ffffffff  ___binit__                      
1     003f8000  ___bss__                        
abs   ffffffff  ___c_args__                     
0     003de38a  ___cinit__                      
1     003f8000  ___end__                        
0     003f1fec  ___etext__                      
abs   ffffffff  ___pinit__                      
0     003ec000  ___text__                       
0     003f1ef8  __args_main                     
0     003ddf17  __ctypes_                       
1     003f99e6  __lock                          
0     003f1fc0  __nop                           
0     003f1fbc  __register_lock                 
0     003f1fb8  __register_unlock               
1     00000000  __stack                         
0     003f1feb  __system_post_cinit             
0     003f1fe9  __system_pre_init               
1     003f99e8  __unlock                        
0     003f1c93  _abort                          
1     003f97ac  _ad7738_cnt                     
1     003f9791  _ad7738_err                     
0     003f03e2  _ad7738_getDropTime             
0     003f03e0  _ad7738_getlimitchgd            
0     003f03cb  _ad7738_getlimitst              
0     003f03c7  _ad7738_getload                 
0     003f03c4  _ad7738_getmon                  
0     003f03c1  _ad7738_getpeak                 
0     003f03bd  _ad7738_getpeakload             
0     003f0171  _ad7738_getpos                  
0     003f03b7  _ad7738_getraw                  
0     003f03b4  _ad7738_getvall                 
0     003f0326  _ad7738_init                    
1     003f97c0  _ad7738_load                    
1     003f97d4  _ad7738_mon                     
0     003f02f0  _ad7738_monclr                  
0     003f02ec  _ad7738_monrdy                  
1     003f97f2  _ad7738_peak                    
1     003f9794  _ad7738_ph                      
1     003f979c  _ad7738_raw                     
0     003f02e8  _ad7738_rawrdy                  
0     003f02ab  _ad7738_resetlimit              
0     003f02a7  _ad7738_resetpeak               
0     003f02a3  _ad7738_resettare               
0     003f029f  _ad7738_resetvall               
1     003f97a8  _ad7738_rev                     
0     003f01c3  _ad7738_setcal                  
0     003f01be  _ad7738_setlimitchgd            
0     003f0190  _ad7738_settemp                 
0     003f0187  _ad7738_tagsdetect              
1     003f9800  _ad7738_tare                    
0     003f017e  _ad7738_tempread                
0     003f0175  _ad7738_tempstart               
1     003f97de  _ad7738_vall                    
1     003f97b0  _adcdiff                        
0     003f1874  _anaen_set                      
1     003f99e2  _analogen                       
1     003f99e4  _analogout                      
0     003f1bb5  _atoi                           
0     003f1b1c  _atol                           
1     003f993e  _autoHeight                     
1     003f993b  _autoHeightEnable               
0     003f194c  _autoMotor                      
1     003f8003  _autoid                         
1     003f8000  _autoidchanged                  
0     003f0b13  _bigbufftest                    
0     003f1a82  _c_int00                        
0     003f193a  _calcAutoDir                    
1     003f8001  _cmd_mode                       
1     00009000  _conf_data                      
0     003f09fe  _conf_default                   
0     003f1b78  _conf_read                      
0     003f1b51  _conf_write                     
0     003f0cf5  _configCAN                      
0     003f1ad6  _copy_in                        
0     003f1d56  _copysignl                      
0     000085ce  _cpu_timer0_isr                 
0     00008551  _cpu_xint1_isr                  
0     003f016d  _dac_setmode                    
1     003f97a0  _daci                           
1     003f97e8  _dacs                           
1     003f978e  _dacsetvolt                     
1     003f978d  _dacvalue                       
1     003f9786  _dataCollectTrigger             
1     001147c0  _databuf                        
1     003f97a2  _dataindex                      
0     003f1eaa  _ddcopy                         
0     003f1f66  _delay_us                       
1     003f99e3  _digictrl                       
0     003f1eaa  _dpcopy                         
1     003f97b6  _dropTime                       
0     003f08dd  _ds1820getbit                   
0     003f090b  _ds1820getbyte                  
0     003f0990  _ds1820id                       
0     003f087a  _ds1820putbit                   
0     003f08ab  _ds1820putbyte                  
0     003f0920  _ds1820read                     
0     003f084c  _ds1820rst                      
0     003f08bc  _ds1820start                    
0     003de118  _dscrctable                     
1     003f97ba  _enccnt                         
1     003f99e5  _errno                          
0     003f1c95  _exit                           
0     003f186d  _extio_init                     
1     003f9790  _fastslowDataState              
1     003f82c0  _fileOb                         
0     00008866  _flash_init                     
0     003f19cc  _frexpl                         
0     003f1936  _getMotorDir                    
0     003f1932  _getMotorJog                    
0     003f0169  _getStartStop                   
0     003ef5a4  _get_fattime                    
0     003f0160  _get_maf_size                   
0     003f015c  _get_numSensors                 
0     003f192e  _getautoHeightEnable            
0     003f0158  _getspeedSens                   
0     003f10ea  _gpio_init                      
1     003f97ca  _hfactor                        
1     003f9840  _intercept                      
0     003f19bf  _latch_dac                      
0     003f0ceb  _lcd_clear                      
0     003f0c93  _lcd_dputs                      
0     003f0be1  _lcd_init                       
0     003f0b8b  _lcd_next                       
0     003f0b81  _lcd_putchar                    
0     003f0b6a  _lcd_puts                       
1     003f9980  _lcdbuff                        
1     003f9941  _lcdidx                         
1     003f9940  _lcdpos                         
0     003f13da  _ldexpl                         
0     003f152d  _led_init                       
0     003f14d9  _led_set                        
0     003f14c6  _led_toggle                     
0     003f1497  _led_turnon                     
1     003f978a  _limit                          
1     003f978c  _limitchgd                      
0     003f1be6  _ltoa                           
0     003f0148  _maf_rst                        
1     001127c0  _mafbuf                         
1     003f97a4  _mafdiff                        
1     003f9781  _mafidx                         
1     003f9793  _mafsize                        
1     003f97b2  _mafsum                         
0     003ec3fd  _main                           
0     003ec3af  _matchTag                       
0     003f1989  _mcbsp_init                     
0     003f1970  _mcbsp_xmit                     
0     003f1f94  _memccpy                        
0     003f1f40  _memcmp                         
0     003f1e55  _memcpy                         
0     003f1fa1  _memset                         
1     003f9796  _mon_cnt                        
1     003f9795  _monrdy                         
1     003f993c  _motorJog                       
1     003f993a  _motorJogDir                    
0     003f1910  _moveMotor                      
1     003f9780  _numSpeedSensorsToUse           
1     003f97aa  _numfastinterrupts              
1     003f979e  _numslowinterrupts              
0     003f1eaa  _pdcopy                         
1     003f9789  _peak_reset                     
0     003f1eaa  _ppcopy                         
0     003ec36d  _print_channel                  
0     003ec302  _print_dac                      
0     003ec261  _print_limits                   
0     003ec0d8  _print_sensor                   
0     003ec089  _print_vfd                      
1     00080000  _prodData                       
0     00008889  _prod_add                       
1     003f9a02  _prod_avail                     
0     003f09fa  _prod_getavail                  
0     003f09e4  _prod_getnext                   
1     003f9a00  _prod_head                      
0     003f09dd  _prod_init                      
1     003f9a01  _prod_tail                      
0     003f1c3b  _qep_getCountA                  
0     003f1c37  _qep_getCountB                  
0     003f1c1c  _qep_init                       
0     003f1c18  _qep_rstCountA                  
0     003f1c14  _qep_rstCountB                  
1     003f9792  _rawrdy                         
0     003f1fe7  _reboot                         
0     003f0e53  _rsvd_ISR                       
1     003f8008  _rtc                            
0     003f13da  _scalbnl                        
0     00008737  _scaleData                      
0     000087a6  _scaleStoredData                
0     00008819  _sciaRxFifoIsr                  
0     000087da  _sciaTxFifoIsr                  
1     003f8f43  _scia_cmd_mode                  
0     003f06f3  _scia_get_cmd_mode              
0     003f06de  _scia_getparam                  
0     003f068e  _scia_init                      
0     003f066d  _scia_putchar                   
0     003f0646  _scia_puts                      
0     003f0609  _scia_putword                   
0     003f05c2  _scia_putwordarray              
0     003f0400  _scia_reset                     
1     003f8f41  _scia_rx_avail                  
1     003f8f80  _scia_rx_buff                   
1     003f8f48  _scia_rx_cmds                   
0     003f05be  _scia_rx_getavail               
0     003f05a1  _scia_rx_getchar                
0     003f0528  _scia_rx_getcmd                 
0     003f0524  _scia_rx_getcmds                
1     003f8f42  _scia_rx_head                   
1     003f8f40  _scia_rx_tail                   
0     003f04f7  _scia_send                      
0     003f0412  _scia_send_bin                  
0     003f040b  _scia_set_cmd_mode              
1     003f9380  _scia_tx_buff                   
1     003f8f46  _scia_tx_head                   
1     003f8f45  _scia_tx_left                   
1     003f8f47  _scia_tx_tail                   
0     003f48a9  _secureRamFuncs_loadend         
0     003f4551  _secureRamFuncs_loadstart       
0     00008551  _secureRamFuncs_runstart        
0     003f190c  _setAutoHeight                  
0     003f1908  _setMotorDir                    
0     003f1904  _setMotorJog                    
0     003f185f  _set_lcd_en                     
0     003f0144  _set_numSensors                 
0     003f1851  _set_sd_en                      
0     003f1843  _set_sd_spd                     
0     003f1900  _setautoHeightEnable            
0     003f182b  _shunt_switch                   
1     003f98c0  _slope                          
1     003f9788  _speedSensor                    
1     003f9787  _speedSensorPolarity            
0     003f15d4  _spi_init                       
0     003f15cc  _spi_recv                       
0     003f15c3  _spi_xmit                       
0     003f1b83  _sprintf                        
0     003f1817  _ssr_set                        
0     003f1fad  _strchr                         
0     003f1fdf  _strcpy                         
0     003f1fd2  _strlen                         
0     003f0fa2  _strtod                         
0     003f0fa2  _strtof                         
1     003f8f44  _stx_received                   
0     003f138b  _sys_init                       
0     003f0812  _tagdetect                      
0     003f076c  _taggetbit                      
0     003f07a2  _taggetbyte                     
0     003f07bb  _tagid                          
0     003f073b  _tagputbit                      
0     003f075b  _tagputbyte                     
0     003f06f7  _tagrst                         
1     003f9782  _tagscnt                        
1     003f979a  _tagsdetect                     
1     003f8002  _tagwasthere                    
1     003f978b  _tare_reset                     
1     003f9798  _tempcnt                        
1     003f9785  _tempread                       
1     003f9797  _tempstart                      
0     003f0109  _toggleFastDataCollect          
1     003f9784  _triggerSource                  
1     003f97ae  _triggerVal                     
1     003f97a6  _triggerValADC                  
1     003f8200  _tsensor                        
0     003f180e  _uart_set_dir                   
0     003ec000  _update_units                   
1     003f978f  _vall_reset                     
0     003f0101  _velf_rst                       
0     003f12f8  _xintf_init                     
0     003f156a  _xpi_adcdataread                
0     003f153d  _xpi_xmit2                      
abs   ffffffff  binit                           
0     003de38a  cinit                           
1     003f8000  end                             
0     003f1fec  etext                           
abs   ffffffff  pinit                           


GLOBAL SYMBOLS: SORTED BY Symbol Address 

page  address   name                            
----  -------   ----                            
0     00008000  _Flash28_API_RunStart           
0     00008032  _Flash2812_Program              
0     000080d6  _Fl28x_EraseVerify              
0     0000811e  _Fl28x_ErasePulse               
0     00008170  _Flash2812_Erase                
0     00008201  _Fl28x_LeaveCmdMode             
0     0000820e  _Fl28x_EnterCmdMode             
0     0000823c  _Fl28x_FlashRegSleep            
0     0000825b  _Fl28x_OpenPulse                
0     0000826c  _Fl28x_ClosePulse               
0     00008283  _Fl28x_MaskAll                  
0     0000828e  _Fl28x_ProgVerify               
0     000082cb  _Fl28x_ProgPulse                
0     0000830d  _Fl28x_CompactVerify            
0     00008347  _Fl28x_CompactPulse             
0     0000838a  _Fl2812_EraseSector             
0     000083ea  _Fl2812_CompactSector           
0     00008443  _Fl2812_Init                    
0     00008479  _Fl28x_WatchDogDisable          
0     00008481  _Fl28x_DisableNMI               
0     0000848a  _Fl28x_ClearLoop                
0     000084ce  _Fl2812_ClearSector             
0     00008509  _Flash2812_Verify               
0     0000853d  _Fl28x_Delay                    
0     0000854a  _Fl28x_DisableInt               
0     0000854e  _Fl28x_RestoreInt               
0     00008551  _cpu_xint1_isr                  
0     00008551  _secureRamFuncs_runstart        
0     000085ce  _cpu_timer0_isr                 
0     00008737  _scaleData                      
0     000087a6  _scaleStoredData                
0     000087da  _sciaTxFifoIsr                  
0     00008819  _sciaRxFifoIsr                  
0     00008866  _flash_init                     
0     00008889  _prod_add                       
0     003ddf17  __ctypes_                       
0     003de018  _PieVectTableInit               
0     003de118  _dscrctable                     
0     003de35e  _BAUD                           
0     003de37a  _BITMAP                         
0     003de38a  ___cinit__                      
0     003de38a  cinit                           
0     003ec000  .text                           
0     003ec000  ___text__                       
0     003ec000  _update_units                   
0     003ec089  _print_vfd                      
0     003ec0d8  _print_sensor                   
0     003ec261  _print_limits                   
0     003ec302  _print_dac                      
0     003ec36d  _print_channel                  
0     003ec3af  _matchTag                       
0     003ec3fd  _main                           
0     003ef5a4  _get_fattime                    
0     003effea  ___TI_printfi                   
0     003f0101  _velf_rst                       
0     003f0109  _toggleFastDataCollect          
0     003f0144  _set_numSensors                 
0     003f0148  _maf_rst                        
0     003f0158  _getspeedSens                   
0     003f015c  _get_numSensors                 
0     003f0160  _get_maf_size                   
0     003f0169  _getStartStop                   
0     003f016d  _dac_setmode                    
0     003f0171  _ad7738_getpos                  
0     003f0175  _ad7738_tempstart               
0     003f017e  _ad7738_tempread                
0     003f0187  _ad7738_tagsdetect              
0     003f0190  _ad7738_settemp                 
0     003f01be  _ad7738_setlimitchgd            
0     003f01c3  _ad7738_setcal                  
0     003f029f  _ad7738_resetvall               
0     003f02a3  _ad7738_resettare               
0     003f02a7  _ad7738_resetpeak               
0     003f02ab  _ad7738_resetlimit              
0     003f02e8  _ad7738_rawrdy                  
0     003f02ec  _ad7738_monrdy                  
0     003f02f0  _ad7738_monclr                  
0     003f02f4  _InitCpuTimer0                  
0     003f030e  _ConfigCpuTimer0                
0     003f0326  _ad7738_init                    
0     003f03b4  _ad7738_getvall                 
0     003f03b7  _ad7738_getraw                  
0     003f03bd  _ad7738_getpeakload             
0     003f03c1  _ad7738_getpeak                 
0     003f03c4  _ad7738_getmon                  
0     003f03c7  _ad7738_getload                 
0     003f03cb  _ad7738_getlimitst              
0     003f03e0  _ad7738_getlimitchgd            
0     003f03e2  _ad7738_getDropTime             
0     003f0400  _scia_reset                     
0     003f040b  _scia_set_cmd_mode              
0     003f0412  _scia_send_bin                  
0     003f04f7  _scia_send                      
0     003f0524  _scia_rx_getcmds                
0     003f0528  _scia_rx_getcmd                 
0     003f05a1  _scia_rx_getchar                
0     003f05be  _scia_rx_getavail               
0     003f05c2  _scia_putwordarray              
0     003f0609  _scia_putword                   
0     003f0646  _scia_puts                      
0     003f066d  _scia_putchar                   
0     003f068e  _scia_init                      
0     003f06de  _scia_getparam                  
0     003f06f3  _scia_get_cmd_mode              
0     003f06f7  _tagrst                         
0     003f073b  _tagputbit                      
0     003f075b  _tagputbyte                     
0     003f076c  _taggetbit                      
0     003f07a2  _taggetbyte                     
0     003f07bb  _tagid                          
0     003f0812  _tagdetect                      
0     003f084c  _ds1820rst                      
0     003f087a  _ds1820putbit                   
0     003f08ab  _ds1820putbyte                  
0     003f08bc  _ds1820start                    
0     003f08dd  _ds1820getbit                   
0     003f090b  _ds1820getbyte                  
0     003f0920  _ds1820read                     
0     003f0990  _ds1820id                       
0     003f09dd  _prod_init                      
0     003f09e4  _prod_getnext                   
0     003f09fa  _prod_getavail                  
0     003f09fe  _conf_default                   
0     003f0b13  _bigbufftest                    
0     003f0b6a  _lcd_puts                       
0     003f0b81  _lcd_putchar                    
0     003f0b8b  _lcd_next                       
0     003f0be1  _lcd_init                       
0     003f0c93  _lcd_dputs                      
0     003f0ceb  _lcd_clear                      
0     003f0cf5  _configCAN                      
0     003f0dad  _InitECan                       
0     003f0e53  _rsvd_ISR                       
0     003f0e58  _XINT2_ISR                      
0     003f0e5d  _XINT1_ISR                      
0     003f0e62  _WAKEINT_ISR                    
0     003f0e67  _USER9_ISR                      
0     003f0e6c  _USER8_ISR                      
0     003f0e71  _USER7_ISR                      
0     003f0e76  _USER6_ISR                      
0     003f0e7b  _USER5_ISR                      
0     003f0e80  _USER4_ISR                      
0     003f0e85  _USER3_ISR                      
0     003f0e8a  _USER2_ISR                      
0     003f0e8f  _USER1_ISR                      
0     003f0e94  _USER12_ISR                     
0     003f0e99  _USER11_ISR                     
0     003f0e9e  _USER10_ISR                     
0     003f0ea3  _TINT0_ISR                      
0     003f0ea8  _T4UFINT_ISR                    
0     003f0ead  _T4PINT_ISR                     
0     003f0eb2  _T4OFINT_ISR                    
0     003f0eb7  _T4CINT_ISR                     
0     003f0ebc  _T3UFINT_ISR                    
0     003f0ec1  _T3PINT_ISR                     
0     003f0ec6  _T3OFINT_ISR                    
0     003f0ecb  _T3CINT_ISR                     
0     003f0ed0  _T2UFINT_ISR                    
0     003f0ed5  _T2PINT_ISR                     
0     003f0eda  _T2OFINT_ISR                    
0     003f0edf  _T2CINT_ISR                     
0     003f0ee4  _T1UFINT_ISR                    
0     003f0ee9  _T1PINT_ISR                     
0     003f0eee  _T1OFINT_ISR                    
0     003f0ef3  _T1CINT_ISR                     
0     003f0ef8  _SPITXINTA_ISR                  
0     003f0efd  _SPIRXINTA_ISR                  
0     003f0f02  _SCITXINTB_ISR                  
0     003f0f07  _SCITXINTA_ISR                  
0     003f0f0c  _SCIRXINTB_ISR                  
0     003f0f11  _SCIRXINTA_ISR                  
0     003f0f16  _RTOSINT_ISR                    
0     003f0f1b  _PIE_RESERVED                   
0     003f0f20  _PDPINTB_ISR                    
0     003f0f25  _PDPINTA_ISR                    
0     003f0f2a  _NMI_ISR                        
0     003f0f2f  _MXINTA_ISR                     
0     003f0f34  _MRINTA_ISR                     
0     003f0f39  _INT14_ISR                      
0     003f0f3e  _INT13_ISR                      
0     003f0f43  _ILLEGAL_ISR                    
0     003f0f48  _EMUINT_ISR                     
0     003f0f4d  _EMPTY_ISR                      
0     003f0f52  _ECAN1INTA_ISR                  
0     003f0f57  _ECAN0INTA_ISR                  
0     003f0f5c  _DATALOG_ISR                    
0     003f0f61  _CMP6INT_ISR                    
0     003f0f66  _CMP5INT_ISR                    
0     003f0f6b  _CMP4INT_ISR                    
0     003f0f70  _CMP3INT_ISR                    
0     003f0f75  _CMP2INT_ISR                    
0     003f0f7a  _CMP1INT_ISR                    
0     003f0f7f  _CAPINT6_ISR                    
0     003f0f84  _CAPINT5_ISR                    
0     003f0f89  _CAPINT4_ISR                    
0     003f0f8e  _CAPINT3_ISR                    
0     003f0f93  _CAPINT2_ISR                    
0     003f0f98  _CAPINT1_ISR                    
0     003f0f9d  _ADCINT_ISR                     
0     003f0fa2  _strtod                         
0     003f0fa2  _strtof                         
0     003f10ea  _gpio_init                      
0     003f11f1  LL$$DIV                         
0     003f122d  LL$$MOD                         
0     003f1267  ULL$$DIV                        
0     003f1296  ULL$$MOD                        
0     003f12f8  _xintf_init                     
0     003f138b  _sys_init                       
0     003f13da  _ldexpl                         
0     003f13da  _scalbnl                        
0     003f1497  _led_turnon                     
0     003f14c6  _led_toggle                     
0     003f14d9  _led_set                        
0     003f152d  _led_init                       
0     003f153d  _xpi_xmit2                      
0     003f156a  _xpi_adcdataread                
0     003f15c3  _spi_xmit                       
0     003f15cc  _spi_recv                       
0     003f15d4  _spi_init                       
0     003f15e1  FD$$ADD                         
0     003f167d  FD$$DIV                         
0     003f1708  FD$$MPY                         
0     003f178b  FS$$DIV                         
0     003f180e  _uart_set_dir                   
0     003f1817  _ssr_set                        
0     003f182b  _shunt_switch                   
0     003f1843  _set_sd_spd                     
0     003f1851  _set_sd_en                      
0     003f185f  _set_lcd_en                     
0     003f186d  _extio_init                     
0     003f1874  _anaen_set                      
0     003f1888  FS$$SUB                         
0     003f188d  FS$$ADD                         
0     003f1900  _setautoHeightEnable            
0     003f1904  _setMotorJog                    
0     003f1908  _setMotorDir                    
0     003f190c  _setAutoHeight                  
0     003f1910  _moveMotor                      
0     003f192e  _getautoHeightEnable            
0     003f1932  _getMotorJog                    
0     003f1936  _getMotorDir                    
0     003f193a  _calcAutoDir                    
0     003f194c  _autoMotor                      
0     003f1970  _mcbsp_xmit                     
0     003f1989  _mcbsp_init                     
0     003f19bf  _latch_dac                      
0     003f19cc  _frexpl                         
0     003f1a28  FS$$MPY                         
0     003f1a82  _c_int00                        
0     003f1ad6  _copy_in                        
0     003f1b1c  _atol                           
0     003f1b51  _conf_write                     
0     003f1b78  _conf_read                      
0     003f1b83  _sprintf                        
0     003f1bb5  _atoi                           
0     003f1be6  _ltoa                           
0     003f1c14  _qep_rstCountB                  
0     003f1c18  _qep_rstCountA                  
0     003f1c1c  _qep_init                       
0     003f1c37  _qep_getCountB                  
0     003f1c3b  _qep_getCountA                  
0     003f1c3f  FD$$CMP                         
0     003f1c69  L$$DIV                          
0     003f1c78  L$$MOD                          
0     003f1c86  UL$$DIV                         
0     003f1c8d  UL$$MOD                         
0     003f1c93  C$$EXIT                         
0     003f1c93  _abort                          
0     003f1c95  _exit                           
0     003f1cbc  FS$$TOL                         
0     003f1ce5  _InitPieCtrl                    
0     003f1d04  _EnableInterrupts               
0     003f1d0d  FS$$TOI                         
0     003f1d32  FS$$TOLL                        
0     003f1d56  _copysignl                      
0     003f1d79  I$$DIV                          
0     003f1d8a  I$$MOD                          
0     003f1d9b  LL$$TOFS                        
0     003f1dbd  FD$$TOI                         
0     003f1dde  FD$$TOL                         
0     003f1dfd  LL$$CMP                         
0     003f1e0f  ULL$$CMP                        
0     003f1e1b  FS$$TOU                         
0     003f1e38  I$$TOFD                         
0     003f1e55  _memcpy                         
0     003f1e72  FS$$TOFD                        
0     003f1e8e  L$$TOFD                         
0     003f1eaa  _ddcopy                         
0     003f1eaa  _dpcopy                         
0     003f1eaa  _pdcopy                         
0     003f1eaa  _ppcopy                         
0     003f1ec4  I$$TOFS                         
0     003f1ede  L$$TOFS                         
0     003f1ef8  __args_main                     
0     003f1f11  LL$$AND                         
0     003f1f19  LL$$OR                          
0     003f1f21  LL$$XOR                         
0     003f1f29  FS$$CMP                         
0     003f1f40  _memcmp                         
0     003f1f55  _InitPieVectTable               
0     003f1f66  _delay_us                       
0     003f1f76  U$$TOFS                         
0     003f1f86  FD$$SUB                         
0     003f1f94  _memccpy                        
0     003f1fa1  _memset                         
0     003f1fad  _strchr                         
0     003f1fb8  __register_unlock               
0     003f1fbc  __register_lock                 
0     003f1fc0  __nop                           
0     003f1fc1  FD$$NEG                         
0     003f1fd2  _strlen                         
0     003f1fda  FS$$NEG                         
0     003f1fdf  _strcpy                         
0     003f1fe4  _SetDBGIER                      
0     003f1fe7  _reboot                         
0     003f1fe9  __system_pre_init               
0     003f1feb  __system_post_cinit             
0     003f1fec  ___etext__                      
0     003f1fec  etext                           
0     003f4000  _Flash28_API_LoadStart          
0     003f4551  _Flash28_API_LoadEnd            
0     003f4551  _secureRamFuncs_loadstart       
0     003f48a9  _secureRamFuncs_loadend         
1     00000000  __stack                         
1     00000400  __STACK_END                     
1     00000880  _DevEmuRegs                     
1     00000a80  _FlashRegs                      
1     00000ae0  _CsmRegs                        
1     00000b20  _XintfRegs                      
1     00000c00  _CpuTimer0Regs                  
1     00000c08  _CpuTimer1Regs                  
1     00000c10  _CpuTimer2Regs                  
1     00000ce0  _PieCtrlRegs                    
1     00000d00  _PieVectTable                   
1     00006000  _ECanaRegs                      
1     00006040  _ECanaLAMRegs                   
1     00006080  _ECanaMOTSRegs                  
1     000060c0  _ECanaMOTORegs                  
1     00006100  _ECanaMboxes                    
1     00007010  _SysCtrlRegs                    
1     00007040  _SpiaRegs                       
1     00007050  _SciaRegs                       
1     00007070  _XIntruptRegs                   
1     000070c0  _GpioMuxRegs                    
1     000070e0  _GpioDataRegs                   
1     00007100  _AdcRegs                        
1     00007400  _EvaRegs                        
1     00007500  _EvbRegs                        
1     00007750  _ScibRegs                       
1     00007800  _McbspaRegs                     
1     00009000  _conf_data                      
1     00080000  _prodData                       
1     001127c0  _mafbuf                         
1     001147c0  _databuf                        
1     003f7ff8  _CsmPwl                         
1     003f8000  .bss                            
1     003f8000  ___bss__                        
1     003f8000  ___end__                        
1     003f8000  _autoidchanged                  
1     003f8000  end                             
1     003f8001  _cmd_mode                       
1     003f8002  _tagwasthere                    
1     003f8003  _autoid                         
1     003f8004  _POS_U                          
1     003f8006  _VEL_U                          
1     003f8008  _rtc                            
1     003f8200  _tsensor                        
1     003f82c0  _fileOb                         
1     003f8500  _Fatfs                          
1     003f8f40  _scia_rx_tail                   
1     003f8f41  _scia_rx_avail                  
1     003f8f42  _scia_rx_head                   
1     003f8f43  _scia_cmd_mode                  
1     003f8f44  _stx_received                   
1     003f8f45  _scia_tx_left                   
1     003f8f46  _scia_tx_head                   
1     003f8f47  _scia_tx_tail                   
1     003f8f48  _scia_rx_cmds                   
1     003f8f80  _scia_rx_buff                   
1     003f9380  _scia_tx_buff                   
1     003f9780  _numSpeedSensorsToUse           
1     003f9781  _mafidx                         
1     003f9782  _tagscnt                        
1     003f9784  _triggerSource                  
1     003f9785  _tempread                       
1     003f9786  _dataCollectTrigger             
1     003f9787  _speedSensorPolarity            
1     003f9788  _speedSensor                    
1     003f9789  _peak_reset                     
1     003f978a  _limit                          
1     003f978b  _tare_reset                     
1     003f978c  _limitchgd                      
1     003f978d  _dacvalue                       
1     003f978e  _dacsetvolt                     
1     003f978f  _vall_reset                     
1     003f9790  _fastslowDataState              
1     003f9791  _ad7738_err                     
1     003f9792  _rawrdy                         
1     003f9793  _mafsize                        
1     003f9794  _ad7738_ph                      
1     003f9795  _monrdy                         
1     003f9796  _mon_cnt                        
1     003f9797  _tempstart                      
1     003f9798  _tempcnt                        
1     003f979a  _tagsdetect                     
1     003f979c  _ad7738_raw                     
1     003f979e  _numslowinterrupts              
1     003f97a0  _daci                           
1     003f97a2  _dataindex                      
1     003f97a4  _mafdiff                        
1     003f97a6  _triggerValADC                  
1     003f97a8  _ad7738_rev                     
1     003f97aa  _numfastinterrupts              
1     003f97ac  _ad7738_cnt                     
1     003f97ae  _triggerVal                     
1     003f97b0  _adcdiff                        
1     003f97b2  _mafsum                         
1     003f97b6  _dropTime                       
1     003f97ba  _enccnt                         
1     003f97c0  _ad7738_load                    
1     003f97ca  _hfactor                        
1     003f97d4  _ad7738_mon                     
1     003f97de  _ad7738_vall                    
1     003f97e8  _dacs                           
1     003f97f2  _ad7738_peak                    
1     003f9800  _ad7738_tare                    
1     003f9840  _intercept                      
1     003f98c0  _slope                          
1     003f992e  _EraseStatus                    
1     003f9932  _VerifyStatus                   
1     003f9936  _ProgStatus                     
1     003f993a  _motorJogDir                    
1     003f993b  _autoHeightEnable               
1     003f993c  _motorJog                       
1     003f993e  _autoHeight                     
1     003f9940  _lcdpos                         
1     003f9941  _lcdidx                         
1     003f9980  _lcdbuff                        
1     003f99d0  ___TI_enable_exit_profile_output
1     003f99d2  ___TI_cleanup_ptr               
1     003f99d4  ___TI_dtors_ptr                 
1     003f99d6  _Flash_CallbackPtr              
1     003f99d8  _Flash_CPUScaleFactor           
1     003f99e2  _analogen                       
1     003f99e3  _digictrl                       
1     003f99e4  _analogout                      
1     003f99e5  _errno                          
1     003f99e6  __lock                          
1     003f99e8  __unlock                        
1     003f9a00  _prod_head                      
1     003f9a01  _prod_tail                      
1     003f9a02  _prod_avail                     
1     003f9a04  _INTERFACE                      
1     003f9a0c  _METHOD                         
1     003f9a14  _LPV                            
1     003f9a40  _UNITS                          
1     003f9a80  _ECanaShadow                    
abs   00000400  __STACK_SIZE                    
abs   ffffffff  ___TI_pprof_out_hndl            
abs   ffffffff  ___TI_prof_data_size            
abs   ffffffff  ___TI_prof_data_start           
abs   ffffffff  ___binit__                      
abs   ffffffff  ___c_args__                     
abs   ffffffff  ___pinit__                      
abs   ffffffff  binit                           
abs   ffffffff  pinit                           

[466 symbols]
