<?xml version="1.0"?>
<link_info>
   <banner>TMS320C2000 Linker PC v15.12.4.LTS</banner>
   <copyright>Copyright (c) 1996-2015 Texas Instruments Incorporated</copyright>
   <link_time>0x5df27154</link_time>
   <link_errors>0x0</link_errors>
   <output_file>loadcell.out</output_file>
   <entry_point>
      <name>_c_int00</name>
      <address>0x3f2169</address>
   </entry_point>
   <input_file_list>
      <input_file id="fl-4">
         <path>.\ASM\</path>
         <kind>object</kind>
         <file>SetDBGIER.obj</file>
         <name>SetDBGIER.obj</name>
      </input_file>
      <input_file id="fl-5">
         <path>.\ASM\</path>
         <kind>object</kind>
         <file>delay_us.obj</file>
         <name>delay_us.obj</name>
      </input_file>
      <input_file id="fl-6">
         <path>.\ASM\</path>
         <kind>object</kind>
         <file>passwords.obj</file>
         <name>passwords.obj</name>
      </input_file>
      <input_file id="fl-7">
         <path>.\ASM\</path>
         <kind>object</kind>
         <file>reboot.obj</file>
         <name>reboot.obj</name>
      </input_file>
      <input_file id="fl-8">
         <path>.\DSP281x_common\source\</path>
         <kind>object</kind>
         <file>DSP281x_CodeStartBranch.obj</file>
         <name>DSP281x_CodeStartBranch.obj</name>
      </input_file>
      <input_file id="fl-9">
         <path>.\DSP281x_common\source\</path>
         <kind>object</kind>
         <file>DSP281x_DefaultIsr.obj</file>
         <name>DSP281x_DefaultIsr.obj</name>
      </input_file>
      <input_file id="fl-a">
         <path>.\DSP281x_common\source\</path>
         <kind>object</kind>
         <file>DSP281x_PieCtrl.obj</file>
         <name>DSP281x_PieCtrl.obj</name>
      </input_file>
      <input_file id="fl-b">
         <path>.\DSP281x_common\source\</path>
         <kind>object</kind>
         <file>DSP281x_PieVect.obj</file>
         <name>DSP281x_PieVect.obj</name>
      </input_file>
      <input_file id="fl-c">
         <path>.\DSP281x_headers\source\</path>
         <kind>object</kind>
         <file>DSP281x_GlobalVariableDefs.obj</file>
         <name>DSP281x_GlobalVariableDefs.obj</name>
      </input_file>
      <input_file id="fl-d">
         <path>.\Source\</path>
         <kind>object</kind>
         <file>CAN_PCKA.obj</file>
         <name>CAN_PCKA.obj</name>
      </input_file>
      <input_file id="fl-e">
         <path>.\Source\</path>
         <kind>object</kind>
         <file>DSP281x_ECan.obj</file>
         <name>DSP281x_ECan.obj</name>
      </input_file>
      <input_file id="fl-f">
         <path>.\Source\</path>
         <kind>object</kind>
         <file>SPICAN.obj</file>
         <name>SPICAN.obj</name>
      </input_file>
      <input_file id="fl-10">
         <path>.\Source\</path>
         <kind>object</kind>
         <file>System_Object.obj</file>
         <name>System_Object.obj</name>
      </input_file>
      <input_file id="fl-11">
         <path>.\Source\</path>
         <kind>object</kind>
         <file>ad7738.obj</file>
         <name>ad7738.obj</name>
      </input_file>
      <input_file id="fl-12">
         <path>.\Source\</path>
         <kind>object</kind>
         <file>data.obj</file>
         <name>data.obj</name>
      </input_file>
      <input_file id="fl-13">
         <path>.\Source\</path>
         <kind>object</kind>
         <file>diskio.obj</file>
         <name>diskio.obj</name>
      </input_file>
      <input_file id="fl-14">
         <path>.\Source\</path>
         <kind>object</kind>
         <file>ds1wire.obj</file>
         <name>ds1wire.obj</name>
      </input_file>
      <input_file id="fl-15">
         <path>.\Source\</path>
         <kind>object</kind>
         <file>extio.obj</file>
         <name>extio.obj</name>
      </input_file>
      <input_file id="fl-16">
         <path>.\Source\</path>
         <kind>object</kind>
         <file>ff.obj</file>
         <name>ff.obj</name>
      </input_file>
      <input_file id="fl-17">
         <path>.\Source\</path>
         <kind>object</kind>
         <file>flash.obj</file>
         <name>flash.obj</name>
      </input_file>
      <input_file id="fl-18">
         <path>.\Source\</path>
         <kind>object</kind>
         <file>gpio.obj</file>
         <name>gpio.obj</name>
      </input_file>
      <input_file id="fl-19">
         <path>.\Source\</path>
         <kind>object</kind>
         <file>lcd.obj</file>
         <name>lcd.obj</name>
      </input_file>
      <input_file id="fl-1a">
         <path>.\Source\</path>
         <kind>object</kind>
         <file>led.obj</file>
         <name>led.obj</name>
      </input_file>
      <input_file id="fl-1b">
         <path>.\Source\</path>
         <kind>object</kind>
         <file>mcbsp.obj</file>
         <name>mcbsp.obj</name>
      </input_file>
      <input_file id="fl-1c">
         <path>.\Source\</path>
         <kind>object</kind>
         <file>motor.obj</file>
         <name>motor.obj</name>
      </input_file>
      <input_file id="fl-1d">
         <path>.\Source\</path>
         <kind>object</kind>
         <file>prod.obj</file>
         <name>prod.obj</name>
      </input_file>
      <input_file id="fl-1e">
         <path>.\Source\</path>
         <kind>object</kind>
         <file>qep.obj</file>
         <name>qep.obj</name>
      </input_file>
      <input_file id="fl-1f">
         <path>.\Source\</path>
         <kind>object</kind>
         <file>sci.obj</file>
         <name>sci.obj</name>
      </input_file>
      <input_file id="fl-20">
         <path>.\Source\</path>
         <kind>object</kind>
         <file>spi.obj</file>
         <name>spi.obj</name>
      </input_file>
      <input_file id="fl-21">
         <path>.\Source\</path>
         <kind>object</kind>
         <file>system.obj</file>
         <name>system.obj</name>
      </input_file>
      <input_file id="fl-28">
         <path>C:\Users\ebenton\Documents\CERDEC TS\Firmware\CANbus\Flash2812_API_V210\lib\</path>
         <kind>archive</kind>
         <file>Flash2812_API_V210.lib</file>
         <name>Flash28_Erase.obj</name>
      </input_file>
      <input_file id="fl-29">
         <path>C:\Users\ebenton\Documents\CERDEC TS\Firmware\CANbus\Flash2812_API_V210\lib\</path>
         <kind>archive</kind>
         <file>Flash2812_API_V210.lib</file>
         <name>Flash28_EraseSector.obj</name>
      </input_file>
      <input_file id="fl-2a">
         <path>C:\Users\ebenton\Documents\CERDEC TS\Firmware\CANbus\Flash2812_API_V210\lib\</path>
         <kind>archive</kind>
         <file>Flash2812_API_V210.lib</file>
         <name>Flash28_Globals.obj</name>
      </input_file>
      <input_file id="fl-2b">
         <path>C:\Users\ebenton\Documents\CERDEC TS\Firmware\CANbus\Flash2812_API_V210\lib\</path>
         <kind>archive</kind>
         <file>Flash2812_API_V210.lib</file>
         <name>Flash28_Init.obj</name>
      </input_file>
      <input_file id="fl-2c">
         <path>C:\Users\ebenton\Documents\CERDEC TS\Firmware\CANbus\Flash2812_API_V210\lib\</path>
         <kind>archive</kind>
         <file>Flash2812_API_V210.lib</file>
         <name>Flash28_Internals.obj</name>
      </input_file>
      <input_file id="fl-2d">
         <path>C:\Users\ebenton\Documents\CERDEC TS\Firmware\CANbus\Flash2812_API_V210\lib\</path>
         <kind>archive</kind>
         <file>Flash2812_API_V210.lib</file>
         <name>Flash28_Prog.obj</name>
      </input_file>
      <input_file id="fl-2e">
         <path>C:\Users\ebenton\Documents\CERDEC TS\Firmware\CANbus\Flash2812_API_V210\lib\</path>
         <kind>archive</kind>
         <file>Flash2812_API_V210.lib</file>
         <name>Flash28_Prog_Pulse.obj</name>
      </input_file>
      <input_file id="fl-2f">
         <path>C:\Users\ebenton\Documents\CERDEC TS\Firmware\CANbus\Flash2812_API_V210\lib\</path>
         <kind>archive</kind>
         <file>Flash2812_API_V210.lib</file>
         <name>Flash28_Verify.obj</name>
      </input_file>
      <input_file id="fl-30">
         <path>C:\Users\ebenton\Documents\CERDEC TS\Firmware\CANbus\Flash2812_API_V210\lib\</path>
         <kind>archive</kind>
         <file>Flash2812_API_V210.lib</file>
         <name>Flash28_ClearSector.obj</name>
      </input_file>
      <input_file id="fl-31">
         <path>C:\Users\ebenton\Documents\CERDEC TS\Firmware\CANbus\Flash2812_API_V210\lib\</path>
         <kind>archive</kind>
         <file>Flash2812_API_V210.lib</file>
         <name>Flash28_CompactSector.obj</name>
      </input_file>
      <input_file id="fl-32">
         <path>C:\Users\ebenton\Documents\CERDEC TS\Firmware\CANbus\Flash2812_API_V210\lib\</path>
         <kind>archive</kind>
         <file>Flash2812_API_V210.lib</file>
         <name>Flash28_Delay.obj</name>
      </input_file>
      <input_file id="fl-33">
         <path>C:\Users\ebenton\Documents\CERDEC TS\Firmware\CANbus\Flash2812_API_V210\lib\</path>
         <kind>archive</kind>
         <file>Flash2812_API_V210.lib</file>
         <name>Flash28_DisInt.obj</name>
      </input_file>
      <input_file id="fl-34">
         <path>C:\Users\ebenton\Documents\CERDEC TS\Firmware\CANbus\Flash2812_API_V210\lib\</path>
         <kind>archive</kind>
         <file>Flash2812_API_V210.lib</file>
         <name>Flash28_Erase_Pulse.obj</name>
      </input_file>
      <input_file id="fl-35">
         <path>C:\Users\ebenton\Documents\CERDEC TS\Firmware\CANbus\Flash2812_API_V210\lib\</path>
         <kind>archive</kind>
         <file>Flash2812_API_V210.lib</file>
         <name>Flash28_ClearLoop.obj</name>
      </input_file>
      <input_file id="fl-36">
         <path>C:\Users\ebenton\Documents\CERDEC TS\Firmware\CANbus\Flash2812_API_V210\lib\</path>
         <kind>archive</kind>
         <file>Flash2812_API_V210.lib</file>
         <name>Flash28_Compact_Pulse.obj</name>
      </input_file>
      <input_file id="fl-37">
         <path>C:\ti\ccsv6\tools\compiler\ti-cgt-c2000_15.12.4.LTS\lib\</path>
         <kind>archive</kind>
         <file>rts2800_ml.lib</file>
         <name>atoi.obj</name>
      </input_file>
      <input_file id="fl-38">
         <path>C:\ti\ccsv6\tools\compiler\ti-cgt-c2000_15.12.4.LTS\lib\</path>
         <kind>archive</kind>
         <file>rts2800_ml.lib</file>
         <name>atol.obj</name>
      </input_file>
      <input_file id="fl-39">
         <path>C:\ti\ccsv6\tools\compiler\ti-cgt-c2000_15.12.4.LTS\lib\</path>
         <kind>archive</kind>
         <file>rts2800_ml.lib</file>
         <name>boot.obj</name>
      </input_file>
      <input_file id="fl-3a">
         <path>C:\ti\ccsv6\tools\compiler\ti-cgt-c2000_15.12.4.LTS\lib\</path>
         <kind>archive</kind>
         <file>rts2800_ml.lib</file>
         <name>cpy_tbl.obj</name>
      </input_file>
      <input_file id="fl-3b">
         <path>C:\ti\ccsv6\tools\compiler\ti-cgt-c2000_15.12.4.LTS\lib\</path>
         <kind>archive</kind>
         <file>rts2800_ml.lib</file>
         <name>cpy_utils.obj</name>
      </input_file>
      <input_file id="fl-3c">
         <path>C:\ti\ccsv6\tools\compiler\ti-cgt-c2000_15.12.4.LTS\lib\</path>
         <kind>archive</kind>
         <file>rts2800_ml.lib</file>
         <name>ctype.obj</name>
      </input_file>
      <input_file id="fl-3d">
         <path>C:\ti\ccsv6\tools\compiler\ti-cgt-c2000_15.12.4.LTS\lib\</path>
         <kind>archive</kind>
         <file>rts2800_ml.lib</file>
         <name>exit.obj</name>
      </input_file>
      <input_file id="fl-3e">
         <path>C:\ti\ccsv6\tools\compiler\ti-cgt-c2000_15.12.4.LTS\lib\</path>
         <kind>archive</kind>
         <file>rts2800_ml.lib</file>
         <name>fs_add.obj</name>
      </input_file>
      <input_file id="fl-3f">
         <path>C:\ti\ccsv6\tools\compiler\ti-cgt-c2000_15.12.4.LTS\lib\</path>
         <kind>archive</kind>
         <file>rts2800_ml.lib</file>
         <name>fs_cmp.obj</name>
      </input_file>
      <input_file id="fl-40">
         <path>C:\ti\ccsv6\tools\compiler\ti-cgt-c2000_15.12.4.LTS\lib\</path>
         <kind>archive</kind>
         <file>rts2800_ml.lib</file>
         <name>fs_div.obj</name>
      </input_file>
      <input_file id="fl-41">
         <path>C:\ti\ccsv6\tools\compiler\ti-cgt-c2000_15.12.4.LTS\lib\</path>
         <kind>archive</kind>
         <file>rts2800_ml.lib</file>
         <name>fs_mpy.obj</name>
      </input_file>
      <input_file id="fl-42">
         <path>C:\ti\ccsv6\tools\compiler\ti-cgt-c2000_15.12.4.LTS\lib\</path>
         <kind>archive</kind>
         <file>rts2800_ml.lib</file>
         <name>fs_neg.obj</name>
      </input_file>
      <input_file id="fl-43">
         <path>C:\ti\ccsv6\tools\compiler\ti-cgt-c2000_15.12.4.LTS\lib\</path>
         <kind>archive</kind>
         <file>rts2800_ml.lib</file>
         <name>fs_toi.obj</name>
      </input_file>
      <input_file id="fl-44">
         <path>C:\ti\ccsv6\tools\compiler\ti-cgt-c2000_15.12.4.LTS\lib\</path>
         <kind>archive</kind>
         <file>rts2800_ml.lib</file>
         <name>fs_tol.obj</name>
      </input_file>
      <input_file id="fl-45">
         <path>C:\ti\ccsv6\tools\compiler\ti-cgt-c2000_15.12.4.LTS\lib\</path>
         <kind>archive</kind>
         <file>rts2800_ml.lib</file>
         <name>fs_toll.obj</name>
      </input_file>
      <input_file id="fl-46">
         <path>C:\ti\ccsv6\tools\compiler\ti-cgt-c2000_15.12.4.LTS\lib\</path>
         <kind>archive</kind>
         <file>rts2800_ml.lib</file>
         <name>fs_tou.obj</name>
      </input_file>
      <input_file id="fl-47">
         <path>C:\ti\ccsv6\tools\compiler\ti-cgt-c2000_15.12.4.LTS\lib\</path>
         <kind>archive</kind>
         <file>rts2800_ml.lib</file>
         <name>i_div.obj</name>
      </input_file>
      <input_file id="fl-48">
         <path>C:\ti\ccsv6\tools\compiler\ti-cgt-c2000_15.12.4.LTS\lib\</path>
         <kind>archive</kind>
         <file>rts2800_ml.lib</file>
         <name>i_tofs.obj</name>
      </input_file>
      <input_file id="fl-49">
         <path>C:\ti\ccsv6\tools\compiler\ti-cgt-c2000_15.12.4.LTS\lib\</path>
         <kind>archive</kind>
         <file>rts2800_ml.lib</file>
         <name>l_div.obj</name>
      </input_file>
      <input_file id="fl-4a">
         <path>C:\ti\ccsv6\tools\compiler\ti-cgt-c2000_15.12.4.LTS\lib\</path>
         <kind>archive</kind>
         <file>rts2800_ml.lib</file>
         <name>l_tofs.obj</name>
      </input_file>
      <input_file id="fl-4b">
         <path>C:\ti\ccsv6\tools\compiler\ti-cgt-c2000_15.12.4.LTS\lib\</path>
         <kind>archive</kind>
         <file>rts2800_ml.lib</file>
         <name>ll_aox.obj</name>
      </input_file>
      <input_file id="fl-4c">
         <path>C:\ti\ccsv6\tools\compiler\ti-cgt-c2000_15.12.4.LTS\lib\</path>
         <kind>archive</kind>
         <file>rts2800_ml.lib</file>
         <name>ll_cmp.obj</name>
      </input_file>
      <input_file id="fl-4d">
         <path>C:\ti\ccsv6\tools\compiler\ti-cgt-c2000_15.12.4.LTS\lib\</path>
         <kind>archive</kind>
         <file>rts2800_ml.lib</file>
         <name>ll_div.obj</name>
      </input_file>
      <input_file id="fl-4e">
         <path>C:\ti\ccsv6\tools\compiler\ti-cgt-c2000_15.12.4.LTS\lib\</path>
         <kind>archive</kind>
         <file>rts2800_ml.lib</file>
         <name>ll_tofs.obj</name>
      </input_file>
      <input_file id="fl-4f">
         <path>C:\ti\ccsv6\tools\compiler\ti-cgt-c2000_15.12.4.LTS\lib\</path>
         <kind>archive</kind>
         <file>rts2800_ml.lib</file>
         <name>memcmp.obj</name>
      </input_file>
      <input_file id="fl-50">
         <path>C:\ti\ccsv6\tools\compiler\ti-cgt-c2000_15.12.4.LTS\lib\</path>
         <kind>archive</kind>
         <file>rts2800_ml.lib</file>
         <name>memcpy.obj</name>
      </input_file>
      <input_file id="fl-51">
         <path>C:\ti\ccsv6\tools\compiler\ti-cgt-c2000_15.12.4.LTS\lib\</path>
         <kind>archive</kind>
         <file>rts2800_ml.lib</file>
         <name>pre_init.obj</name>
      </input_file>
      <input_file id="fl-52">
         <path>C:\ti\ccsv6\tools\compiler\ti-cgt-c2000_15.12.4.LTS\lib\</path>
         <kind>archive</kind>
         <file>rts2800_ml.lib</file>
         <name>sprintf.obj</name>
      </input_file>
      <input_file id="fl-53">
         <path>C:\ti\ccsv6\tools\compiler\ti-cgt-c2000_15.12.4.LTS\lib\</path>
         <kind>archive</kind>
         <file>rts2800_ml.lib</file>
         <name>startup.obj</name>
      </input_file>
      <input_file id="fl-54">
         <path>C:\ti\ccsv6\tools\compiler\ti-cgt-c2000_15.12.4.LTS\lib\</path>
         <kind>archive</kind>
         <file>rts2800_ml.lib</file>
         <name>strlen.obj</name>
      </input_file>
      <input_file id="fl-55">
         <path>C:\ti\ccsv6\tools\compiler\ti-cgt-c2000_15.12.4.LTS\lib\</path>
         <kind>archive</kind>
         <file>rts2800_ml.lib</file>
         <name>strtod.obj</name>
      </input_file>
      <input_file id="fl-56">
         <path>C:\ti\ccsv6\tools\compiler\ti-cgt-c2000_15.12.4.LTS\lib\</path>
         <kind>archive</kind>
         <file>rts2800_ml.lib</file>
         <name>u_tofs.obj</name>
      </input_file>
      <input_file id="fl-57">
         <path>C:\ti\ccsv6\tools\compiler\ti-cgt-c2000_15.12.4.LTS\lib\</path>
         <kind>archive</kind>
         <file>rts2800_ml.lib</file>
         <name>_lock.obj</name>
      </input_file>
      <input_file id="fl-58">
         <path>C:\ti\ccsv6\tools\compiler\ti-cgt-c2000_15.12.4.LTS\lib\</path>
         <kind>archive</kind>
         <file>rts2800_ml.lib</file>
         <name>_printfi.obj</name>
      </input_file>
      <input_file id="fl-59">
         <path>C:\ti\ccsv6\tools\compiler\ti-cgt-c2000_15.12.4.LTS\lib\</path>
         <kind>archive</kind>
         <file>rts2800_ml.lib</file>
         <name>args_main.obj</name>
      </input_file>
      <input_file id="fl-5a">
         <path>C:\ti\ccsv6\tools\compiler\ti-cgt-c2000_15.12.4.LTS\lib\</path>
         <kind>archive</kind>
         <file>rts2800_ml.lib</file>
         <name>errno.obj</name>
      </input_file>
      <input_file id="fl-5b">
         <path>C:\ti\ccsv6\tools\compiler\ti-cgt-c2000_15.12.4.LTS\lib\</path>
         <kind>archive</kind>
         <file>rts2800_ml.lib</file>
         <name>fd_cmp.obj</name>
      </input_file>
      <input_file id="fl-5c">
         <path>C:\ti\ccsv6\tools\compiler\ti-cgt-c2000_15.12.4.LTS\lib\</path>
         <kind>archive</kind>
         <file>rts2800_ml.lib</file>
         <name>fd_div.obj</name>
      </input_file>
      <input_file id="fl-5d">
         <path>C:\ti\ccsv6\tools\compiler\ti-cgt-c2000_15.12.4.LTS\lib\</path>
         <kind>archive</kind>
         <file>rts2800_ml.lib</file>
         <name>fd_mpy.obj</name>
      </input_file>
      <input_file id="fl-5e">
         <path>C:\ti\ccsv6\tools\compiler\ti-cgt-c2000_15.12.4.LTS\lib\</path>
         <kind>archive</kind>
         <file>rts2800_ml.lib</file>
         <name>fd_neg.obj</name>
      </input_file>
      <input_file id="fl-5f">
         <path>C:\ti\ccsv6\tools\compiler\ti-cgt-c2000_15.12.4.LTS\lib\</path>
         <kind>archive</kind>
         <file>rts2800_ml.lib</file>
         <name>fd_sub.obj</name>
      </input_file>
      <input_file id="fl-60">
         <path>C:\ti\ccsv6\tools\compiler\ti-cgt-c2000_15.12.4.LTS\lib\</path>
         <kind>archive</kind>
         <file>rts2800_ml.lib</file>
         <name>fd_toi.obj</name>
      </input_file>
      <input_file id="fl-61">
         <path>C:\ti\ccsv6\tools\compiler\ti-cgt-c2000_15.12.4.LTS\lib\</path>
         <kind>archive</kind>
         <file>rts2800_ml.lib</file>
         <name>fd_tol.obj</name>
      </input_file>
      <input_file id="fl-62">
         <path>C:\ti\ccsv6\tools\compiler\ti-cgt-c2000_15.12.4.LTS\lib\</path>
         <kind>archive</kind>
         <file>rts2800_ml.lib</file>
         <name>fs_tofd.obj</name>
      </input_file>
      <input_file id="fl-63">
         <path>C:\ti\ccsv6\tools\compiler\ti-cgt-c2000_15.12.4.LTS\lib\</path>
         <kind>archive</kind>
         <file>rts2800_ml.lib</file>
         <name>i_tofd.obj</name>
      </input_file>
      <input_file id="fl-64">
         <path>C:\ti\ccsv6\tools\compiler\ti-cgt-c2000_15.12.4.LTS\lib\</path>
         <kind>archive</kind>
         <file>rts2800_ml.lib</file>
         <name>l_tofd.obj</name>
      </input_file>
      <input_file id="fl-65">
         <path>C:\ti\ccsv6\tools\compiler\ti-cgt-c2000_15.12.4.LTS\lib\</path>
         <kind>archive</kind>
         <file>rts2800_ml.lib</file>
         <name>ltoa.obj</name>
      </input_file>
      <input_file id="fl-66">
         <path>C:\ti\ccsv6\tools\compiler\ti-cgt-c2000_15.12.4.LTS\lib\</path>
         <kind>archive</kind>
         <file>rts2800_ml.lib</file>
         <name>memccpy.obj</name>
      </input_file>
      <input_file id="fl-67">
         <path>C:\ti\ccsv6\tools\compiler\ti-cgt-c2000_15.12.4.LTS\lib\</path>
         <kind>archive</kind>
         <file>rts2800_ml.lib</file>
         <name>memset.obj</name>
      </input_file>
      <input_file id="fl-68">
         <path>C:\ti\ccsv6\tools\compiler\ti-cgt-c2000_15.12.4.LTS\lib\</path>
         <kind>archive</kind>
         <file>rts2800_ml.lib</file>
         <name>s_frexp.obj</name>
      </input_file>
      <input_file id="fl-69">
         <path>C:\ti\ccsv6\tools\compiler\ti-cgt-c2000_15.12.4.LTS\lib\</path>
         <kind>archive</kind>
         <file>rts2800_ml.lib</file>
         <name>s_scalbn.obj</name>
      </input_file>
      <input_file id="fl-6a">
         <path>C:\ti\ccsv6\tools\compiler\ti-cgt-c2000_15.12.4.LTS\lib\</path>
         <kind>archive</kind>
         <file>rts2800_ml.lib</file>
         <name>strchr.obj</name>
      </input_file>
      <input_file id="fl-6b">
         <path>C:\ti\ccsv6\tools\compiler\ti-cgt-c2000_15.12.4.LTS\lib\</path>
         <kind>archive</kind>
         <file>rts2800_ml.lib</file>
         <name>strcpy.obj</name>
      </input_file>
      <input_file id="fl-6c">
         <path>C:\ti\ccsv6\tools\compiler\ti-cgt-c2000_15.12.4.LTS\lib\</path>
         <kind>archive</kind>
         <file>rts2800_ml.lib</file>
         <name>fd_add.obj</name>
      </input_file>
      <input_file id="fl-6d">
         <path>C:\ti\ccsv6\tools\compiler\ti-cgt-c2000_15.12.4.LTS\lib\</path>
         <kind>archive</kind>
         <file>rts2800_ml.lib</file>
         <name>s_copysign.obj</name>
      </input_file>
   </input_file_list>
   <object_component_list>
      <object_component id="oc-22e">
         <name>.text</name>
         <load_address>0x3ec000</load_address>
         <run_address>0x3ec000</run_address>
         <size>0x3618</size>
         <input_file_ref idref="fl-1d"/>
      </object_component>
      <object_component id="oc-249">
         <name>.text</name>
         <load_address>0x3ef618</load_address>
         <run_address>0x3ef618</run_address>
         <size>0xb45</size>
         <input_file_ref idref="fl-58"/>
      </object_component>
      <object_component id="oc-228">
         <name>.text</name>
         <load_address>0x3f015d</load_address>
         <run_address>0x3f015d</run_address>
         <size>0x43e</size>
         <input_file_ref idref="fl-e"/>
      </object_component>
      <object_component id="oc-23e">
         <name>.text</name>
         <load_address>0x3f059b</load_address>
         <run_address>0x3f059b</run_address>
         <size>0x3ee</size>
         <input_file_ref idref="fl-11"/>
      </object_component>
      <object_component id="oc-233">
         <name>.text</name>
         <load_address>0x3f0989</load_address>
         <run_address>0x3f0989</run_address>
         <size>0x2f7</size>
         <input_file_ref idref="fl-1f"/>
      </object_component>
      <object_component id="oc-234">
         <name>.text</name>
         <load_address>0x3f0c80</load_address>
         <run_address>0x3f0c80</run_address>
         <size>0x2e6</size>
         <input_file_ref idref="fl-14"/>
      </object_component>
      <object_component id="oc-240">
         <name>.text</name>
         <load_address>0x3f0f66</load_address>
         <run_address>0x3f0f66</run_address>
         <size>0x1ca</size>
         <input_file_ref idref="fl-f"/>
      </object_component>
      <object_component id="oc-23d">
         <name>.text</name>
         <load_address>0x3f1130</load_address>
         <run_address>0x3f1130</run_address>
         <size>0x1a0</size>
         <input_file_ref idref="fl-12"/>
      </object_component>
      <object_component id="oc-22a">
         <name>.text</name>
         <load_address>0x3f12d0</load_address>
         <run_address>0x3f12d0</run_address>
         <size>0x18b</size>
         <input_file_ref idref="fl-19"/>
      </object_component>
      <object_component id="oc-4e">
         <name>.text:retain</name>
         <load_address>0x3f145b</load_address>
         <run_address>0x3f145b</run_address>
         <size>0x14f</size>
         <input_file_ref idref="fl-9"/>
      </object_component>
      <object_component id="oc-22d">
         <name>.text</name>
         <load_address>0x3f15aa</load_address>
         <run_address>0x3f15aa</run_address>
         <size>0x14d</size>
         <input_file_ref idref="fl-10"/>
      </object_component>
      <object_component id="oc-245">
         <name>.text</name>
         <load_address>0x3f16f7</load_address>
         <run_address>0x3f16f7</run_address>
         <size>0x148</size>
         <input_file_ref idref="fl-55"/>
      </object_component>
      <object_component id="oc-238">
         <name>.text</name>
         <load_address>0x3f183f</load_address>
         <run_address>0x3f183f</run_address>
         <size>0x107</size>
         <input_file_ref idref="fl-18"/>
      </object_component>
      <object_component id="oc-17b">
         <name>.text</name>
         <load_address>0x3f1946</load_address>
         <run_address>0x3f1946</run_address>
         <size>0x107</size>
         <input_file_ref idref="fl-4d"/>
      </object_component>
      <object_component id="oc-235">
         <name>.text</name>
         <load_address>0x3f1a4d</load_address>
         <run_address>0x3f1a4d</run_address>
         <size>0xe4</size>
         <input_file_ref idref="fl-21"/>
      </object_component>
      <object_component id="oc-253">
         <name>.text</name>
         <load_address>0x3f1b31</load_address>
         <run_address>0x3f1b31</run_address>
         <size>0xbd</size>
         <input_file_ref idref="fl-69"/>
      </object_component>
      <object_component id="oc-23b">
         <name>.text</name>
         <load_address>0x3f1bee</load_address>
         <run_address>0x3f1bee</run_address>
         <size>0xa6</size>
         <input_file_ref idref="fl-1a"/>
      </object_component>
      <object_component id="oc-229">
         <name>.text</name>
         <load_address>0x3f1c94</load_address>
         <run_address>0x3f1c94</run_address>
         <size>0xa4</size>
         <input_file_ref idref="fl-20"/>
      </object_component>
      <object_component id="oc-219">
         <name>.text</name>
         <load_address>0x3f1d38</load_address>
         <run_address>0x3f1d38</run_address>
         <size>0x9c</size>
         <input_file_ref idref="fl-6c"/>
      </object_component>
      <object_component id="oc-1c7">
         <name>.text</name>
         <load_address>0x3f1dd4</load_address>
         <run_address>0x3f1dd4</run_address>
         <size>0x8b</size>
         <input_file_ref idref="fl-5c"/>
      </object_component>
      <object_component id="oc-1cc">
         <name>.text</name>
         <load_address>0x3f1e5f</load_address>
         <run_address>0x3f1e5f</run_address>
         <size>0x83</size>
         <input_file_ref idref="fl-5d"/>
      </object_component>
      <object_component id="oc-13a">
         <name>.text</name>
         <load_address>0x3f1ee2</load_address>
         <run_address>0x3f1ee2</run_address>
         <size>0x83</size>
         <input_file_ref idref="fl-40"/>
      </object_component>
      <object_component id="oc-231">
         <name>.text</name>
         <load_address>0x3f1f65</load_address>
         <run_address>0x3f1f65</run_address>
         <size>0x7a</size>
         <input_file_ref idref="fl-15"/>
      </object_component>
      <object_component id="oc-130">
         <name>.text</name>
         <load_address>0x3f1fdf</load_address>
         <run_address>0x3f1fdf</run_address>
         <size>0x78</size>
         <input_file_ref idref="fl-3e"/>
      </object_component>
      <object_component id="oc-242">
         <name>.text</name>
         <load_address>0x3f2057</load_address>
         <run_address>0x3f2057</run_address>
         <size>0x5c</size>
         <input_file_ref idref="fl-1b"/>
      </object_component>
      <object_component id="oc-252">
         <name>.text</name>
         <load_address>0x3f20b3</load_address>
         <run_address>0x3f20b3</run_address>
         <size>0x5c</size>
         <input_file_ref idref="fl-68"/>
      </object_component>
      <object_component id="oc-13f">
         <name>.text</name>
         <load_address>0x3f210f</load_address>
         <run_address>0x3f210f</run_address>
         <size>0x5a</size>
         <input_file_ref idref="fl-41"/>
      </object_component>
      <object_component id="oc-35">
         <name>.text</name>
         <load_address>0x3f2169</load_address>
         <run_address>0x3f2169</run_address>
         <size>0x54</size>
         <input_file_ref idref="fl-39"/>
      </object_component>
      <object_component id="oc-224">
         <name>.text</name>
         <load_address>0x3f21bd</load_address>
         <run_address>0x3f21bd</run_address>
         <size>0x46</size>
         <input_file_ref idref="fl-3a"/>
      </object_component>
      <object_component id="oc-246">
         <name>.text</name>
         <load_address>0x3f2203</load_address>
         <run_address>0x3f2203</run_address>
         <size>0x35</size>
         <input_file_ref idref="fl-38"/>
      </object_component>
      <object_component id="oc-23c">
         <name>.text</name>
         <load_address>0x3f2238</load_address>
         <run_address>0x3f2238</run_address>
         <size>0x32</size>
         <input_file_ref idref="fl-17"/>
      </object_component>
      <object_component id="oc-232">
         <name>.text</name>
         <load_address>0x3f226a</load_address>
         <run_address>0x3f226a</run_address>
         <size>0x32</size>
         <input_file_ref idref="fl-52"/>
      </object_component>
      <object_component id="oc-244">
         <name>.text</name>
         <load_address>0x3f229c</load_address>
         <run_address>0x3f229c</run_address>
         <size>0x31</size>
         <input_file_ref idref="fl-37"/>
      </object_component>
      <object_component id="oc-251">
         <name>.text</name>
         <load_address>0x3f22cd</load_address>
         <run_address>0x3f22cd</run_address>
         <size>0x2e</size>
         <input_file_ref idref="fl-65"/>
      </object_component>
      <object_component id="oc-24d">
         <name>.text</name>
         <load_address>0x3f22fb</load_address>
         <run_address>0x3f22fb</run_address>
         <size>0x2b</size>
         <input_file_ref idref="fl-1e"/>
      </object_component>
      <object_component id="oc-1c2">
         <name>.text</name>
         <load_address>0x3f2326</load_address>
         <run_address>0x3f2326</run_address>
         <size>0x2a</size>
         <input_file_ref idref="fl-5b"/>
      </object_component>
      <object_component id="oc-167">
         <name>.text</name>
         <load_address>0x3f2350</load_address>
         <run_address>0x3f2350</run_address>
         <size>0x2a</size>
         <input_file_ref idref="fl-49"/>
      </object_component>
      <object_component id="oc-227">
         <name>.text</name>
         <load_address>0x3f237a</load_address>
         <run_address>0x3f237a</run_address>
         <size>0x29</size>
         <input_file_ref idref="fl-3d"/>
      </object_component>
      <object_component id="oc-14e">
         <name>.text</name>
         <load_address>0x3f23a3</load_address>
         <run_address>0x3f23a3</run_address>
         <size>0x29</size>
         <input_file_ref idref="fl-44"/>
      </object_component>
      <object_component id="oc-236">
         <name>.text</name>
         <load_address>0x3f23cc</load_address>
         <run_address>0x3f23cc</run_address>
         <size>0x28</size>
         <input_file_ref idref="fl-a"/>
      </object_component>
      <object_component id="oc-149">
         <name>.text</name>
         <load_address>0x3f23f4</load_address>
         <run_address>0x3f23f4</run_address>
         <size>0x25</size>
         <input_file_ref idref="fl-43"/>
      </object_component>
      <object_component id="oc-153">
         <name>.text</name>
         <load_address>0x3f2419</load_address>
         <run_address>0x3f2419</run_address>
         <size>0x24</size>
         <input_file_ref idref="fl-45"/>
      </object_component>
      <object_component id="oc-258">
         <name>.text</name>
         <load_address>0x3f243d</load_address>
         <run_address>0x3f243d</run_address>
         <size>0x23</size>
         <input_file_ref idref="fl-6d"/>
      </object_component>
      <object_component id="oc-15d">
         <name>.text</name>
         <load_address>0x3f2460</load_address>
         <run_address>0x3f2460</run_address>
         <size>0x22</size>
         <input_file_ref idref="fl-47"/>
      </object_component>
      <object_component id="oc-180">
         <name>.text</name>
         <load_address>0x3f2482</load_address>
         <run_address>0x3f2482</run_address>
         <size>0x22</size>
         <input_file_ref idref="fl-4e"/>
      </object_component>
      <object_component id="oc-1db">
         <name>.text</name>
         <load_address>0x3f24a4</load_address>
         <run_address>0x3f24a4</run_address>
         <size>0x21</size>
         <input_file_ref idref="fl-60"/>
      </object_component>
      <object_component id="oc-1e0">
         <name>.text</name>
         <load_address>0x3f24c5</load_address>
         <run_address>0x3f24c5</run_address>
         <size>0x1f</size>
         <input_file_ref idref="fl-61"/>
      </object_component>
      <object_component id="oc-176">
         <name>.text</name>
         <load_address>0x3f24e4</load_address>
         <run_address>0x3f24e4</run_address>
         <size>0x1e</size>
         <input_file_ref idref="fl-4c"/>
      </object_component>
      <object_component id="oc-158">
         <name>.text</name>
         <load_address>0x3f2502</load_address>
         <run_address>0x3f2502</run_address>
         <size>0x1d</size>
         <input_file_ref idref="fl-46"/>
      </object_component>
      <object_component id="oc-1ea">
         <name>.text</name>
         <load_address>0x3f251f</load_address>
         <run_address>0x3f251f</run_address>
         <size>0x1d</size>
         <input_file_ref idref="fl-63"/>
      </object_component>
      <object_component id="oc-239">
         <name>.text</name>
         <load_address>0x3f253c</load_address>
         <run_address>0x3f253c</run_address>
         <size>0x1d</size>
         <input_file_ref idref="fl-50"/>
      </object_component>
      <object_component id="oc-1e5">
         <name>.text</name>
         <load_address>0x3f2559</load_address>
         <run_address>0x3f2559</run_address>
         <size>0x1c</size>
         <input_file_ref idref="fl-62"/>
      </object_component>
      <object_component id="oc-1ef">
         <name>.text</name>
         <load_address>0x3f2575</load_address>
         <run_address>0x3f2575</run_address>
         <size>0x1c</size>
         <input_file_ref idref="fl-64"/>
      </object_component>
      <object_component id="oc-122">
         <name>.text</name>
         <load_address>0x3f2591</load_address>
         <run_address>0x3f2591</run_address>
         <size>0x1a</size>
         <input_file_ref idref="fl-3b"/>
      </object_component>
      <object_component id="oc-162">
         <name>.text</name>
         <load_address>0x3f25ab</load_address>
         <run_address>0x3f25ab</run_address>
         <size>0x1a</size>
         <input_file_ref idref="fl-48"/>
      </object_component>
      <object_component id="oc-16c">
         <name>.text</name>
         <load_address>0x3f25c5</load_address>
         <run_address>0x3f25c5</run_address>
         <size>0x1a</size>
         <input_file_ref idref="fl-4a"/>
      </object_component>
      <object_component id="oc-226">
         <name>.text</name>
         <load_address>0x3f25df</load_address>
         <run_address>0x3f25df</run_address>
         <size>0x19</size>
         <input_file_ref idref="fl-59"/>
      </object_component>
      <object_component id="oc-171">
         <name>.text</name>
         <load_address>0x3f25f8</load_address>
         <run_address>0x3f25f8</run_address>
         <size>0x18</size>
         <input_file_ref idref="fl-4b"/>
      </object_component>
      <object_component id="oc-135">
         <name>.text</name>
         <load_address>0x3f2610</load_address>
         <run_address>0x3f2610</run_address>
         <size>0x17</size>
         <input_file_ref idref="fl-3f"/>
      </object_component>
      <object_component id="oc-24c">
         <name>.text</name>
         <load_address>0x3f2627</load_address>
         <run_address>0x3f2627</run_address>
         <size>0x15</size>
         <input_file_ref idref="fl-4f"/>
      </object_component>
      <object_component id="oc-237">
         <name>.text</name>
         <load_address>0x3f263c</load_address>
         <run_address>0x3f263c</run_address>
         <size>0x11</size>
         <input_file_ref idref="fl-b"/>
      </object_component>
      <object_component id="oc-3b">
         <name>.text</name>
         <load_address>0x3f264d</load_address>
         <run_address>0x3f264d</run_address>
         <size>0x10</size>
         <input_file_ref idref="fl-5"/>
      </object_component>
      <object_component id="oc-1a8">
         <name>.text</name>
         <load_address>0x3f265d</load_address>
         <run_address>0x3f265d</run_address>
         <size>0x10</size>
         <input_file_ref idref="fl-56"/>
      </object_component>
      <object_component id="oc-1d6">
         <name>.text</name>
         <load_address>0x3f266d</load_address>
         <run_address>0x3f266d</run_address>
         <size>0xe</size>
         <input_file_ref idref="fl-5f"/>
      </object_component>
      <object_component id="oc-257">
         <name>.text</name>
         <load_address>0x3f267b</load_address>
         <run_address>0x3f267b</run_address>
         <size>0xd</size>
         <input_file_ref idref="fl-66"/>
      </object_component>
      <object_component id="oc-255">
         <name>.text</name>
         <load_address>0x3f2688</load_address>
         <run_address>0x3f2688</run_address>
         <size>0xc</size>
         <input_file_ref idref="fl-67"/>
      </object_component>
      <object_component id="oc-254">
         <name>.text</name>
         <load_address>0x3f2694</load_address>
         <run_address>0x3f2694</run_address>
         <size>0xb</size>
         <input_file_ref idref="fl-6a"/>
      </object_component>
      <object_component id="oc-247">
         <name>.text</name>
         <load_address>0x3f269f</load_address>
         <run_address>0x3f269f</run_address>
         <size>0x9</size>
         <input_file_ref idref="fl-57"/>
      </object_component>
      <object_component id="oc-1d1">
         <name>.text</name>
         <load_address>0x3f26a8</load_address>
         <run_address>0x3f26a8</run_address>
         <size>0x9</size>
         <input_file_ref idref="fl-5e"/>
      </object_component>
      <object_component id="oc-47">
         <name>.text</name>
         <load_address>0x3f26b1</load_address>
         <run_address>0x3f26b1</run_address>
         <size>0x8</size>
         <input_file_ref idref="fl-8"/>
      </object_component>
      <object_component id="oc-243">
         <name>.text</name>
         <load_address>0x3f26b9</load_address>
         <run_address>0x3f26b9</run_address>
         <size>0x8</size>
         <input_file_ref idref="fl-54"/>
      </object_component>
      <object_component id="oc-144">
         <name>.text</name>
         <load_address>0x3f26c1</load_address>
         <run_address>0x3f26c1</run_address>
         <size>0x5</size>
         <input_file_ref idref="fl-42"/>
      </object_component>
      <object_component id="oc-256">
         <name>.text</name>
         <load_address>0x3f26c6</load_address>
         <run_address>0x3f26c6</run_address>
         <size>0x5</size>
         <input_file_ref idref="fl-6b"/>
      </object_component>
      <object_component id="oc-36">
         <name>.text</name>
         <load_address>0x3f26cb</load_address>
         <run_address>0x3f26cb</run_address>
         <size>0x3</size>
         <input_file_ref idref="fl-4"/>
      </object_component>
      <object_component id="oc-42">
         <name>.text</name>
         <load_address>0x3f26ce</load_address>
         <run_address>0x3f26ce</run_address>
         <size>0x2</size>
         <input_file_ref idref="fl-7"/>
      </object_component>
      <object_component id="oc-223">
         <name>.text</name>
         <load_address>0x3f26d0</load_address>
         <run_address>0x3f26d0</run_address>
         <size>0x2</size>
         <input_file_ref idref="fl-51"/>
      </object_component>
      <object_component id="oc-225">
         <name>.text</name>
         <load_address>0x3f26d2</load_address>
         <run_address>0x3f26d2</run_address>
         <size>0x1</size>
         <input_file_ref idref="fl-53"/>
      </object_component>
      <object_component id="oc-97">
         <name>.cinit</name>
         <load_address>0x3de2e8</load_address>
         <run_address>0x3de2e8</run_address>
         <size>0x4c</size>
         <input_file_ref idref="fl-12"/>
      </object_component>
      <object_component id="oc-8e">
         <name>.cinit</name>
         <load_address>0x3de334</load_address>
         <run_address>0x3de334</run_address>
         <size>0x24</size>
         <input_file_ref idref="fl-11"/>
      </object_component>
      <object_component id="oc-d7">
         <name>.cinit</name>
         <load_address>0x3de358</load_address>
         <run_address>0x3de358</run_address>
         <size>0x11</size>
         <input_file_ref idref="fl-1c"/>
      </object_component>
      <object_component id="oc-de">
         <name>.cinit</name>
         <load_address>0x3de369</load_address>
         <run_address>0x3de369</run_address>
         <size>0xe</size>
         <input_file_ref idref="fl-1d"/>
      </object_component>
      <object_component id="oc-12a">
         <name>.cinit</name>
         <load_address>0x3de377</load_address>
         <run_address>0x3de377</run_address>
         <size>0xe</size>
         <input_file_ref idref="fl-3d"/>
      </object_component>
      <object_component id="oc-ae">
         <name>.cinit</name>
         <load_address>0x3de385</load_address>
         <run_address>0x3de385</run_address>
         <size>0xc</size>
         <input_file_ref idref="fl-15"/>
      </object_component>
      <object_component id="oc-ff">
         <name>.cinit</name>
         <load_address>0x3de391</load_address>
         <run_address>0x3de391</run_address>
         <size>0xa</size>
         <input_file_ref idref="fl-2a"/>
      </object_component>
      <object_component id="oc-eb">
         <name>.cinit</name>
         <load_address>0x3de39b</load_address>
         <run_address>0x3de39b</run_address>
         <size>0x8</size>
         <input_file_ref idref="fl-1f"/>
      </object_component>
      <object_component id="oc-230">
         <name>.cinit:__lock</name>
         <load_address>0x3de3a3</load_address>
         <run_address>0x3de3a3</run_address>
         <size>0x5</size>
         <input_file_ref idref="fl-57"/>
      </object_component>
      <object_component id="oc-248">
         <name>.cinit:__unlock</name>
         <load_address>0x3de3a8</load_address>
         <run_address>0x3de3a8</run_address>
         <size>0x5</size>
         <input_file_ref idref="fl-57"/>
      </object_component>
      <object_component id="oc-a1">
         <name>.cinit</name>
         <load_address>0x3de3ad</load_address>
         <run_address>0x3de3ad</run_address>
         <size>0x4</size>
         <input_file_ref idref="fl-13"/>
      </object_component>
      <object_component id="oc-1bf">
         <name>.cinit</name>
         <load_address>0x3de3b1</load_address>
         <run_address>0x3de3b1</run_address>
         <size>0x4</size>
         <input_file_ref idref="fl-5a"/>
      </object_component>
      <object_component id="oc-e0">
         <name>.econst:.string</name>
         <load_address>0x3dc000</load_address>
         <run_address>0x3dc000</run_address>
         <size>0x1e75</size>
         <input_file_ref idref="fl-1d"/>
      </object_component>
      <object_component id="oc-241">
         <name>.econst:.string:__ctypes_</name>
         <load_address>0x3dde75</load_address>
         <run_address>0x3dde75</run_address>
         <size>0x101</size>
         <input_file_ref idref="fl-3c"/>
      </object_component>
      <object_component id="oc-24b">
         <name>.econst:_PieVectTableInit</name>
         <load_address>0x3ddf76</load_address>
         <run_address>0x3ddf76</run_address>
         <size>0x100</size>
         <input_file_ref idref="fl-b"/>
      </object_component>
      <object_component id="oc-24a">
         <name>.econst:_dscrctable</name>
         <load_address>0x3de076</load_address>
         <run_address>0x3de076</run_address>
         <size>0x100</size>
         <input_file_ref idref="fl-14"/>
      </object_component>
      <object_component id="oc-9b">
         <name>.econst:.string</name>
         <load_address>0x3de176</load_address>
         <run_address>0x3de176</run_address>
         <size>0x90</size>
         <input_file_ref idref="fl-12"/>
      </object_component>
      <object_component id="oc-b6">
         <name>.econst:.string</name>
         <load_address>0x3de206</load_address>
         <run_address>0x3de206</run_address>
         <size>0x44</size>
         <input_file_ref idref="fl-16"/>
      </object_component>
      <object_component id="oc-1b4">
         <name>.econst:.string</name>
         <load_address>0x3de24a</load_address>
         <run_address>0x3de24a</run_address>
         <size>0x26</size>
         <input_file_ref idref="fl-58"/>
      </object_component>
      <object_component id="oc-1b3">
         <name>.econst</name>
         <load_address>0x3de270</load_address>
         <run_address>0x3de270</run_address>
         <size>0x1c</size>
         <input_file_ref idref="fl-58"/>
      </object_component>
      <object_component id="oc-20a">
         <name>.econst</name>
         <load_address>0x3de28c</load_address>
         <run_address>0x3de28c</run_address>
         <size>0x1c</size>
         <input_file_ref idref="fl-69"/>
      </object_component>
      <object_component id="oc-24e">
         <name>.econst:_digits</name>
         <load_address>0x3de2a8</load_address>
         <run_address>0x3de2a8</run_address>
         <size>0x14</size>
         <input_file_ref idref="fl-55"/>
      </object_component>
      <object_component id="oc-23f">
         <name>.econst:_BAUD</name>
         <load_address>0x3de2bc</load_address>
         <run_address>0x3de2bc</run_address>
         <size>0x10</size>
         <input_file_ref idref="fl-12"/>
      </object_component>
      <object_component id="oc-24f">
         <name>.econst:_powerof10</name>
         <load_address>0x3de2cc</load_address>
         <run_address>0x3de2cc</run_address>
         <size>0xc</size>
         <input_file_ref idref="fl-55"/>
      </object_component>
      <object_component id="oc-22b">
         <name>.econst:_BITMAP</name>
         <load_address>0x3de2d8</load_address>
         <run_address>0x3de2d8</run_address>
         <size>0x8</size>
         <input_file_ref idref="fl-12"/>
      </object_component>
      <object_component id="oc-204">
         <name>.econst</name>
         <load_address>0x3de2e0</load_address>
         <run_address>0x3de2e0</run_address>
         <size>0x8</size>
         <input_file_ref idref="fl-68"/>
      </object_component>
      <object_component id="oc-118">
         <name>.reset</name>
         <load_address>0x3fffc0</load_address>
         <run_address>0x3fffc0</run_address>
         <size>0x2</size>
         <input_file_ref idref="fl-39"/>
      </object_component>
      <object_component id="oc-7a">
         <name>.ebss</name>
         <uninitialized>true</uninitialized>
         <run_address>0x3f9a98</run_address>
         <size>0x6</size>
         <input_file_ref idref="fl-d"/>
      </object_component>
      <object_component id="oc-7d">
         <name>.ebss</name>
         <uninitialized>true</uninitialized>
         <run_address>0x3f9c00</run_address>
         <size>0x34</size>
         <input_file_ref idref="fl-e"/>
      </object_component>
      <object_component id="oc-88">
         <name>.ebss</name>
         <uninitialized>true</uninitialized>
         <run_address>0x3f9a00</run_address>
         <size>0x98</size>
         <input_file_ref idref="fl-10"/>
      </object_component>
      <object_component id="oc-8f">
         <name>.ebss</name>
         <uninitialized>true</uninitialized>
         <run_address>0x3f9780</run_address>
         <size>0x270</size>
         <input_file_ref idref="fl-11"/>
      </object_component>
      <object_component id="oc-98">
         <name>.ebss</name>
         <uninitialized>true</uninitialized>
         <run_address>0x3f9b80</run_address>
         <size>0x60</size>
         <input_file_ref idref="fl-12"/>
      </object_component>
      <object_component id="oc-a2">
         <name>.ebss</name>
         <uninitialized>true</uninitialized>
         <run_address>0x3f9aaa</run_address>
         <size>0x4</size>
         <input_file_ref idref="fl-13"/>
      </object_component>
      <object_component id="oc-a8">
         <name>.ebss</name>
         <uninitialized>true</uninitialized>
         <run_address>0x3f9aba</run_address>
         <size>0x2</size>
         <input_file_ref idref="fl-14"/>
      </object_component>
      <object_component id="oc-af">
         <name>.ebss</name>
         <uninitialized>true</uninitialized>
         <run_address>0x3f9ab2</run_address>
         <size>0x3</size>
         <input_file_ref idref="fl-15"/>
      </object_component>
      <object_component id="oc-b5">
         <name>.ebss</name>
         <uninitialized>true</uninitialized>
         <run_address>0x3f9aae</run_address>
         <size>0x4</size>
         <input_file_ref idref="fl-16"/>
      </object_component>
      <object_component id="oc-bc">
         <name>.ebss</name>
         <uninitialized>true</uninitialized>
         <run_address>0x3f99f0</run_address>
         <size>0xc</size>
         <input_file_ref idref="fl-17"/>
      </object_component>
      <object_component id="oc-c7">
         <name>.ebss</name>
         <uninitialized>true</uninitialized>
         <run_address>0x3f9ac0</run_address>
         <size>0x90</size>
         <input_file_ref idref="fl-19"/>
      </object_component>
      <object_component id="oc-d8">
         <name>.ebss</name>
         <uninitialized>true</uninitialized>
         <run_address>0x3f9a9e</run_address>
         <size>0x6</size>
         <input_file_ref idref="fl-1c"/>
      </object_component>
      <object_component id="oc-df">
         <name>.ebss</name>
         <uninitialized>true</uninitialized>
         <run_address>0x3f8000</run_address>
         <size>0xf40</size>
         <input_file_ref idref="fl-1d"/>
      </object_component>
      <object_component id="oc-ec">
         <name>.ebss</name>
         <uninitialized>true</uninitialized>
         <run_address>0x3f8f40</run_address>
         <size>0x840</size>
         <input_file_ref idref="fl-1f"/>
      </object_component>
      <object_component id="oc-100">
         <name>.ebss</name>
         <uninitialized>true</uninitialized>
         <run_address>0x3f99fc</run_address>
         <size>0x4</size>
         <input_file_ref idref="fl-2a"/>
      </object_component>
      <object_component id="oc-12b">
         <name>.ebss</name>
         <uninitialized>true</uninitialized>
         <run_address>0x3f9aa4</run_address>
         <size>0x6</size>
         <input_file_ref idref="fl-3d"/>
      </object_component>
      <object_component id="oc-250">
         <name>.ebss:__unlock</name>
         <uninitialized>true</uninitialized>
         <run_address>0x3f9ab8</run_address>
         <size>0x2</size>
         <input_file_ref idref="fl-57"/>
      </object_component>
      <object_component id="oc-22f">
         <name>.ebss:__lock</name>
         <uninitialized>true</uninitialized>
         <run_address>0x3f9ab6</run_address>
         <size>0x2</size>
         <input_file_ref idref="fl-57"/>
      </object_component>
      <object_component id="oc-1c0">
         <name>.ebss</name>
         <uninitialized>true</uninitialized>
         <run_address>0x3f9ab5</run_address>
         <size>0x1</size>
         <input_file_ref idref="fl-5a"/>
      </object_component>
      <object_component id="oc-117">
         <name>.stack</name>
         <uninitialized>true</uninitialized>
         <run_address>0x0</run_address>
         <size>0x0</size>
         <input_file_ref idref="fl-39"/>
      </object_component>
      <object_component id="oc-296">
         <name>.stack</name>
         <uninitialized>true</uninitialized>
         <run_address>0x0</run_address>
         <size>0x0</size>
      </object_component>
      <object_component id="oc-48">
         <name>codestart</name>
         <load_address>0x3f5ff6</load_address>
         <run_address>0x3f5ff6</run_address>
         <size>0x2</size>
         <input_file_ref idref="fl-8"/>
      </object_component>
      <object_component id="oc-41">
         <name>csm_rsvd</name>
         <load_address>0x3f5f80</load_address>
         <run_address>0x3f5f80</run_address>
         <size>0x76</size>
         <input_file_ref idref="fl-6"/>
      </object_component>
      <object_component id="oc-40">
         <name>passwords</name>
         <load_address>0x3f5ff8</load_address>
         <run_address>0x3f5ff8</run_address>
         <size>0x8</size>
         <input_file_ref idref="fl-6"/>
      </object_component>
      <object_component id="oc-91">
         <name>secureRamFuncs:retain</name>
         <load_address>0x3f4551</load_address>
         <run_address>0x8551</run_address>
         <size>0x2dc</size>
         <input_file_ref idref="fl-11"/>
      </object_component>
      <object_component id="oc-ed">
         <name>secureRamFuncs:retain</name>
         <load_address>0x3f482d</load_address>
         <run_address>0x882d</run_address>
         <size>0x8c</size>
         <input_file_ref idref="fl-1f"/>
      </object_component>
      <object_component id="oc-23a">
         <name>secureRamFuncs</name>
         <load_address>0x3f48b9</load_address>
         <run_address>0x88b9</run_address>
         <size>0x23</size>
         <input_file_ref idref="fl-21"/>
      </object_component>
      <object_component id="oc-22c">
         <name>secureRamFuncs</name>
         <load_address>0x3f48dc</load_address>
         <run_address>0x88dc</run_address>
         <size>0x20</size>
         <input_file_ref idref="fl-12"/>
      </object_component>
      <object_component id="oc-fd">
         <name>.econst</name>
         <load_address>0x3f4000</load_address>
         <run_address>0x8000</run_address>
         <size>0x32</size>
         <input_file_ref idref="fl-28"/>
      </object_component>
      <object_component id="oc-103">
         <name>.text</name>
         <load_address>0x3f4032</load_address>
         <run_address>0x8032</run_address>
         <size>0xa4</size>
         <input_file_ref idref="fl-2d"/>
      </object_component>
      <object_component id="oc-10a">
         <name>.text</name>
         <load_address>0x3f40d6</load_address>
         <run_address>0x80d6</run_address>
         <size>0x9a</size>
         <input_file_ref idref="fl-34"/>
      </object_component>
      <object_component id="oc-fc">
         <name>.text</name>
         <load_address>0x3f4170</load_address>
         <run_address>0x8170</run_address>
         <size>0x91</size>
         <input_file_ref idref="fl-28"/>
      </object_component>
      <object_component id="oc-102">
         <name>.text</name>
         <load_address>0x3f4201</load_address>
         <run_address>0x8201</run_address>
         <size>0x8d</size>
         <input_file_ref idref="fl-2c"/>
      </object_component>
      <object_component id="oc-104">
         <name>.text</name>
         <load_address>0x3f428e</load_address>
         <run_address>0x828e</run_address>
         <size>0x7f</size>
         <input_file_ref idref="fl-2e"/>
      </object_component>
      <object_component id="oc-10c">
         <name>.text</name>
         <load_address>0x3f430d</load_address>
         <run_address>0x830d</run_address>
         <size>0x7d</size>
         <input_file_ref idref="fl-36"/>
      </object_component>
      <object_component id="oc-fe">
         <name>.text</name>
         <load_address>0x3f438a</load_address>
         <run_address>0x838a</run_address>
         <size>0x60</size>
         <input_file_ref idref="fl-29"/>
      </object_component>
      <object_component id="oc-107">
         <name>.text</name>
         <load_address>0x3f43ea</load_address>
         <run_address>0x83ea</run_address>
         <size>0x59</size>
         <input_file_ref idref="fl-31"/>
      </object_component>
      <object_component id="oc-101">
         <name>.text</name>
         <load_address>0x3f4443</load_address>
         <run_address>0x8443</run_address>
         <size>0x47</size>
         <input_file_ref idref="fl-2b"/>
      </object_component>
      <object_component id="oc-10b">
         <name>.text</name>
         <load_address>0x3f448a</load_address>
         <run_address>0x848a</run_address>
         <size>0x44</size>
         <input_file_ref idref="fl-35"/>
      </object_component>
      <object_component id="oc-106">
         <name>.text</name>
         <load_address>0x3f44ce</load_address>
         <run_address>0x84ce</run_address>
         <size>0x3b</size>
         <input_file_ref idref="fl-30"/>
      </object_component>
      <object_component id="oc-105">
         <name>.text</name>
         <load_address>0x3f4509</load_address>
         <run_address>0x8509</run_address>
         <size>0x34</size>
         <input_file_ref idref="fl-2f"/>
      </object_component>
      <object_component id="oc-108">
         <name>.text</name>
         <load_address>0x3f453d</load_address>
         <run_address>0x853d</run_address>
         <size>0xd</size>
         <input_file_ref idref="fl-32"/>
      </object_component>
      <object_component id="oc-109">
         <name>.text</name>
         <load_address>0x3f454a</load_address>
         <run_address>0x854a</run_address>
         <size>0x7</size>
         <input_file_ref idref="fl-33"/>
      </object_component>
      <object_component id="oc-99">
         <name>l1ram</name>
         <uninitialized>true</uninitialized>
         <run_address>0x9000</run_address>
         <size>0xc96</size>
         <input_file_ref idref="fl-12"/>
      </object_component>
      <object_component id="oc-90">
         <name>bigbuffer</name>
         <uninitialized>true</uninitialized>
         <run_address>0xa7100</run_address>
         <size>0xa000</size>
         <input_file_ref idref="fl-11"/>
      </object_component>
      <object_component id="oc-9a">
         <name>bigbuffer</name>
         <uninitialized>true</uninitialized>
         <run_address>0x80000</run_address>
         <size>0x27100</size>
         <input_file_ref idref="fl-12"/>
      </object_component>
      <object_component id="oc-76">
         <name>PieVectTableFile</name>
         <uninitialized>true</uninitialized>
         <run_address>0xd00</run_address>
         <size>0x100</size>
         <input_file_ref idref="fl-c"/>
      </object_component>
      <object_component id="oc-75">
         <name>DevEmuRegsFile</name>
         <uninitialized>true</uninitialized>
         <run_address>0x880</run_address>
         <size>0xd0</size>
         <input_file_ref idref="fl-c"/>
      </object_component>
      <object_component id="oc-5f">
         <name>FlashRegsFile</name>
         <uninitialized>true</uninitialized>
         <run_address>0xa80</run_address>
         <size>0x8</size>
         <input_file_ref idref="fl-c"/>
      </object_component>
      <object_component id="oc-66">
         <name>CsmRegsFile</name>
         <uninitialized>true</uninitialized>
         <run_address>0xae0</run_address>
         <size>0x10</size>
         <input_file_ref idref="fl-c"/>
      </object_component>
      <object_component id="oc-6a">
         <name>XintfRegsFile</name>
         <uninitialized>true</uninitialized>
         <run_address>0xb20</run_address>
         <size>0x20</size>
         <input_file_ref idref="fl-c"/>
      </object_component>
      <object_component id="oc-60">
         <name>CpuTimer0RegsFile</name>
         <uninitialized>true</uninitialized>
         <run_address>0xc00</run_address>
         <size>0x8</size>
         <input_file_ref idref="fl-c"/>
      </object_component>
      <object_component id="oc-61">
         <name>CpuTimer1RegsFile</name>
         <uninitialized>true</uninitialized>
         <run_address>0xc08</run_address>
         <size>0x8</size>
         <input_file_ref idref="fl-c"/>
      </object_component>
      <object_component id="oc-5e">
         <name>CpuTimer2RegsFile</name>
         <uninitialized>true</uninitialized>
         <run_address>0xc10</run_address>
         <size>0x8</size>
         <input_file_ref idref="fl-c"/>
      </object_component>
      <object_component id="oc-69">
         <name>PieCtrlRegsFile</name>
         <uninitialized>true</uninitialized>
         <run_address>0xce0</run_address>
         <size>0x1a</size>
         <input_file_ref idref="fl-c"/>
      </object_component>
      <object_component id="oc-71">
         <name>ECanaRegsFile</name>
         <uninitialized>true</uninitialized>
         <run_address>0x6000</run_address>
         <size>0x34</size>
         <input_file_ref idref="fl-c"/>
      </object_component>
      <object_component id="oc-73">
         <name>ECanaLAMRegsFile</name>
         <uninitialized>true</uninitialized>
         <run_address>0x6040</run_address>
         <size>0x40</size>
         <input_file_ref idref="fl-c"/>
      </object_component>
      <object_component id="oc-77">
         <name>ECanaMboxesFile</name>
         <uninitialized>true</uninitialized>
         <run_address>0x6100</run_address>
         <size>0x100</size>
         <input_file_ref idref="fl-c"/>
      </object_component>
      <object_component id="oc-72">
         <name>ECanaMOTSRegsFile</name>
         <uninitialized>true</uninitialized>
         <run_address>0x6080</run_address>
         <size>0x40</size>
         <input_file_ref idref="fl-c"/>
      </object_component>
      <object_component id="oc-74">
         <name>ECanaMOTORegsFile</name>
         <uninitialized>true</uninitialized>
         <run_address>0x60c0</run_address>
         <size>0x40</size>
         <input_file_ref idref="fl-c"/>
      </object_component>
      <object_component id="oc-6b">
         <name>SysCtrlRegsFile</name>
         <uninitialized>true</uninitialized>
         <run_address>0x7010</run_address>
         <size>0x20</size>
         <input_file_ref idref="fl-c"/>
      </object_component>
      <object_component id="oc-64">
         <name>SpiaRegsFile</name>
         <uninitialized>true</uninitialized>
         <run_address>0x7040</run_address>
         <size>0x10</size>
         <input_file_ref idref="fl-c"/>
      </object_component>
      <object_component id="oc-65">
         <name>SciaRegsFile</name>
         <uninitialized>true</uninitialized>
         <run_address>0x7050</run_address>
         <size>0x10</size>
         <input_file_ref idref="fl-c"/>
      </object_component>
      <object_component id="oc-67">
         <name>XIntruptRegsFile</name>
         <uninitialized>true</uninitialized>
         <run_address>0x7070</run_address>
         <size>0x10</size>
         <input_file_ref idref="fl-c"/>
      </object_component>
      <object_component id="oc-6c">
         <name>GpioMuxRegsFile</name>
         <uninitialized>true</uninitialized>
         <run_address>0x70c0</run_address>
         <size>0x20</size>
         <input_file_ref idref="fl-c"/>
      </object_component>
      <object_component id="oc-6d">
         <name>GpioDataRegsFile</name>
         <uninitialized>true</uninitialized>
         <run_address>0x70e0</run_address>
         <size>0x20</size>
         <input_file_ref idref="fl-c"/>
      </object_component>
      <object_component id="oc-68">
         <name>AdcRegsFile</name>
         <uninitialized>true</uninitialized>
         <run_address>0x7100</run_address>
         <size>0x1a</size>
         <input_file_ref idref="fl-c"/>
      </object_component>
      <object_component id="oc-6f">
         <name>EvaRegsFile</name>
         <uninitialized>true</uninitialized>
         <run_address>0x7400</run_address>
         <size>0x32</size>
         <input_file_ref idref="fl-c"/>
      </object_component>
      <object_component id="oc-70">
         <name>EvbRegsFile</name>
         <uninitialized>true</uninitialized>
         <run_address>0x7500</run_address>
         <size>0x32</size>
         <input_file_ref idref="fl-c"/>
      </object_component>
      <object_component id="oc-63">
         <name>ScibRegsFile</name>
         <uninitialized>true</uninitialized>
         <run_address>0x7750</run_address>
         <size>0x10</size>
         <input_file_ref idref="fl-c"/>
      </object_component>
      <object_component id="oc-6e">
         <name>McbspaRegsFile</name>
         <uninitialized>true</uninitialized>
         <run_address>0x7800</run_address>
         <size>0x25</size>
         <input_file_ref idref="fl-c"/>
      </object_component>
      <object_component id="oc-62">
         <name>CsmPwlFile</name>
         <uninitialized>true</uninitialized>
         <run_address>0x3f7ff8</run_address>
         <size>0x8</size>
         <input_file_ref idref="fl-c"/>
      </object_component>
      <object_component id="oc-37">
         <name>.debug_info</name>
         <load_address>0x0</load_address>
         <run_address>0x0</run_address>
         <size>0xf0</size>
         <input_file_ref idref="fl-4"/>
      </object_component>
      <object_component id="oc-3c">
         <name>.debug_info</name>
         <load_address>0xf0</load_address>
         <run_address>0xf0</run_address>
         <size>0xee</size>
         <input_file_ref idref="fl-5"/>
      </object_component>
      <object_component id="oc-43">
         <name>.debug_info</name>
         <load_address>0x1de</load_address>
         <run_address>0x1de</run_address>
         <size>0xdf</size>
         <input_file_ref idref="fl-7"/>
      </object_component>
      <object_component id="oc-49">
         <name>.debug_info</name>
         <load_address>0x2bd</load_address>
         <run_address>0x2bd</run_address>
         <size>0x16c</size>
         <input_file_ref idref="fl-8"/>
      </object_component>
      <object_component id="oc-4d">
         <name>.debug_info</name>
         <load_address>0x429</load_address>
         <run_address>0x429</run_address>
         <size>0x25bc</size>
         <input_file_ref idref="fl-9"/>
      </object_component>
      <object_component id="oc-53">
         <name>.debug_info</name>
         <load_address>0x29e5</load_address>
         <run_address>0x29e5</run_address>
         <size>0xb0a</size>
         <input_file_ref idref="fl-a"/>
      </object_component>
      <object_component id="oc-58">
         <name>.debug_info</name>
         <load_address>0x34ef</load_address>
         <run_address>0x34ef</run_address>
         <size>0x2005</size>
         <input_file_ref idref="fl-b"/>
      </object_component>
      <object_component id="oc-5d">
         <name>.debug_info</name>
         <load_address>0x54f4</load_address>
         <run_address>0x54f4</run_address>
         <size>0x135a9</size>
         <input_file_ref idref="fl-c"/>
      </object_component>
      <object_component id="oc-79">
         <name>.debug_info</name>
         <load_address>0x18a9d</load_address>
         <run_address>0x18a9d</run_address>
         <size>0x3ef</size>
         <input_file_ref idref="fl-d"/>
      </object_component>
      <object_component id="oc-7c">
         <name>.debug_info</name>
         <load_address>0x18e8c</load_address>
         <run_address>0x18e8c</run_address>
         <size>0x66dc</size>
         <input_file_ref idref="fl-e"/>
      </object_component>
      <object_component id="oc-82">
         <name>.debug_info</name>
         <load_address>0x1f568</load_address>
         <run_address>0x1f568</run_address>
         <size>0x32b9</size>
         <input_file_ref idref="fl-f"/>
      </object_component>
      <object_component id="oc-87">
         <name>.debug_info</name>
         <load_address>0x22821</load_address>
         <run_address>0x22821</run_address>
         <size>0x21eb</size>
         <input_file_ref idref="fl-10"/>
      </object_component>
      <object_component id="oc-8d">
         <name>.debug_info</name>
         <load_address>0x24a0c</load_address>
         <run_address>0x24a0c</run_address>
         <size>0x6459</size>
         <input_file_ref idref="fl-11"/>
      </object_component>
      <object_component id="oc-96">
         <name>.debug_info</name>
         <load_address>0x2ae65</load_address>
         <run_address>0x2ae65</run_address>
         <size>0xf2e</size>
         <input_file_ref idref="fl-12"/>
      </object_component>
      <object_component id="oc-a0">
         <name>.debug_info</name>
         <load_address>0x2bd93</load_address>
         <run_address>0x2bd93</run_address>
         <size>0x4c5</size>
         <input_file_ref idref="fl-13"/>
      </object_component>
      <object_component id="oc-a7">
         <name>.debug_info</name>
         <load_address>0x2c258</load_address>
         <run_address>0x2c258</run_address>
         <size>0x4a7a</size>
         <input_file_ref idref="fl-14"/>
      </object_component>
      <object_component id="oc-ad">
         <name>.debug_info</name>
         <load_address>0x30cd2</load_address>
         <run_address>0x30cd2</run_address>
         <size>0x96a</size>
         <input_file_ref idref="fl-15"/>
      </object_component>
      <object_component id="oc-b4">
         <name>.debug_info</name>
         <load_address>0x3163c</load_address>
         <run_address>0x3163c</run_address>
         <size>0xc16</size>
         <input_file_ref idref="fl-16"/>
      </object_component>
      <object_component id="oc-bb">
         <name>.debug_info</name>
         <load_address>0x32252</load_address>
         <run_address>0x32252</run_address>
         <size>0xc3e</size>
         <input_file_ref idref="fl-17"/>
      </object_component>
      <object_component id="oc-c1">
         <name>.debug_info</name>
         <load_address>0x32e90</load_address>
         <run_address>0x32e90</run_address>
         <size>0x3e97</size>
         <input_file_ref idref="fl-18"/>
      </object_component>
      <object_component id="oc-c6">
         <name>.debug_info</name>
         <load_address>0x36d27</load_address>
         <run_address>0x36d27</run_address>
         <size>0x2cfb</size>
         <input_file_ref idref="fl-19"/>
      </object_component>
      <object_component id="oc-cc">
         <name>.debug_info</name>
         <load_address>0x39a22</load_address>
         <run_address>0x39a22</run_address>
         <size>0x288a</size>
         <input_file_ref idref="fl-1a"/>
      </object_component>
      <object_component id="oc-d1">
         <name>.debug_info</name>
         <load_address>0x3c2ac</load_address>
         <run_address>0x3c2ac</run_address>
         <size>0x5a1d</size>
         <input_file_ref idref="fl-1b"/>
      </object_component>
      <object_component id="oc-d6">
         <name>.debug_info</name>
         <load_address>0x41cc9</load_address>
         <run_address>0x41cc9</run_address>
         <size>0x38b</size>
         <input_file_ref idref="fl-1c"/>
      </object_component>
      <object_component id="oc-dd">
         <name>.debug_info</name>
         <load_address>0x42054</load_address>
         <run_address>0x42054</run_address>
         <size>0x9b19</size>
         <input_file_ref idref="fl-1d"/>
      </object_component>
      <object_component id="oc-e5">
         <name>.debug_info</name>
         <load_address>0x4bb6d</load_address>
         <run_address>0x4bb6d</run_address>
         <size>0x2b2c</size>
         <input_file_ref idref="fl-1e"/>
      </object_component>
      <object_component id="oc-ea">
         <name>.debug_info</name>
         <load_address>0x4e699</load_address>
         <run_address>0x4e699</run_address>
         <size>0x5213</size>
         <input_file_ref idref="fl-1f"/>
      </object_component>
      <object_component id="oc-f2">
         <name>.debug_info</name>
         <load_address>0x538ac</load_address>
         <run_address>0x538ac</run_address>
         <size>0x3152</size>
         <input_file_ref idref="fl-20"/>
      </object_component>
      <object_component id="oc-f7">
         <name>.debug_info</name>
         <load_address>0x569fe</load_address>
         <run_address>0x569fe</run_address>
         <size>0x19bd</size>
         <input_file_ref idref="fl-21"/>
      </object_component>
      <object_component id="oc-10d">
         <name>.debug_info</name>
         <load_address>0x583bb</load_address>
         <run_address>0x583bb</run_address>
         <size>0x3a3</size>
         <input_file_ref idref="fl-37"/>
      </object_component>
      <object_component id="oc-112">
         <name>.debug_info</name>
         <load_address>0x5875e</load_address>
         <run_address>0x5875e</run_address>
         <size>0x3a3</size>
         <input_file_ref idref="fl-38"/>
      </object_component>
      <object_component id="oc-119">
         <name>.debug_info</name>
         <load_address>0x58b01</load_address>
         <run_address>0x58b01</run_address>
         <size>0x16c</size>
         <input_file_ref idref="fl-39"/>
      </object_component>
      <object_component id="oc-11d">
         <name>.debug_info</name>
         <load_address>0x58c6d</load_address>
         <run_address>0x58c6d</run_address>
         <size>0x576</size>
         <input_file_ref idref="fl-3a"/>
      </object_component>
      <object_component id="oc-123">
         <name>.debug_info</name>
         <load_address>0x591e3</load_address>
         <run_address>0x591e3</run_address>
         <size>0x113</size>
         <input_file_ref idref="fl-3b"/>
      </object_component>
      <object_component id="oc-127">
         <name>.debug_info</name>
         <load_address>0x592f6</load_address>
         <run_address>0x592f6</run_address>
         <size>0x1dd</size>
         <input_file_ref idref="fl-3c"/>
      </object_component>
      <object_component id="oc-129">
         <name>.debug_info</name>
         <load_address>0x594d3</load_address>
         <run_address>0x594d3</run_address>
         <size>0x4fa</size>
         <input_file_ref idref="fl-3d"/>
      </object_component>
      <object_component id="oc-131">
         <name>.debug_info</name>
         <load_address>0x599cd</load_address>
         <run_address>0x599cd</run_address>
         <size>0x10d</size>
         <input_file_ref idref="fl-3e"/>
      </object_component>
      <object_component id="oc-136">
         <name>.debug_info</name>
         <load_address>0x59ada</load_address>
         <run_address>0x59ada</run_address>
         <size>0x10d</size>
         <input_file_ref idref="fl-3f"/>
      </object_component>
      <object_component id="oc-13b">
         <name>.debug_info</name>
         <load_address>0x59be7</load_address>
         <run_address>0x59be7</run_address>
         <size>0x10d</size>
         <input_file_ref idref="fl-40"/>
      </object_component>
      <object_component id="oc-140">
         <name>.debug_info</name>
         <load_address>0x59cf4</load_address>
         <run_address>0x59cf4</run_address>
         <size>0x10d</size>
         <input_file_ref idref="fl-41"/>
      </object_component>
      <object_component id="oc-145">
         <name>.debug_info</name>
         <load_address>0x59e01</load_address>
         <run_address>0x59e01</run_address>
         <size>0x10d</size>
         <input_file_ref idref="fl-42"/>
      </object_component>
      <object_component id="oc-14a">
         <name>.debug_info</name>
         <load_address>0x59f0e</load_address>
         <run_address>0x59f0e</run_address>
         <size>0x119</size>
         <input_file_ref idref="fl-43"/>
      </object_component>
      <object_component id="oc-14f">
         <name>.debug_info</name>
         <load_address>0x5a027</load_address>
         <run_address>0x5a027</run_address>
         <size>0x119</size>
         <input_file_ref idref="fl-44"/>
      </object_component>
      <object_component id="oc-154">
         <name>.debug_info</name>
         <load_address>0x5a140</load_address>
         <run_address>0x5a140</run_address>
         <size>0x11c</size>
         <input_file_ref idref="fl-45"/>
      </object_component>
      <object_component id="oc-159">
         <name>.debug_info</name>
         <load_address>0x5a25c</load_address>
         <run_address>0x5a25c</run_address>
         <size>0x119</size>
         <input_file_ref idref="fl-46"/>
      </object_component>
      <object_component id="oc-15e">
         <name>.debug_info</name>
         <load_address>0x5a375</load_address>
         <run_address>0x5a375</run_address>
         <size>0x13a</size>
         <input_file_ref idref="fl-47"/>
      </object_component>
      <object_component id="oc-163">
         <name>.debug_info</name>
         <load_address>0x5a4af</load_address>
         <run_address>0x5a4af</run_address>
         <size>0x117</size>
         <input_file_ref idref="fl-48"/>
      </object_component>
      <object_component id="oc-168">
         <name>.debug_info</name>
         <load_address>0x5a5c6</load_address>
         <run_address>0x5a5c6</run_address>
         <size>0x19e</size>
         <input_file_ref idref="fl-49"/>
      </object_component>
      <object_component id="oc-16d">
         <name>.debug_info</name>
         <load_address>0x5a764</load_address>
         <run_address>0x5a764</run_address>
         <size>0x117</size>
         <input_file_ref idref="fl-4a"/>
      </object_component>
      <object_component id="oc-172">
         <name>.debug_info</name>
         <load_address>0x5a87b</load_address>
         <run_address>0x5a87b</run_address>
         <size>0x16f</size>
         <input_file_ref idref="fl-4b"/>
      </object_component>
      <object_component id="oc-177">
         <name>.debug_info</name>
         <load_address>0x5a9ea</load_address>
         <run_address>0x5a9ea</run_address>
         <size>0x147</size>
         <input_file_ref idref="fl-4c"/>
      </object_component>
      <object_component id="oc-17c">
         <name>.debug_info</name>
         <load_address>0x5ab31</load_address>
[...]
         <value>0x3f0c7c</value>
         <object_component_ref idref="oc-233"/>
      </symbol>
      <symbol id="sm-94d">
         <name>_scia_rx_avail</name>
         <value>0x3f8f41</value>
         <object_component_ref idref="oc-ec"/>
      </symbol>
      <symbol id="sm-94e">
         <name>_scia_cmd_mode</name>
         <value>0x3f8f43</value>
         <object_component_ref idref="oc-ec"/>
      </symbol>
      <symbol id="sm-94f">
         <name>_scia_tx_head</name>
         <value>0x3f8f46</value>
         <object_component_ref idref="oc-ec"/>
      </symbol>
      <symbol id="sm-950">
         <name>_sciaTxFifoIsr</name>
         <value>0x882d</value>
         <object_component_ref idref="oc-ed"/>
      </symbol>
      <symbol id="sm-951">
         <name>_scia_putwordarray</name>
         <value>0x3f0b4b</value>
         <object_component_ref idref="oc-233"/>
      </symbol>
      <symbol id="sm-952">
         <name>_scia_puts</name>
         <value>0x3f0bcf</value>
         <object_component_ref idref="oc-233"/>
      </symbol>
      <symbol id="sm-953">
         <name>_scia_rx_head</name>
         <value>0x3f8f42</value>
         <object_component_ref idref="oc-ec"/>
      </symbol>
      <symbol id="sm-954">
         <name>_scia_putchar</name>
         <value>0x3f0bf6</value>
         <object_component_ref idref="oc-233"/>
      </symbol>
      <symbol id="sm-955">
         <name>_scia_rx_getavail</name>
         <value>0x3f0b47</value>
         <object_component_ref idref="oc-233"/>
      </symbol>
      <symbol id="sm-956">
         <name>_scia_reset</name>
         <value>0x3f0989</value>
         <object_component_ref idref="oc-233"/>
      </symbol>
      <symbol id="sm-979">
         <name>_xpi_adcdataread</name>
         <value>0x3f1cc1</value>
         <object_component_ref idref="oc-229"/>
      </symbol>
      <symbol id="sm-97a">
         <name>_spi_init</name>
         <value>0x3f1d2b</value>
         <object_component_ref idref="oc-229"/>
      </symbol>
      <symbol id="sm-97b">
         <name>_xpi_xmit2</name>
         <value>0x3f1c94</value>
         <object_component_ref idref="oc-229"/>
      </symbol>
      <symbol id="sm-97c">
         <name>_spi_recv</name>
         <value>0x3f1d23</value>
         <object_component_ref idref="oc-229"/>
      </symbol>
      <symbol id="sm-97d">
         <name>_spi_xmit</name>
         <value>0x3f1d1a</value>
         <object_component_ref idref="oc-229"/>
      </symbol>
      <symbol id="sm-98f">
         <name>_sys_init</name>
         <value>0x3f1ae0</value>
         <object_component_ref idref="oc-235"/>
      </symbol>
      <symbol id="sm-990">
         <name>_flash_init</name>
         <value>0x88b9</value>
         <object_component_ref idref="oc-23a"/>
      </symbol>
      <symbol id="sm-991">
         <name>_xintf_init</name>
         <value>0x3f1a4d</value>
         <object_component_ref idref="oc-235"/>
      </symbol>
      <symbol id="sm-998">
         <name>_Flash2812_Erase</name>
         <value>0x8170</value>
         <object_component_ref idref="oc-fc"/>
      </symbol>
      <symbol id="sm-9d9">
         <name>_Fl2812_EraseSector</name>
         <value>0x838a</value>
         <object_component_ref idref="oc-fe"/>
      </symbol>
      <symbol id="sm-a0d">
         <name>_Flash_CallbackPtr</name>
         <value>0x3f99fc</value>
         <object_component_ref idref="oc-100"/>
      </symbol>
      <symbol id="sm-a0f">
         <name>_Flash_CPUScaleFactor</name>
         <value>0x3f99fe</value>
         <object_component_ref idref="oc-100"/>
      </symbol>
      <symbol id="sm-a13">
         <name>_Fl2812_Init</name>
         <value>0x8443</value>
         <object_component_ref idref="oc-101"/>
      </symbol>
      <symbol id="sm-a26">
         <name>_Fl28x_WatchDogDisable</name>
         <value>0x8479</value>
         <object_component_ref idref="oc-101"/>
      </symbol>
      <symbol id="sm-a2c">
         <name>_Fl28x_DisableNMI</name>
         <value>0x8481</value>
         <object_component_ref idref="oc-101"/>
      </symbol>
      <symbol id="sm-a38">
         <name>_Fl28x_LeaveCmdMode</name>
         <value>0x8201</value>
         <object_component_ref idref="oc-102"/>
      </symbol>
      <symbol id="sm-a3e">
         <name>_Fl28x_EnterCmdMode</name>
         <value>0x820e</value>
         <object_component_ref idref="oc-102"/>
      </symbol>
      <symbol id="sm-a47">
         <name>_Fl28x_FlashRegSleep</name>
         <value>0x823c</value>
         <object_component_ref idref="oc-102"/>
      </symbol>
      <symbol id="sm-a4d">
         <name>_Fl28x_OpenPulse</name>
         <value>0x825b</value>
         <object_component_ref idref="oc-102"/>
      </symbol>
      <symbol id="sm-a57">
         <name>_Fl28x_ClosePulse</name>
         <value>0x826c</value>
         <object_component_ref idref="oc-102"/>
      </symbol>
      <symbol id="sm-a5d">
         <name>_Fl28x_MaskAll</name>
         <value>0x8283</value>
         <object_component_ref idref="oc-102"/>
      </symbol>
      <symbol id="sm-a67">
         <name>_Flash2812_Program</name>
         <value>0x8032</value>
         <object_component_ref idref="oc-103"/>
      </symbol>
      <symbol id="sm-a9e">
         <name>_Fl28x_ProgVerify</name>
         <value>0x828e</value>
         <object_component_ref idref="oc-104"/>
      </symbol>
      <symbol id="sm-ab4">
         <name>_Fl28x_ProgPulse</name>
         <value>0x82cb</value>
         <object_component_ref idref="oc-104"/>
      </symbol>
      <symbol id="sm-ad0">
         <name>_Flash2812_Verify</name>
         <value>0x8509</value>
         <object_component_ref idref="oc-105"/>
      </symbol>
      <symbol id="sm-af2">
         <name>_Fl2812_ClearSector</name>
         <value>0x84ce</value>
         <object_component_ref idref="oc-106"/>
      </symbol>
      <symbol id="sm-b10">
         <name>_Fl2812_CompactSector</name>
         <value>0x83ea</value>
         <object_component_ref idref="oc-107"/>
      </symbol>
      <symbol id="sm-b49">
         <name>_Fl28x_Delay</name>
         <value>0x853d</value>
         <object_component_ref idref="oc-108"/>
      </symbol>
      <symbol id="sm-b53">
         <name>_Fl28x_DisableInt</name>
         <value>0x854a</value>
         <object_component_ref idref="oc-109"/>
      </symbol>
      <symbol id="sm-b54">
         <name>_Fl28x_RestoreInt</name>
         <value>0x854e</value>
         <object_component_ref idref="oc-109"/>
      </symbol>
      <symbol id="sm-b57">
         <name>_Fl28x_EraseVerify</name>
         <value>0x80d6</value>
         <object_component_ref idref="oc-10a"/>
      </symbol>
      <symbol id="sm-b6d">
         <name>_Fl28x_ErasePulse</name>
         <value>0x811e</value>
         <object_component_ref idref="oc-10a"/>
      </symbol>
      <symbol id="sm-b8b">
         <name>_Fl28x_ClearLoop</name>
         <value>0x848a</value>
         <object_component_ref idref="oc-10b"/>
      </symbol>
      <symbol id="sm-bb4">
         <name>_Fl28x_CompactVerify</name>
         <value>0x830d</value>
         <object_component_ref idref="oc-10c"/>
      </symbol>
      <symbol id="sm-bca">
         <name>_Fl28x_CompactPulse</name>
         <value>0x8347</value>
         <object_component_ref idref="oc-10c"/>
      </symbol>
      <symbol id="sm-bf8">
         <name>_atoi</name>
         <value>0x3f229c</value>
         <object_component_ref idref="oc-244"/>
      </symbol>
      <symbol id="sm-c0d">
         <name>_atol</name>
         <value>0x3f2203</value>
         <object_component_ref idref="oc-246"/>
      </symbol>
      <symbol id="sm-c28">
         <name>_c_int00</name>
         <value>0x3f2169</value>
         <object_component_ref idref="oc-35"/>
      </symbol>
      <symbol id="sm-c29">
         <name>__stack</name>
         <value>0x0</value>
         <object_component_ref idref="oc-117"/>
      </symbol>
      <symbol id="sm-c3f">
         <name>_copy_in</name>
         <value>0x3f21bd</value>
         <object_component_ref idref="oc-224"/>
      </symbol>
      <symbol id="sm-c4e">
         <name>_ppcopy</name>
         <value>0x3f2591</value>
         <object_component_ref idref="oc-122"/>
      </symbol>
      <symbol id="sm-c4f">
         <name>_dpcopy</name>
         <value>0x3f2591</value>
         <object_component_ref idref="oc-122"/>
      </symbol>
      <symbol id="sm-c50">
         <name>_pdcopy</name>
         <value>0x3f2591</value>
         <object_component_ref idref="oc-122"/>
      </symbol>
      <symbol id="sm-c51">
         <name>_ddcopy</name>
         <value>0x3f2591</value>
         <object_component_ref idref="oc-122"/>
      </symbol>
      <symbol id="sm-c5a">
         <name>__ctypes_</name>
         <value>0x3dde75</value>
         <object_component_ref idref="oc-241"/>
      </symbol>
      <symbol id="sm-c6f">
         <name>C$$EXIT</name>
         <value>0x3f237a</value>
         <object_component_ref idref="oc-227"/>
      </symbol>
      <symbol id="sm-c70">
         <name>_exit</name>
         <value>0x3f237c</value>
         <object_component_ref idref="oc-227"/>
      </symbol>
      <symbol id="sm-c71">
         <name>___TI_cleanup_ptr</name>
         <value>0x3f9aa6</value>
         <object_component_ref idref="oc-12b"/>
      </symbol>
      <symbol id="sm-c72">
         <name>___TI_enable_exit_profile_output</name>
         <value>0x3f9aa4</value>
         <object_component_ref idref="oc-12b"/>
      </symbol>
      <symbol id="sm-c73">
         <name>_abort</name>
         <value>0x3f237a</value>
         <object_component_ref idref="oc-227"/>
      </symbol>
      <symbol id="sm-c74">
         <name>___TI_dtors_ptr</name>
         <value>0x3f9aa8</value>
         <object_component_ref idref="oc-12b"/>
      </symbol>
      <symbol id="sm-c8e">
         <name>FS$$ADD</name>
         <value>0x3f1fe4</value>
         <object_component_ref idref="oc-130"/>
      </symbol>
      <symbol id="sm-c8f">
         <name>FS$$SUB</name>
         <value>0x3f1fdf</value>
         <object_component_ref idref="oc-130"/>
      </symbol>
      <symbol id="sm-ca1">
         <name>FS$$CMP</name>
         <value>0x3f2610</value>
         <object_component_ref idref="oc-135"/>
      </symbol>
      <symbol id="sm-cb2">
         <name>FS$$DIV</name>
         <value>0x3f1ee2</value>
         <object_component_ref idref="oc-13a"/>
      </symbol>
      <symbol id="sm-cc3">
         <name>FS$$MPY</name>
         <value>0x3f210f</value>
         <object_component_ref idref="oc-13f"/>
      </symbol>
      <symbol id="sm-cd0">
         <name>FS$$NEG</name>
         <value>0x3f26c1</value>
         <object_component_ref idref="oc-144"/>
      </symbol>
      <symbol id="sm-ce1">
         <name>FS$$TOI</name>
         <value>0x3f23f4</value>
         <object_component_ref idref="oc-149"/>
      </symbol>
      <symbol id="sm-cf4">
         <name>FS$$TOL</name>
         <value>0x3f23a3</value>
         <object_component_ref idref="oc-14e"/>
      </symbol>
      <symbol id="sm-d06">
         <name>FS$$TOLL</name>
         <value>0x3f2419</value>
         <object_component_ref idref="oc-153"/>
      </symbol>
      <symbol id="sm-d17">
         <name>FS$$TOU</name>
         <value>0x3f2502</value>
         <object_component_ref idref="oc-158"/>
      </symbol>
      <symbol id="sm-d25">
         <name>I$$MOD</name>
         <value>0x3f2471</value>
         <object_component_ref idref="oc-15d"/>
      </symbol>
      <symbol id="sm-d26">
         <name>I$$DIV</name>
         <value>0x3f2460</value>
         <object_component_ref idref="oc-15d"/>
      </symbol>
      <symbol id="sm-d35">
         <name>I$$TOFS</name>
         <value>0x3f25ab</value>
         <object_component_ref idref="oc-162"/>
      </symbol>
      <symbol id="sm-d41">
         <name>UL$$MOD</name>
         <value>0x3f2374</value>
         <object_component_ref idref="oc-167"/>
      </symbol>
      <symbol id="sm-d42">
         <name>L$$MOD</name>
         <value>0x3f235f</value>
         <object_component_ref idref="oc-167"/>
      </symbol>
      <symbol id="sm-d43">
         <name>L$$DIV</name>
         <value>0x3f2350</value>
         <object_component_ref idref="oc-167"/>
      </symbol>
      <symbol id="sm-d44">
         <name>UL$$DIV</name>
         <value>0x3f236d</value>
         <object_component_ref idref="oc-167"/>
      </symbol>
      <symbol id="sm-d53">
         <name>L$$TOFS</name>
         <value>0x3f25c5</value>
         <object_component_ref idref="oc-16c"/>
      </symbol>
      <symbol id="sm-d5f">
         <name>LL$$AND</name>
         <value>0x3f25f8</value>
         <object_component_ref idref="oc-171"/>
      </symbol>
      <symbol id="sm-d60">
         <name>LL$$OR</name>
         <value>0x3f2600</value>
         <object_component_ref idref="oc-171"/>
      </symbol>
      <symbol id="sm-d61">
         <name>LL$$XOR</name>
         <value>0x3f2608</value>
         <object_component_ref idref="oc-171"/>
      </symbol>
      <symbol id="sm-d6f">
         <name>ULL$$CMP</name>
         <value>0x3f24f6</value>
         <object_component_ref idref="oc-176"/>
      </symbol>
      <symbol id="sm-d70">
         <name>LL$$CMP</name>
         <value>0x3f24e4</value>
         <object_component_ref idref="oc-176"/>
      </symbol>
      <symbol id="sm-d9c">
         <name>ULL$$MOD</name>
         <value>0x3f19eb</value>
         <object_component_ref idref="oc-17b"/>
      </symbol>
      <symbol id="sm-d9d">
         <name>ULL$$DIV</name>
         <value>0x3f19bc</value>
         <object_component_ref idref="oc-17b"/>
      </symbol>
      <symbol id="sm-d9e">
         <name>LL$$MOD</name>
         <value>0x3f1982</value>
         <object_component_ref idref="oc-17b"/>
      </symbol>
      <symbol id="sm-d9f">
         <name>LL$$DIV</name>
         <value>0x3f1946</value>
         <object_component_ref idref="oc-17b"/>
      </symbol>
      <symbol id="sm-dae">
         <name>LL$$TOFS</name>
         <value>0x3f2482</value>
         <object_component_ref idref="oc-180"/>
      </symbol>
      <symbol id="sm-dbe">
         <name>_memcmp</name>
         <value>0x3f2627</value>
         <object_component_ref idref="oc-24c"/>
      </symbol>
      <symbol id="sm-dd0">
         <name>_memcpy</name>
         <value>0x3f253c</value>
         <object_component_ref idref="oc-239"/>
      </symbol>
      <symbol id="sm-ddd">
         <name>__system_pre_init</name>
         <value>0x3f26d0</value>
         <object_component_ref idref="oc-223"/>
      </symbol>
      <symbol id="sm-dec">
         <name>_sprintf</name>
         <value>0x3f226a</value>
         <object_component_ref idref="oc-232"/>
      </symbol>
      <symbol id="sm-df9">
         <name>__system_post_cinit</name>
         <value>0x3f26d2</value>
         <object_component_ref idref="oc-225"/>
      </symbol>
      <symbol id="sm-e07">
         <name>_strlen</name>
         <value>0x3f26b9</value>
         <object_component_ref idref="oc-243"/>
      </symbol>
      <symbol id="sm-e3d">
         <name>_strtod</name>
         <value>0x3f16f7</value>
         <object_component_ref idref="oc-245"/>
      </symbol>
      <symbol id="sm-e3e">
         <name>_strtof</name>
         <value>0x3f16f7</value>
         <object_component_ref idref="oc-245"/>
      </symbol>
      <symbol id="sm-e4c">
         <name>U$$TOFS</name>
         <value>0x3f265d</value>
         <object_component_ref idref="oc-1a8"/>
      </symbol>
      <symbol id="sm-e61">
         <name>__unlock</name>
         <value>0x3f9ab8</value>
         <object_component_ref idref="oc-250"/>
      </symbol>
      <symbol id="sm-e62">
         <name>__lock</name>
         <value>0x3f9ab6</value>
         <object_component_ref idref="oc-22f"/>
      </symbol>
      <symbol id="sm-e63">
         <name>__register_lock</name>
         <value>0x3f26a3</value>
         <object_component_ref idref="oc-247"/>
      </symbol>
      <symbol id="sm-e64">
         <name>__nop</name>
         <value>0x3f26a7</value>
         <object_component_ref idref="oc-247"/>
      </symbol>
      <symbol id="sm-e65">
         <name>__register_unlock</name>
         <value>0x3f269f</value>
         <object_component_ref idref="oc-247"/>
      </symbol>
      <symbol id="sm-f97">
         <name>___TI_printfi</name>
         <value>0x3f0046</value>
         <object_component_ref idref="oc-249"/>
      </symbol>
      <symbol id="sm-fa7">
         <name>__args_main</name>
         <value>0x3f25df</value>
         <object_component_ref idref="oc-226"/>
      </symbol>
      <symbol id="sm-fb2">
         <name>_errno</name>
         <value>0x3f9ab5</value>
         <object_component_ref idref="oc-1c0"/>
      </symbol>
      <symbol id="sm-fc2">
         <name>FD$$CMP</name>
         <value>0x3f2326</value>
         <object_component_ref idref="oc-1c2"/>
      </symbol>
      <symbol id="sm-fd9">
         <name>FD$$DIV</name>
         <value>0x3f1dd4</value>
         <object_component_ref idref="oc-1c7"/>
      </symbol>
      <symbol id="sm-feb">
         <name>FD$$MPY</name>
         <value>0x3f1e5f</value>
         <object_component_ref idref="oc-1cc"/>
      </symbol>
      <symbol id="sm-ff8">
         <name>FD$$NEG</name>
         <value>0x3f26a8</value>
         <object_component_ref idref="oc-1d1"/>
      </symbol>
      <symbol id="sm-1004">
         <name>FD$$SUB</name>
         <value>0x3f266d</value>
         <object_component_ref idref="oc-1d6"/>
      </symbol>
      <symbol id="sm-1013">
         <name>FD$$TOI</name>
         <value>0x3f24a4</value>
         <object_component_ref idref="oc-1db"/>
      </symbol>
      <symbol id="sm-1022">
         <name>FD$$TOL</name>
         <value>0x3f24c5</value>
         <object_component_ref idref="oc-1e0"/>
      </symbol>
      <symbol id="sm-1032">
         <name>FS$$TOFD</name>
         <value>0x3f2559</value>
         <object_component_ref idref="oc-1e5"/>
      </symbol>
      <symbol id="sm-1042">
         <name>I$$TOFD</name>
         <value>0x3f251f</value>
         <object_component_ref idref="oc-1ea"/>
      </symbol>
      <symbol id="sm-1052">
         <name>L$$TOFD</name>
         <value>0x3f2575</value>
         <object_component_ref idref="oc-1ef"/>
      </symbol>
      <symbol id="sm-1061">
         <name>_ltoa</name>
         <value>0x3f22cd</value>
         <object_component_ref idref="oc-251"/>
      </symbol>
      <symbol id="sm-1071">
         <name>_memccpy</name>
         <value>0x3f267b</value>
         <object_component_ref idref="oc-257"/>
      </symbol>
      <symbol id="sm-1080">
         <name>_memset</name>
         <value>0x3f2688</value>
         <object_component_ref idref="oc-255"/>
      </symbol>
      <symbol id="sm-1094">
         <name>_frexpl</name>
         <value>0x3f20b3</value>
         <object_component_ref idref="oc-252"/>
      </symbol>
      <symbol id="sm-10b2">
         <name>_scalbnl</name>
         <value>0x3f1b31</value>
         <object_component_ref idref="oc-253"/>
      </symbol>
      <symbol id="sm-10b3">
         <name>_ldexpl</name>
         <value>0x3f1b31</value>
         <object_component_ref idref="oc-253"/>
      </symbol>
      <symbol id="sm-10c3">
         <name>_strchr</name>
         <value>0x3f2694</value>
         <object_component_ref idref="oc-254"/>
      </symbol>
      <symbol id="sm-10d1">
         <name>_strcpy</name>
         <value>0x3f26c6</value>
         <object_component_ref idref="oc-256"/>
      </symbol>
      <symbol id="sm-10ec">
         <name>FD$$ADD</name>
         <value>0x3f1d38</value>
         <object_component_ref idref="oc-219"/>
      </symbol>
      <symbol id="sm-10fa">
         <name>_copysignl</name>
         <value>0x3f243d</value>
         <object_component_ref idref="oc-258"/>
      </symbol>
   </symbol_table>
   <title>Link successful</title>
</link_info>
